Archive member included to satisfy reference by file (symbol)

/Volumes/Data/Olivier/Code/Stm32 toolchain/gcc-arm-none-eabi-5_2-2015q4/bin/../lib/gcc/arm-none-eabi/5.2.1/../../../../arm-none-eabi/lib/armv7e-m/libg_nano.a(lib_a-errno.o)
                              ./system/src/newlib/_sbrk.o (__errno)
/Volumes/Data/Olivier/Code/Stm32 toolchain/gcc-arm-none-eabi-5_2-2015q4/bin/../lib/gcc/arm-none-eabi/5.2.1/../../../../arm-none-eabi/lib/armv7e-m/libg_nano.a(lib_a-impure.o)
                              /Volumes/Data/Olivier/Code/Stm32 toolchain/gcc-arm-none-eabi-5_2-2015q4/bin/../lib/gcc/arm-none-eabi/5.2.1/../../../../arm-none-eabi/lib/armv7e-m/libg_nano.a(lib_a-errno.o) (_impure_ptr)

Allocating common symbols
Common symbol       size              file

errno               0x4               ./system/src/newlib/_syscalls.o
uwTick              0x4               ./system/src/stm32f4-hal/stm32f4xx_hal.o
pFlash              0x20              ./system/src/stm32f4-hal/stm32f4xx_hal_flash.o

Discarded input sections

 .group         0x0000000000000000        0x8 ./system/src/stm32f4-hal/stm32f4xx_hal.o
 .group         0x0000000000000000        0x8 ./system/src/stm32f4-hal/stm32f4xx_hal.o
 .group         0x0000000000000000        0x8 ./system/src/stm32f4-hal/stm32f4xx_hal.o
 .group         0x0000000000000000        0x8 ./system/src/stm32f4-hal/stm32f4xx_hal.o
 .group         0x0000000000000000        0x8 ./system/src/stm32f4-hal/stm32f4xx_hal.o
 .group         0x0000000000000000        0x8 ./system/src/stm32f4-hal/stm32f4xx_hal.o
 .group         0x0000000000000000        0x8 ./system/src/stm32f4-hal/stm32f4xx_hal.o
 .group         0x0000000000000000        0x8 ./system/src/stm32f4-hal/stm32f4xx_hal.o
 .group         0x0000000000000000        0x8 ./system/src/stm32f4-hal/stm32f4xx_hal.o
 .group         0x0000000000000000        0x8 ./system/src/stm32f4-hal/stm32f4xx_hal.o
 .group         0x0000000000000000        0x8 ./system/src/stm32f4-hal/stm32f4xx_hal.o
 .group         0x0000000000000000        0x8 ./system/src/stm32f4-hal/stm32f4xx_hal.o
 .group         0x0000000000000000        0x8 ./system/src/stm32f4-hal/stm32f4xx_hal.o
 .group         0x0000000000000000        0x8 ./system/src/stm32f4-hal/stm32f4xx_hal.o
 .group         0x0000000000000000        0x8 ./system/src/stm32f4-hal/stm32f4xx_hal.o
 .group         0x0000000000000000        0x8 ./system/src/stm32f4-hal/stm32f4xx_hal.o
 .group         0x0000000000000000        0x8 ./system/src/stm32f4-hal/stm32f4xx_hal.o
 .group         0x0000000000000000        0x8 ./system/src/stm32f4-hal/stm32f4xx_hal.o
 .group         0x0000000000000000        0x8 ./system/src/stm32f4-hal/stm32f4xx_hal.o
 .group         0x0000000000000000        0x8 ./system/src/stm32f4-hal/stm32f4xx_hal.o
 .group         0x0000000000000000        0x8 ./system/src/stm32f4-hal/stm32f4xx_hal.o
 .group         0x0000000000000000        0x8 ./system/src/stm32f4-hal/stm32f4xx_hal.o
 .group         0x0000000000000000        0x8 ./system/src/stm32f4-hal/stm32f4xx_hal.o
 .group         0x0000000000000000        0x8 ./system/src/stm32f4-hal/stm32f4xx_hal.o
 .group         0x0000000000000000        0x8 ./system/src/stm32f4-hal/stm32f4xx_hal.o
 .group         0x0000000000000000        0x8 ./system/src/stm32f4-hal/stm32f4xx_hal.o
 .group         0x0000000000000000        0x8 ./system/src/stm32f4-hal/stm32f4xx_hal.o
 .group         0x0000000000000000        0x8 ./system/src/stm32f4-hal/stm32f4xx_hal.o
 .group         0x0000000000000000        0x8 ./system/src/stm32f4-hal/stm32f4xx_hal.o
 .group         0x0000000000000000        0x8 ./system/src/stm32f4-hal/stm32f4xx_hal.o
 .group         0x0000000000000000        0x8 ./system/src/stm32f4-hal/stm32f4xx_hal.o
 .group         0x0000000000000000        0x8 ./system/src/stm32f4-hal/stm32f4xx_hal.o
 .group         0x0000000000000000        0x8 ./system/src/stm32f4-hal/stm32f4xx_hal.o
 .group         0x0000000000000000        0x8 ./system/src/stm32f4-hal/stm32f4xx_hal.o
 .group         0x0000000000000000        0x8 ./system/src/stm32f4-hal/stm32f4xx_hal.o
 .group         0x0000000000000000        0x8 ./system/src/stm32f4-hal/stm32f4xx_hal.o
 .group         0x0000000000000000        0x8 ./system/src/stm32f4-hal/stm32f4xx_hal.o
 .group         0x0000000000000000        0x8 ./system/src/stm32f4-hal/stm32f4xx_hal.o
 .group         0x0000000000000000        0x8 ./system/src/stm32f4-hal/stm32f4xx_hal.o
 .group         0x0000000000000000        0x8 ./system/src/stm32f4-hal/stm32f4xx_hal.o
 .group         0x0000000000000000        0x8 ./system/src/stm32f4-hal/stm32f4xx_hal.o
 .group         0x0000000000000000        0x8 ./system/src/stm32f4-hal/stm32f4xx_hal.o
 .group         0x0000000000000000        0x8 ./system/src/stm32f4-hal/stm32f4xx_hal.o
 .group         0x0000000000000000        0x8 ./system/src/stm32f4-hal/stm32f4xx_hal.o
 .group         0x0000000000000000        0x8 ./system/src/stm32f4-hal/stm32f4xx_hal.o
[...]
Memory Configuration

Name             Origin             Length             Attributes
RAM              0x0000000020000000 0x0000000000020000 xrw
CCMRAM           0x0000000010000000 0x0000000000010000 xrw
FLASH            0x0000000008000000 0x0000000000080000 xr
FLASHB1          0x0000000000000000 0x0000000000000000 xr
EXTMEMB0         0x0000000000000000 0x0000000000000000 xr
EXTMEMB1         0x0000000000000000 0x0000000000000000 xr
EXTMEMB2         0x0000000000000000 0x0000000000000000 xr
EXTMEMB3         0x0000000000000000 0x0000000000000000 xr
MEMORY_ARRAY     0x0000000020002000 0x0000000000000020 xrw
*default*        0x0000000000000000 0xffffffffffffffff

Linker script and memory map

LOAD ./system/src/stm32f4-hal/stm32f4xx_hal.o
LOAD ./system/src/stm32f4-hal/stm32f4xx_hal_cortex.o
LOAD ./system/src/stm32f4-hal/stm32f4xx_hal_flash.o
LOAD ./system/src/stm32f4-hal/stm32f4xx_hal_gpio.o
LOAD ./system/src/stm32f4-hal/stm32f4xx_hal_iwdg.o
LOAD ./system/src/stm32f4-hal/stm32f4xx_hal_pwr.o
LOAD ./system/src/stm32f4-hal/stm32f4xx_hal_rcc.o
LOAD ./system/src/newlib/_cxx.o
LOAD ./system/src/newlib/_exit.o
LOAD ./system/src/newlib/_sbrk.o
LOAD ./system/src/newlib/_startup.o
LOAD ./system/src/newlib/_syscalls.o
LOAD ./system/src/newlib/assert.o
LOAD ./system/src/diag/Trace.o
LOAD ./system/src/diag/trace_impl.o
LOAD ./system/src/cortexm/_initialize_hardware.o
LOAD ./system/src/cortexm/_reset_hardware.o
LOAD ./system/src/cortexm/exception_handlers.o
LOAD ./system/src/cmsis/system_stm32f4xx.o
LOAD ./system/src/cmsis/vectors_stm32f411xe.o
LOAD ./src/main.o
LOAD ./src/stm32f4xx_hal_msp.o
LOAD ./src/stm32f4xx_it.o
LOAD /Volumes/Data/Olivier/Code/Stm32 toolchain/gcc-arm-none-eabi-5_2-2015q4/bin/../lib/gcc/arm-none-eabi/5.2.1/../../../../arm-none-eabi/lib/armv7e-m/libstdc++_nano.a
LOAD /Volumes/Data/Olivier/Code/Stm32 toolchain/gcc-arm-none-eabi-5_2-2015q4/bin/../lib/gcc/arm-none-eabi/5.2.1/../../../../arm-none-eabi/lib/armv7e-m/libm.a
START GROUP
LOAD /Volumes/Data/Olivier/Code/Stm32 toolchain/gcc-arm-none-eabi-5_2-2015q4/bin/../lib/gcc/arm-none-eabi/5.2.1/armv7e-m/libgcc.a
LOAD /Volumes/Data/Olivier/Code/Stm32 toolchain/gcc-arm-none-eabi-5_2-2015q4/bin/../lib/gcc/arm-none-eabi/5.2.1/../../../../arm-none-eabi/lib/armv7e-m/libg_nano.a
LOAD /Volumes/Data/Olivier/Code/Stm32 toolchain/gcc-arm-none-eabi-5_2-2015q4/bin/../lib/gcc/arm-none-eabi/5.2.1/../../../../arm-none-eabi/lib/armv7e-m/libc_nano.a
END GROUP
START GROUP
LOAD /Volumes/Data/Olivier/Code/Stm32 toolchain/gcc-arm-none-eabi-5_2-2015q4/bin/../lib/gcc/arm-none-eabi/5.2.1/armv7e-m/libgcc.a
LOAD /Volumes/Data/Olivier/Code/Stm32 toolchain/gcc-arm-none-eabi-5_2-2015q4/bin/../lib/gcc/arm-none-eabi/5.2.1/../../../../arm-none-eabi/lib/armv7e-m/libc_nano.a
END GROUP
                0x0000000020020000                __stack = (ORIGIN (RAM) + LENGTH (RAM))
                0x0000000020020000                _estack = __stack
                0x0000000000000400                __Main_Stack_Size = 0x400
                [!provide]                        PROVIDE (_Main_Stack_Size, __Main_Stack_Size)
                0x000000002001fc00                __Main_Stack_Limit = (__stack - __Main_Stack_Size)
                [!provide]                        PROVIDE (_Main_Stack_Limit, __Main_Stack_Limit)
                0x0000000000000100                _Minimum_Stack_Size = 0x100
                0x0000000020000024                PROVIDE (_Heap_Begin, _end_noinit)
                0x000000002001fc00                PROVIDE (_Heap_Limit, (__stack - __Main_Stack_Size))

.isr_vector     0x0000000008000000      0x340
 FILL mask 0xff
                0x0000000008000000                __vectors_start = ABSOLUTE (.)
                0x0000000008000000                __vectors_start__ = ABSOLUTE (.)
 *(.isr_vector)
 .isr_vector    0x0000000008000000      0x198 ./system/src/cmsis/vectors_stm32f411xe.o
                0x0000000008000000                __isr_vectors
 *(.cfmconfig)
 *(.after_vectors .after_vectors.*)
 .after_vectors
                0x0000000008000198      0x130 ./system/src/newlib/_startup.o
                0x0000000008000198                _start
 .after_vectors
                0x00000000080002c8       0x74 ./system/src/cortexm/exception_handlers.o
                0x00000000080002c8                Reset_Handler
                0x00000000080002d0                NMI_Handler
                0x00000000080002d4                HardFault_Handler
                0x00000000080002e8                HardFault_Handler_C
                0x00000000080002ec                MemManage_Handler
                0x00000000080002f0                BusFault_Handler
                0x0000000008000304                BusFault_Handler_C
                0x0000000008000308                UsageFault_Handler
                0x000000000800031c                UsageFault_Handler_C
                0x0000000008000320                SVC_Handler
                0x0000000008000324                DebugMon_Handler
                0x0000000008000328                PendSV_Handler
 .after_vectors
                0x000000000800033c        0x4 ./system/src/cmsis/vectors_stm32f411xe.o
                0x000000000800033c                DMA1_Stream3_IRQHandler
                0x000000000800033c                EXTI2_IRQHandler
                0x000000000800033c                SPI4_IRQHandler
                0x000000000800033c                TIM1_CC_IRQHandler
                0x000000000800033c                DMA2_Stream5_IRQHandler
                0x000000000800033c                DMA1_Stream5_IRQHandler
                0x000000000800033c                PVD_IRQHandler
                0x000000000800033c                SDIO_IRQHandler
                0x000000000800033c                TAMP_STAMP_IRQHandler
                0x000000000800033c                EXTI3_IRQHandler
                0x000000000800033c                TIM1_UP_TIM10_IRQHandler
                0x000000000800033c                I2C3_ER_IRQHandler
                0x000000000800033c                EXTI0_IRQHandler
                0x000000000800033c                I2C2_EV_IRQHandler
                0x000000000800033c                DMA1_Stream2_IRQHandler
                0x000000000800033c                FPU_IRQHandler
                0x000000000800033c                DMA2_Stream2_IRQHandler
                0x000000000800033c                SPI1_IRQHandler
                0x000000000800033c                TIM1_BRK_TIM9_IRQHandler
                0x000000000800033c                DMA2_Stream3_IRQHandler
                0x000000000800033c                USART6_IRQHandler
                0x000000000800033c                DMA2_Stream0_IRQHandler
                0x000000000800033c                TIM4_IRQHandler
                0x000000000800033c                I2C1_EV_IRQHandler
                0x000000000800033c                DMA1_Stream6_IRQHandler
                0x000000000800033c                DMA1_Stream1_IRQHandler
                0x000000000800033c                TIM3_IRQHandler
                0x000000000800033c                RCC_IRQHandler
                0x000000000800033c                Default_Handler
                0x000000000800033c                EXTI15_10_IRQHandler
                0x000000000800033c                ADC_IRQHandler
                0x000000000800033c                DMA1_Stream7_IRQHandler
                0x000000000800033c                SPI5_IRQHandler
                0x000000000800033c                TIM5_IRQHandler
                0x000000000800033c                DMA2_Stream7_IRQHandler
                0x000000000800033c                I2C3_EV_IRQHandler
                0x000000000800033c                EXTI9_5_IRQHandler
                0x000000000800033c                RTC_WKUP_IRQHandler
                0x000000000800033c                SPI2_IRQHandler
                0x000000000800033c                DMA1_Stream0_IRQHandler
                0x000000000800033c                EXTI4_IRQHandler
                0x000000000800033c                WWDG_IRQHandler
                0x000000000800033c                TIM2_IRQHandler
                0x000000000800033c                OTG_FS_WKUP_IRQHandler
                0x000000000800033c                TIM1_TRG_COM_TIM11_IRQHandler
                0x000000000800033c                EXTI1_IRQHandler
                0x000000000800033c                USART2_IRQHandler
                0x000000000800033c                I2C2_ER_IRQHandler
                0x000000000800033c                DMA2_Stream1_IRQHandler
                0x000000000800033c                FLASH_IRQHandler
                0x000000000800033c                DMA2_Stream4_IRQHandler
                0x000000000800033c                USART1_IRQHandler
                0x000000000800033c                OTG_FS_IRQHandler
                0x000000000800033c                SPI3_IRQHandler
                0x000000000800033c                DMA1_Stream4_IRQHandler
                0x000000000800033c                I2C1_ER_IRQHandler
                0x000000000800033c                DMA2_Stream6_IRQHandler
                0x000000000800033c                RTC_Alarm_IRQHandler

.inits          0x0000000008000340       0x28
                0x0000000008000340                __data_regions_array_start = .
                0x0000000008000340        0x4 LONG 0x8001494 LOADADDR (.data)
                0x0000000008000344        0x4 LONG 0x20000000 ADDR (.data)
                0x0000000008000348        0x4 LONG 0x20000014 (ADDR (.data) + SIZEOF (.data))
                0x000000000800034c        0x4 LONG 0x8001494 LOADADDR (.data_CCMRAM)
                0x0000000008000350        0x4 LONG 0x10000000 ADDR (.data_CCMRAM)
                0x0000000008000354        0x4 LONG 0x10000000 (ADDR (.data_CCMRAM) + SIZEOF (.data_CCMRAM))
                0x0000000008000358                __data_regions_array_end = .
                0x0000000008000358                __bss_regions_array_start = .
                0x0000000008000358        0x4 LONG 0x20000014 ADDR (.bss)
                0x000000000800035c        0x4 LONG 0x20000024 (ADDR (.bss) + SIZEOF (.bss))
                0x0000000008000360        0x4 LONG 0x10000000 ADDR (.bss_CCMRAM)
                0x0000000008000364        0x4 LONG 0x10000000 (ADDR (.bss_CCMRAM) + SIZEOF (.bss_CCMRAM))
                0x0000000008000368                __bss_regions_array_end = .
 *(.init)
 *(.fini)
                0x0000000008000368                . = ALIGN (0x4)
                0x0000000008000368                PROVIDE (__preinit_array_start, .)
 *(.preinit_array_sysinit .preinit_array_sysinit.*)
 *(.preinit_array_platform .preinit_array_platform.*)
 *(.preinit_array .preinit_array.*)
                0x0000000008000368                PROVIDE (__preinit_array_end, .)
                0x0000000008000368                . = ALIGN (0x4)
                0x0000000008000368                PROVIDE (__init_array_start, .)
 *(SORT(.init_array.*))
 *(.init_array)
                0x0000000008000368                PROVIDE (__init_array_end, .)
                0x0000000008000368                . = ALIGN (0x4)
                0x0000000008000368                PROVIDE (__fini_array_start, .)
 *(SORT(.fini_array.*))
 *(.fini_array)
                0x0000000008000368                PROVIDE (__fini_array_end, .)

.flashtext
 *(.flashtext .flashtext.*)

.text           0x0000000008000368     0x112c
 *(.text .text.*)
 .text.HAL_InitTick
                0x0000000008000368       0x28 ./system/src/stm32f4-hal/stm32f4xx_hal.o
                0x0000000008000368                HAL_InitTick
 .text.HAL_Init
                0x0000000008000390       0x34 ./system/src/stm32f4-hal/stm32f4xx_hal.o
                0x0000000008000390                HAL_Init
 .text.HAL_IncTick
                0x00000000080003c4       0x10 ./system/src/stm32f4-hal/stm32f4xx_hal.o
                0x00000000080003c4                HAL_IncTick
 .text.HAL_GetTick
                0x00000000080003d4        0xc ./system/src/stm32f4-hal/stm32f4xx_hal.o
                0x00000000080003d4                HAL_GetTick
 .text.HAL_Delay
                0x00000000080003e0       0x1c ./system/src/stm32f4-hal/stm32f4xx_hal.o
                0x00000000080003e0                HAL_Delay
 .text.HAL_NVIC_SetPriorityGrouping
                0x00000000080003fc       0x3c ./system/src/stm32f4-hal/stm32f4xx_hal_cortex.o
                0x00000000080003fc                HAL_NVIC_SetPriorityGrouping
 .text.HAL_NVIC_SetPriority
                0x0000000008000438       0x84 ./system/src/stm32f4-hal/stm32f4xx_hal_cortex.o
                0x0000000008000438                HAL_NVIC_SetPriority
 .text.HAL_SYSTICK_Config
                0x00000000080004bc       0x2c ./system/src/stm32f4-hal/stm32f4xx_hal_cortex.o
                0x00000000080004bc                HAL_SYSTICK_Config
 .text.HAL_SYSTICK_CLKSourceConfig
                0x00000000080004e8       0x38 ./system/src/stm32f4-hal/stm32f4xx_hal_cortex.o
                0x00000000080004e8                HAL_SYSTICK_CLKSourceConfig
 .text.HAL_SYSTICK_Callback
                0x0000000008000520        0x4 ./system/src/stm32f4-hal/stm32f4xx_hal_cortex.o
                0x0000000008000520                HAL_SYSTICK_Callback
 .text.HAL_SYSTICK_IRQHandler
                0x0000000008000524        0x8 ./system/src/stm32f4-hal/stm32f4xx_hal_cortex.o
                0x0000000008000524                HAL_SYSTICK_IRQHandler
 .text.HAL_GPIO_Init
                0x000000000800052c      0x2cc ./system/src/stm32f4-hal/stm32f4xx_hal_gpio.o
                0x000000000800052c                HAL_GPIO_Init
 .text.HAL_GPIO_WritePin
                0x00000000080007f8       0x34 ./system/src/stm32f4-hal/stm32f4xx_hal_gpio.o
                0x00000000080007f8                HAL_GPIO_WritePin
 .text.HAL_GPIO_TogglePin
                0x000000000800082c       0x20 ./system/src/stm32f4-hal/stm32f4xx_hal_gpio.o
                0x000000000800082c                HAL_GPIO_TogglePin
 .text.HAL_RCC_OscConfig
                0x000000000800084c      0x448 ./system/src/stm32f4-hal/stm32f4xx_hal_rcc.o
                0x000000000800084c                HAL_RCC_OscConfig
 .text.HAL_RCC_ClockConfig
                0x0000000008000c94      0x22c ./system/src/stm32f4-hal/stm32f4xx_hal_rcc.o
                0x0000000008000c94                HAL_RCC_ClockConfig
 .text.HAL_RCC_GetSysClockFreq
                0x0000000008000ec0       0xa0 ./system/src/stm32f4-hal/stm32f4xx_hal_rcc.o
                0x0000000008000ec0                HAL_RCC_GetSysClockFreq
 .text.HAL_RCC_GetHCLKFreq
                0x0000000008000f60       0x34 ./system/src/stm32f4-hal/stm32f4xx_hal_rcc.o
                0x0000000008000f60                HAL_RCC_GetHCLKFreq
 .text._exit    0x0000000008000f94        0x4 ./system/src/newlib/_exit.o
                0x0000000008000f94                _exit
 .text.__initialize_args
                0x0000000008000f98       0x10 ./system/src/newlib/_syscalls.o
                0x0000000008000f98                __initialize_args
 .text.__initialize_hardware_early
                0x0000000008000fa8       0x18 ./system/src/cortexm/_initialize_hardware.o
                0x0000000008000fa8                __initialize_hardware_early
 .text.__initialize_hardware
                0x0000000008000fc0        0x8 ./system/src/cortexm/_initialize_hardware.o
                0x0000000008000fc0                __initialize_hardware
 .text.SystemInit
                0x0000000008000fc8       0x40 ./system/src/cmsis/system_stm32f4xx.o
                0x0000000008000fc8                SystemInit
 .text.SystemCoreClockUpdate
                0x0000000008001008       0xa0 ./system/src/cmsis/system_stm32f4xx.o
                0x0000000008001008                SystemCoreClockUpdate
 .text.MX_GPIO_Init
                0x00000000080010a8      0x20c ./src/main.o
 .text.SystemClock_Config
                0x00000000080012b4       0xa4 ./src/main.o
                0x00000000080012b4                SystemClock_Config
 .text.main     0x0000000008001358       0x60 ./src/main.o
                0x0000000008001358                main
 .text.assert_failed
                0x00000000080013b8        0x4 ./src/main.o
                0x00000000080013b8                assert_failed
 .text.HAL_MspInit
                0x00000000080013bc       0x18 ./src/stm32f4xx_hal_msp.o
                0x00000000080013bc                HAL_MspInit
 .text.SysTick_Handler
                0x00000000080013d4        0xc ./src/stm32f4xx_it.o
                0x00000000080013d4                SysTick_Handler
 *(.rodata .rodata.* .constdata .constdata.*)
 .rodata.str1.4
                0x00000000080013e0       0x31 ./system/src/stm32f4-hal/stm32f4xx_hal_cortex.o
 *fill*         0x0000000008001411        0x3 
 .rodata.str1.4
                0x0000000008001414       0x2f ./system/src/stm32f4-hal/stm32f4xx_hal_gpio.o
 *fill*         0x0000000008001443        0x1 
 .rodata.APBAHBPrescTable
                0x0000000008001444       0x10 ./system/src/stm32f4-hal/stm32f4xx_hal_rcc.o
                0x0000000008001444                APBAHBPrescTable
 .rodata.str1.4
                0x0000000008001454       0x30 ./system/src/stm32f4-hal/stm32f4xx_hal_rcc.o
                                         0x2e (size before relaxing)
 .rodata.AHBPrescTable
                0x0000000008001484       0x10 ./system/src/cmsis/system_stm32f4xx.o
                0x0000000008001484                AHBPrescTable
 *(vtable)
 *(.eh_frame*)
 *(.glue_7)
 .glue_7        0x0000000008001494        0x0 linker stubs
 *(.glue_7t)
 .glue_7t       0x0000000008001494        0x0 linker stubs

.vfp11_veneer   0x0000000008001494        0x0
 .vfp11_veneer  0x0000000008001494        0x0 linker stubs

.v4_bx          0x0000000008001494        0x0
 .v4_bx         0x0000000008001494        0x0 linker stubs

.iplt           0x0000000008001494        0x0
 .iplt          0x0000000008001494        0x0 ./system/src/stm32f4-hal/stm32f4xx_hal.o

.rel.dyn        0x0000000008001494        0x0
 .rel.iplt      0x0000000008001494        0x0 ./system/src/stm32f4-hal/stm32f4xx_hal.o

.ARM.extab
 *(.ARM.extab* .gnu.linkonce.armextab.*)
                0x0000000008001494                . = ALIGN (0x4)
                0x0000000008001494                __exidx_start = .

.ARM.exidx
 *(.ARM.exidx* .gnu.linkonce.armexidx.*)
                0x0000000008001494                __exidx_end = .
                0x0000000008001494                . = ALIGN (0x4)
                0x0000000008001494                _etext = .
                0x0000000008001494                __etext = .

.data_CCMRAM    0x0000000010000000        0x0 load address 0x0000000008001494
 FILL mask 0xff
 *(.data.CCMRAM .data.CCMRAM.*)
                0x0000000010000000                . = ALIGN (0x4)
                0x0000000008001494                _sidata = LOADADDR (.data)

.data           0x0000000020000000       0x14 load address 0x0000000008001494
 FILL mask 0xff
                0x0000000020000000                _sdata = .
                0x0000000020000000                __data_start__ = .
 *(.data_begin .data_begin.*)
 .data_begin    0x0000000020000000        0x4 ./system/src/newlib/_startup.o
 *(.data .data.*)
 .data.argv.4231
                0x0000000020000004        0x8 ./system/src/newlib/_syscalls.o
 .data.SystemCoreClock
                0x000000002000000c        0x4 ./system/src/cmsis/system_stm32f4xx.o
                0x000000002000000c                SystemCoreClock
 *(.data_end .data_end.*)
 .data_end      0x0000000020000010        0x4 ./system/src/newlib/_startup.o
                0x0000000020000014                . = ALIGN (0x4)
                0x0000000020000014                _edata = .
                0x0000000020000014                __data_end__ = .

.igot.plt       0x0000000020000014        0x0 load address 0x00000000080014a8
 .igot.plt      0x0000000020000014        0x0 ./system/src/stm32f4-hal/stm32f4xx_hal.o

.bss_CCMRAM     0x0000000010000000        0x0
 *(.bss.CCMRAM .bss.CCMRAM.*)

.bss            0x0000000020000014       0x10
                0x0000000020000014                __bss_start__ = .
                0x0000000020000014                _sbss = .
 *(.bss_begin .bss_begin.*)
 .bss_begin     0x0000000020000014        0x4 ./system/src/newlib/_startup.o
 *(.bss .bss.*)
 .bss.name.4230
                0x0000000020000018        0x1 ./system/src/newlib/_syscalls.o
 *(COMMON)
 *fill*         0x0000000020000019        0x3 
 COMMON         0x000000002000001c        0x4 ./system/src/stm32f4-hal/stm32f4xx_hal.o
                0x000000002000001c                uwTick
 *(.bss_end .bss_end.*)
 .bss_end       0x0000000020000020        0x4 ./system/src/newlib/_startup.o
                0x0000000020000024                . = ALIGN (0x4)
                0x0000000020000024                __bss_end__ = .
                0x0000000020000024                _ebss = .

.noinit_CCMRAM
 *(.noinit.CCMRAM .noinit.CCMRAM.*)

.noinit         0x0000000020000024        0x0
                0x0000000020000024                _noinit = .
 *(.noinit .noinit.*)
                0x0000000020000024                . = ALIGN (0x4)
                0x0000000020000024                _end_noinit = .
                [!provide]                        PROVIDE (end, _end_noinit)
                [!provide]                        PROVIDE (_end, _end_noinit)
                [!provide]                        PROVIDE (__end, _end_noinit)
                [!provide]                        PROVIDE (__end__, _end_noinit)

._check_stack   0x0000000020000024      0x100
                0x0000000020000124                . = (. + _Minimum_Stack_Size)
 *fill*         0x0000000020000024      0x100 

.b1text
 *(.b1text)
 *(.b1rodata)
 *(.b1rodata.*)

.eb0text
 *(.eb0text)
 *(.eb0rodata)
 *(.eb0rodata.*)

.eb1text
 *(.eb1text)
 *(.eb1rodata)
 *(.eb1rodata.*)

.eb2text
 *(.eb2text)
 *(.eb2rodata)
 *(.eb2rodata.*)

.eb3text
 *(.eb3text)
 *(.eb3rodata)
 *(.eb3rodata.*)

.stab
 *(.stab)

.stabstr
 *(.stabstr)

.stab.excl
 *(.stab.excl)

.stab.exclstr
 *(.stab.exclstr)

.stab.index
 *(.stab.index)

.stab.indexstr
 *(.stab.indexstr)

.comment        0x0000000000000000       0x6e
 *(.comment)
 .comment       0x0000000000000000       0x6e ./system/src/stm32f4-hal/stm32f4xx_hal.o
                                         0x6f (size before relaxing)
 .comment       0x000000000000006e       0x6f ./system/src/stm32f4-hal/stm32f4xx_hal_cortex.o
 .comment       0x000000000000006e       0x6f ./system/src/stm32f4-hal/stm32f4xx_hal_gpio.o
 .comment       0x000000000000006e       0x6f ./system/src/stm32f4-hal/stm32f4xx_hal_rcc.o
 .comment       0x000000000000006e       0x6f ./system/src/newlib/_exit.o
 .comment       0x000000000000006e       0x6f ./system/src/newlib/_startup.o
 .comment       0x000000000000006e       0x6f ./system/src/newlib/_syscalls.o
 .comment       0x000000000000006e       0x6f ./system/src/cortexm/_initialize_hardware.o
 .comment       0x000000000000006e       0x6f ./system/src/cortexm/exception_handlers.o
 .comment       0x000000000000006e       0x6f ./system/src/cmsis/system_stm32f4xx.o
 .comment       0x000000000000006e       0x6f ./system/src/cmsis/vectors_stm32f411xe.o
 .comment       0x000000000000006e       0x6f ./src/main.o
 .comment       0x000000000000006e       0x6f ./src/stm32f4xx_hal_msp.o
 .comment       0x000000000000006e       0x6f ./src/stm32f4xx_it.o

.ARM.attributes
                0x0000000000000000       0x33
 .ARM.attributes
                0x0000000000000000       0x33 ./system/src/stm32f4-hal/stm32f4xx_hal.o
 .ARM.attributes
                0x0000000000000033       0x33 ./system/src/stm32f4-hal/stm32f4xx_hal_cortex.o
 .ARM.attributes
                0x0000000000000066       0x33 ./system/src/stm32f4-hal/stm32f4xx_hal_gpio.o
 .ARM.attributes
                0x0000000000000099       0x33 ./system/src/stm32f4-hal/stm32f4xx_hal_rcc.o
 .ARM.attributes
                0x00000000000000cc       0x33 ./system/src/newlib/_exit.o
 .ARM.attributes
                0x00000000000000ff       0x33 ./system/src/newlib/_startup.o
 .ARM.attributes
                0x0000000000000132       0x33 ./system/src/newlib/_syscalls.o
 .ARM.attributes
                0x0000000000000165       0x33 ./system/src/cortexm/_initialize_hardware.o
 .ARM.attributes
                0x0000000000000198       0x33 ./system/src/cortexm/exception_handlers.o
 .ARM.attributes
                0x00000000000001cb       0x33 ./system/src/cmsis/system_stm32f4xx.o
 .ARM.attributes
                0x00000000000001fe       0x33 ./system/src/cmsis/vectors_stm32f411xe.o
 .ARM.attributes
                0x0000000000000231       0x33 ./src/main.o
 .ARM.attributes
                0x0000000000000264       0x33 ./src/stm32f4xx_hal_msp.o
 .ARM.attributes
                0x0000000000000297       0x33 ./src/stm32f4xx_it.o

.debug
 *(.debug)

.line
 *(.line)

.debug_srcinfo
 *(.debug_srcinfo)

.debug_sfnames
 *(.debug_sfnames)

.debug_aranges  0x0000000000000000      0x438
 *(.debug_aranges)
 .debug_aranges
                0x0000000000000000       0xc0 ./system/src/stm32f4-hal/stm32f4xx_hal.o
 .debug_aranges
                0x00000000000000c0       0x98 ./system/src/stm32f4-hal/stm32f4xx_hal_cortex.o
 .debug_aranges
                0x0000000000000158       0x58 ./system/src/stm32f4-hal/stm32f4xx_hal_gpio.o
 .debug_aranges
                0x00000000000001b0       0x88 ./system/src/stm32f4-hal/stm32f4xx_hal_rcc.o
 .debug_aranges
                0x0000000000000238       0x28 ./system/src/newlib/_exit.o
 .debug_aranges
                0x0000000000000260       0x40 ./system/src/newlib/_startup.o
 .debug_aranges
                0x00000000000002a0       0x30 ./system/src/newlib/_syscalls.o
 .debug_aranges
                0x00000000000002d0       0x28 ./system/src/cortexm/_initialize_hardware.o
 .debug_aranges
                0x00000000000002f8       0x80 ./system/src/cortexm/exception_handlers.o
 .debug_aranges
                0x0000000000000378       0x28 ./system/src/cmsis/system_stm32f4xx.o
 .debug_aranges
                0x00000000000003a0       0x20 ./system/src/cmsis/vectors_stm32f411xe.o
 .debug_aranges
                0x00000000000003c0       0x38 ./src/main.o
 .debug_aranges
                0x00000000000003f8       0x20 ./src/stm32f4xx_hal_msp.o
 .debug_aranges
                0x0000000000000418       0x20 ./src/stm32f4xx_it.o

.debug_pubnames
 *(.debug_pubnames)

.debug_info     0x0000000000000000     0x521c
 *(.debug_info .gnu.linkonce.wi.*)
 .debug_info    0x0000000000000000      0x85d ./system/src/stm32f4-hal/stm32f4xx_hal.o
 .debug_info    0x000000000000085d     0x106b ./system/src/stm32f4-hal/stm32f4xx_hal_cortex.o
 .debug_info    0x00000000000018c8      0x86a ./system/src/stm32f4-hal/stm32f4xx_hal_gpio.o
 .debug_info    0x0000000000002132      0xf3d ./system/src/stm32f4-hal/stm32f4xx_hal_rcc.o
 .debug_info    0x000000000000306f       0xee ./system/src/newlib/_exit.o
 .debug_info    0x000000000000315d      0x4ef ./system/src/newlib/_startup.o
 .debug_info    0x000000000000364c      0x1bc ./system/src/newlib/_syscalls.o
 .debug_info    0x0000000000003808      0x2b5 ./system/src/cortexm/_initialize_hardware.o
 .debug_info    0x0000000000003abd      0x2a6 ./system/src/cortexm/exception_handlers.o
 .debug_info    0x0000000000003d63      0x4a5 ./system/src/cmsis/system_stm32f4xx.o
 .debug_info    0x0000000000004208       0xd1 ./system/src/cmsis/vectors_stm32f411xe.o
 .debug_info    0x00000000000042d9      0xbc9 ./src/main.o
 .debug_info    0x0000000000004ea2      0x29a ./src/stm32f4xx_hal_msp.o
 .debug_info    0x000000000000513c       0xe0 ./src/stm32f4xx_it.o

.debug_abbrev   0x0000000000000000     0x149f
 *(.debug_abbrev)
 .debug_abbrev  0x0000000000000000      0x24f ./system/src/stm32f4-hal/stm32f4xx_hal.o
 .debug_abbrev  0x000000000000024f      0x324 ./system/src/stm32f4-hal/stm32f4xx_hal_cortex.o
 .debug_abbrev  0x0000000000000573      0x204 ./system/src/stm32f4-hal/stm32f4xx_hal_gpio.o
 .debug_abbrev  0x0000000000000777      0x2b8 ./system/src/stm32f4-hal/stm32f4xx_hal_rcc.o
 .debug_abbrev  0x0000000000000a2f       0xbd ./system/src/newlib/_exit.o
 .debug_abbrev  0x0000000000000aec      0x1d4 ./system/src/newlib/_startup.o
 .debug_abbrev  0x0000000000000cc0       0xec ./system/src/newlib/_syscalls.o
 .debug_abbrev  0x0000000000000dac       0xea ./system/src/cortexm/_initialize_hardware.o
 .debug_abbrev  0x0000000000000e96      0x12a ./system/src/cortexm/exception_handlers.o
 .debug_abbrev  0x0000000000000fc0      0x104 ./system/src/cmsis/system_stm32f4xx.o
 .debug_abbrev  0x00000000000010c4       0x9d ./system/src/cmsis/vectors_stm32f411xe.o
 .debug_abbrev  0x0000000000001161      0x1e3 ./src/main.o
 .debug_abbrev  0x0000000000001344       0xc2 ./src/stm32f4xx_hal_msp.o
 .debug_abbrev  0x0000000000001406       0x99 ./src/stm32f4xx_it.o

.debug_line     0x0000000000000000     0x51d6
 *(.debug_line)
 .debug_line    0x0000000000000000      0x735 ./system/src/stm32f4-hal/stm32f4xx_hal.o
 .debug_line    0x0000000000000735      0x818 ./system/src/stm32f4-hal/stm32f4xx_hal_cortex.o
 .debug_line    0x0000000000000f4d      0x863 ./system/src/stm32f4-hal/stm32f4xx_hal_gpio.o
 .debug_line    0x00000000000017b0      0x9e7 ./system/src/stm32f4-hal/stm32f4xx_hal_rcc.o
 .debug_line    0x0000000000002197      0x349 ./system/src/newlib/_exit.o
 .debug_line    0x00000000000024e0      0x3c4 ./system/src/newlib/_startup.o
 .debug_line    0x00000000000028a4      0x40e ./system/src/newlib/_syscalls.o
 .debug_line    0x0000000000002cb2      0x5d9 ./system/src/cortexm/_initialize_hardware.o
 .debug_line    0x000000000000328b      0x6a9 ./system/src/cortexm/exception_handlers.o
 .debug_line    0x0000000000003934      0x5d9 ./system/src/cmsis/system_stm32f4xx.o
 .debug_line    0x0000000000003f0d      0x114 ./system/src/cmsis/vectors_stm32f411xe.o
 .debug_line    0x0000000000004021      0x660 ./src/main.o
 .debug_line    0x0000000000004681      0x5a4 ./src/stm32f4xx_hal_msp.o
 .debug_line    0x0000000000004c25      0x5b1 ./src/stm32f4xx_it.o

.debug_frame    0x0000000000000000      0x8a8
 *(.debug_frame)
 .debug_frame   0x0000000000000000      0x188 ./system/src/stm32f4-hal/stm32f4xx_hal.o
 .debug_frame   0x0000000000000188      0x17c ./system/src/stm32f4-hal/stm32f4xx_hal_cortex.o
 .debug_frame   0x0000000000000304       0xf8 ./system/src/stm32f4-hal/stm32f4xx_hal_gpio.o
 .debug_frame   0x00000000000003fc      0x158 ./system/src/stm32f4-hal/stm32f4xx_hal_rcc.o
 .debug_frame   0x0000000000000554       0x38 ./system/src/newlib/_exit.o
 .debug_frame   0x000000000000058c       0x7c ./system/src/newlib/_startup.o
 .debug_frame   0x0000000000000608       0x50 ./system/src/newlib/_syscalls.o
 .debug_frame   0x0000000000000658       0x40 ./system/src/cortexm/_initialize_hardware.o
 .debug_frame   0x0000000000000698       0xe8 ./system/src/cortexm/exception_handlers.o
 .debug_frame   0x0000000000000780       0x30 ./system/src/cmsis/system_stm32f4xx.o
 .debug_frame   0x00000000000007b0       0x20 ./system/src/cmsis/vectors_stm32f411xe.o
 .debug_frame   0x00000000000007d0       0x88 ./src/main.o
 .debug_frame   0x0000000000000858       0x28 ./src/stm32f4xx_hal_msp.o
 .debug_frame   0x0000000000000880       0x28 ./src/stm32f4xx_it.o

.debug_str      0x0000000000000000    0x595d7
 *(.debug_str)
 .debug_str     0x0000000000000000    0x56293 ./system/src/stm32f4-hal/stm32f4xx_hal.o
                                      0x56667 (size before relaxing)
 .debug_str     0x0000000000056293      0x3a8 ./system/src/stm32f4-hal/stm32f4xx_hal_cortex.o
                                      0x564db (size before relaxing)
 .debug_str     0x000000000005663b      0x2dd ./system/src/stm32f4-hal/stm32f4xx_hal_gpio.o
                                      0x56041 (size before relaxing)
 .debug_str     0x0000000000056918      0x394 ./system/src/stm32f4-hal/stm32f4xx_hal_rcc.o
                                      0x561df (size before relaxing)
 .debug_str     0x0000000000056cac     0x1090 ./system/src/newlib/_exit.o
                                       0x69d2 (size before relaxing)
 .debug_str     0x0000000000057d3c      0x2cc ./system/src/newlib/_startup.o
                                       0x59e4 (size before relaxing)
 .debug_str     0x0000000000058008     0x1275 ./system/src/newlib/_syscalls.o
                                       0x6c2b (size before relaxing)
 .debug_str     0x000000000005927d       0x77 ./system/src/cortexm/_initialize_hardware.o
                                      0x55cec (size before relaxing)
 .debug_str     0x00000000000592f4      0x1ce ./system/src/cortexm/exception_handlers.o
                                      0x56d40 (size before relaxing)
 .debug_str     0x00000000000594c2       0x46 ./system/src/cmsis/system_stm32f4xx.o
                                      0x55dd5 (size before relaxing)
 .debug_str     0x0000000000059508       0x59 ./system/src/cmsis/vectors_stm32f411xe.o
                                       0x306b (size before relaxing)
 .debug_str     0x0000000000059561       0x33 ./src/main.o
                                      0x5633d (size before relaxing)
 .debug_str     0x0000000000059594       0x1b ./src/stm32f4xx_hal_msp.o
                                      0x55fc3 (size before relaxing)
 .debug_str     0x00000000000595af       0x28 ./src/stm32f4xx_it.o
                                      0x55c24 (size before relaxing)

.debug_loc      0x0000000000000000     0x154a
 *(.debug_loc)
 .debug_loc     0x0000000000000000       0x92 ./system/src/stm32f4-hal/stm32f4xx_hal.o
 .debug_loc     0x0000000000000092      0x580 ./system/src/stm32f4-hal/stm32f4xx_hal_cortex.o
 .debug_loc     0x0000000000000612      0x4bb ./system/src/stm32f4-hal/stm32f4xx_hal_gpio.o
 .debug_loc     0x0000000000000acd      0x57a ./system/src/stm32f4-hal/stm32f4xx_hal_rcc.o
 .debug_loc     0x0000000000001047      0x36e ./system/src/newlib/_startup.o
 .debug_loc     0x00000000000013b5       0x63 ./system/src/newlib/_syscalls.o
 .debug_loc     0x0000000000001418      0x132 ./system/src/cmsis/system_stm32f4xx.o

.debug_macinfo
 *(.debug_macinfo)

.debug_weaknames
 *(.debug_weaknames)

.debug_funcnames
 *(.debug_funcnames)

.debug_typenames
 *(.debug_typenames)

.debug_varnames
 *(.debug_varnames)
OUTPUT(testLeds.elf elf32-littlearm)

.debug_ranges   0x0000000000000000      0x358
 .debug_ranges  0x0000000000000000       0xb0 ./system/src/stm32f4-hal/stm32f4xx_hal.o
 .debug_ranges  0x00000000000000b0       0x88 ./system/src/stm32f4-hal/stm32f4xx_hal_cortex.o
 .debug_ranges  0x0000000000000138       0x48 ./system/src/stm32f4-hal/stm32f4xx_hal_gpio.o
 .debug_ranges  0x0000000000000180       0x78 ./system/src/stm32f4-hal/stm32f4xx_hal_rcc.o
 .debug_ranges  0x00000000000001f8       0x18 ./system/src/newlib/_exit.o
 .debug_ranges  0x0000000000000210       0x30 ./system/src/newlib/_startup.o
 .debug_ranges  0x0000000000000240       0x20 ./system/src/newlib/_syscalls.o
 .debug_ranges  0x0000000000000260       0x18 ./system/src/cortexm/_initialize_hardware.o
 .debug_ranges  0x0000000000000278       0x70 ./system/src/cortexm/exception_handlers.o
 .debug_ranges  0x00000000000002e8       0x18 ./system/src/cmsis/system_stm32f4xx.o
 .debug_ranges  0x0000000000000300       0x10 ./system/src/cmsis/vectors_stm32f411xe.o
 .debug_ranges  0x0000000000000310       0x28 ./src/main.o
 .debug_ranges  0x0000000000000338       0x10 ./src/stm32f4xx_hal_msp.o
 .debug_ranges  0x0000000000000348       0x10 ./src/stm32f4xx_it.o

.debug_macro    0x0000000000000000     0xfaeb
 .debug_macro   0x0000000000000000      0x2f4 ./system/src/stm32f4-hal/stm32f4xx_hal.o
 .debug_macro   0x00000000000002f4      0x88c ./system/src/stm32f4-hal/stm32f4xx_hal.o
 .debug_macro   0x0000000000000b80      0x130 ./system/src/stm32f4-hal/stm32f4xx_hal.o
 .debug_macro   0x0000000000000cb0      0x19e ./system/src/stm32f4-hal/stm32f4xx_hal.o
 .debug_macro   0x0000000000000e4e       0x2e ./system/src/stm32f4-hal/stm32f4xx_hal.o
 .debug_macro   0x0000000000000e7c       0x28 ./system/src/stm32f4-hal/stm32f4xx_hal.o
 .debug_macro   0x0000000000000ea4      0x34e ./system/src/stm32f4-hal/stm32f4xx_hal.o
 .debug_macro   0x00000000000011f2       0x35 ./system/src/stm32f4-hal/stm32f4xx_hal.o
 .debug_macro   0x0000000000001227       0x50 ./system/src/stm32f4-hal/stm32f4xx_hal.o
 .debug_macro   0x0000000000001277      0xe66 ./system/src/stm32f4-hal/stm32f4xx_hal.o
 .debug_macro   0x00000000000020dd     0x5092 ./system/src/stm32f4-hal/stm32f4xx_hal.o
 .debug_macro   0x000000000000716f       0x43 ./system/src/stm32f4-hal/stm32f4xx_hal.o
 .debug_macro   0x00000000000071b2     0x33a6 ./system/src/stm32f4-hal/stm32f4xx_hal.o
 .debug_macro   0x000000000000a558       0x58 ./system/src/stm32f4-hal/stm32f4xx_hal.o
 .debug_macro   0x000000000000a5b0       0x22 ./system/src/stm32f4-hal/stm32f4xx_hal.o
 .debug_macro   0x000000000000a5d2       0x35 ./system/src/stm32f4-hal/stm32f4xx_hal.o
 .debug_macro   0x000000000000a607       0x9c ./system/src/stm32f4-hal/stm32f4xx_hal.o
 .debug_macro   0x000000000000a6a3       0x16 ./system/src/stm32f4-hal/stm32f4xx_hal.o
 .debug_macro   0x000000000000a6b9       0x4a ./system/src/stm32f4-hal/stm32f4xx_hal.o
 .debug_macro   0x000000000000a703       0x97 ./system/src/stm32f4-hal/stm32f4xx_hal.o
 .debug_macro   0x000000000000a79a      0x329 ./system/src/stm32f4-hal/stm32f4xx_hal.o
 .debug_macro   0x000000000000aac3       0xfd ./system/src/stm32f4-hal/stm32f4xx_hal.o
 .debug_macro   0x000000000000abc0       0x10 ./system/src/stm32f4-hal/stm32f4xx_hal.o
 .debug_macro   0x000000000000abd0       0x52 ./system/src/stm32f4-hal/stm32f4xx_hal.o
 .debug_macro   0x000000000000ac22       0x16 ./system/src/stm32f4-hal/stm32f4xx_hal.o
 .debug_macro   0x000000000000ac38       0x43 ./system/src/stm32f4-hal/stm32f4xx_hal.o
 .debug_macro   0x000000000000ac7b      0x187 ./system/src/stm32f4-hal/stm32f4xx_hal.o
 .debug_macro   0x000000000000ae02       0x10 ./system/src/stm32f4-hal/stm32f4xx_hal.o
 .debug_macro   0x000000000000ae12       0x22 ./system/src/stm32f4-hal/stm32f4xx_hal.o
 .debug_macro   0x000000000000ae34       0x22 ./system/src/stm32f4-hal/stm32f4xx_hal.o
 .debug_macro   0x000000000000ae56       0x3a ./system/src/stm32f4-hal/stm32f4xx_hal.o
 .debug_macro   0x000000000000ae90       0x10 ./system/src/stm32f4-hal/stm32f4xx_hal.o
 .debug_macro   0x000000000000aea0       0x40 ./system/src/stm32f4-hal/stm32f4xx_hal.o
 .debug_macro   0x000000000000aee0       0x65 ./system/src/stm32f4-hal/stm32f4xx_hal.o
 .debug_macro   0x000000000000af45       0x16 ./system/src/stm32f4-hal/stm32f4xx_hal.o
 .debug_macro   0x000000000000af5b      0x197 ./system/src/stm32f4-hal/stm32f4xx_hal.o
 .debug_macro   0x000000000000b0f2       0x57 ./system/src/stm32f4-hal/stm32f4xx_hal.o
 .debug_macro   0x000000000000b149      0x440 ./system/src/stm32f4-hal/stm32f4xx_hal.o
 .debug_macro   0x000000000000b589      0x9da ./system/src/stm32f4-hal/stm32f4xx_hal.o
 .debug_macro   0x000000000000bf63      0x11e ./system/src/stm32f4-hal/stm32f4xx_hal.o
 .debug_macro   0x000000000000c081      0x11b ./system/src/stm32f4-hal/stm32f4xx_hal.o
 .debug_macro   0x000000000000c19c       0x27 ./system/src/stm32f4-hal/stm32f4xx_hal.o
 .debug_macro   0x000000000000c1c3      0x272 ./system/src/stm32f4-hal/stm32f4xx_hal.o
 .debug_macro   0x000000000000c435       0x5f ./system/src/stm32f4-hal/stm32f4xx_hal.o
 .debug_macro   0x000000000000c494      0x23a ./system/src/stm32f4-hal/stm32f4xx_hal.o
 .debug_macro   0x000000000000c6ce      0x13a ./system/src/stm32f4-hal/stm32f4xx_hal.o
 .debug_macro   0x000000000000c808      0x264 ./system/src/stm32f4-hal/stm32f4xx_hal.o
 .debug_macro   0x000000000000ca6c       0x2e ./system/src/stm32f4-hal/stm32f4xx_hal.o
 .debug_macro   0x000000000000ca9a      0x11e ./system/src/stm32f4-hal/stm32f4xx_hal.o
 .debug_macro   0x000000000000cbb8       0x85 ./system/src/stm32f4-hal/stm32f4xx_hal.o
 .debug_macro   0x000000000000cc3d       0x89 ./system/src/stm32f4-hal/stm32f4xx_hal.o
 .debug_macro   0x000000000000ccc6      0x11e ./system/src/stm32f4-hal/stm32f4xx_hal.o
 .debug_macro   0x000000000000cde4      0x2a6 ./system/src/stm32f4-hal/stm32f4xx_hal_cortex.o
 .debug_macro   0x000000000000d08a      0x2de ./system/src/stm32f4-hal/stm32f4xx_hal_gpio.o
 .debug_macro   0x000000000000d368      0x2d0 ./system/src/stm32f4-hal/stm32f4xx_hal_rcc.o
 .debug_macro   0x000000000000d638      0x172 ./system/src/newlib/_exit.o
 .debug_macro   0x000000000000d7aa      0x10e ./system/src/newlib/_exit.o
 .debug_macro   0x000000000000d8b8       0x8d ./system/src/newlib/_exit.o
 .debug_macro   0x000000000000d945       0x35 ./system/src/newlib/_exit.o
 .debug_macro   0x000000000000d97a      0x138 ./system/src/newlib/_startup.o
 .debug_macro   0x000000000000dab2      0x892 ./system/src/newlib/_startup.o
 .debug_macro   0x000000000000e344      0x1c6 ./system/src/newlib/_syscalls.o
 .debug_macro   0x000000000000e50a       0x1c ./system/src/newlib/_syscalls.o
 .debug_macro   0x000000000000e526       0x10 ./system/src/newlib/_syscalls.o
 .debug_macro   0x000000000000e536       0x10 ./system/src/newlib/_syscalls.o
 .debug_macro   0x000000000000e546       0x10 ./system/src/newlib/_syscalls.o
 .debug_macro   0x000000000000e556       0x35 ./system/src/newlib/_syscalls.o
 .debug_macro   0x000000000000e58b      0x122 ./system/src/newlib/_syscalls.o
 .debug_macro   0x000000000000e6ad       0x88 ./system/src/newlib/_syscalls.o
 .debug_macro   0x000000000000e735       0x2b ./system/src/newlib/_syscalls.o
 .debug_macro   0x000000000000e760      0x118 ./system/src/newlib/_syscalls.o
 .debug_macro   0x000000000000e878      0x159 ./system/src/newlib/_syscalls.o
 .debug_macro   0x000000000000e9d1       0x16 ./system/src/newlib/_syscalls.o
 .debug_macro   0x000000000000e9e7      0x2b0 ./system/src/cortexm/_initialize_hardware.o
 .debug_macro   0x000000000000ec97      0x305 ./system/src/cortexm/exception_handlers.o
 .debug_macro   0x000000000000ef9c       0x3b ./system/src/cortexm/exception_handlers.o
 .debug_macro   0x000000000000efd7       0x22 ./system/src/cortexm/exception_handlers.o
 .debug_macro   0x000000000000eff9       0x16 ./system/src/cortexm/exception_handlers.o
 .debug_macro   0x000000000000f00f      0x2ac ./system/src/cmsis/system_stm32f4xx.o
 .debug_macro   0x000000000000f2bb       0x34 ./system/src/cmsis/vectors_stm32f411xe.o
 .debug_macro   0x000000000000f2ef      0x2a6 ./src/main.o
 .debug_macro   0x000000000000f595      0x2a6 ./src/stm32f4xx_hal_msp.o
 .debug_macro   0x000000000000f83b      0x2b0 ./src/stm32f4xx_it.o
