Archive member included to satisfy reference by file (symbol)

/Volumes/Data/Olivier/Stm32 toolchain/gcc-arm-none-eabi-5_2-2015q4/bin/../lib/gcc/arm-none-eabi/5.2.1/../../../../arm-none-eabi/lib/armv7e-m/libg_nano.a(lib_a-errno.o)
                              ./system/Src/newlib/_sbrk.o (__errno)
/Volumes/Data/Olivier/Stm32 toolchain/gcc-arm-none-eabi-5_2-2015q4/bin/../lib/gcc/arm-none-eabi/5.2.1/../../../../arm-none-eabi/lib/armv7e-m/libg_nano.a(lib_a-impure.o)
                              /Volumes/Data/Olivier/Stm32 toolchain/gcc-arm-none-eabi-5_2-2015q4/bin/../lib/gcc/arm-none-eabi/5.2.1/../../../../arm-none-eabi/lib/armv7e-m/libg_nano.a(lib_a-errno.o) (_impure_ptr)

Allocating common symbols
Common symbol       size              file

errno               0x4               ./system/Src/newlib/_syscalls.o
uwTick              0x4               ./system/Src/stm32f4-hal/stm32f4xx_hal.o
pFlash              0x20              ./system/Src/stm32f4-hal/stm32f4xx_hal_flash.o
data                0x2               ./Src/main.o
huart6              0x40              ./Src/main.o

Discarded input sections

 .group         0x0000000000000000        0x8 ./system/Src/stm32f4-hal/stm32f4xx_hal.o
 .group         0x0000000000000000        0x8 ./system/Src/stm32f4-hal/stm32f4xx_hal.o
 .group         0x0000000000000000        0x8 ./system/Src/stm32f4-hal/stm32f4xx_hal.o
 .group         0x0000000000000000        0x8 ./system/Src/stm32f4-hal/stm32f4xx_hal.o
 .group         0x0000000000000000        0x8 ./system/Src/stm32f4-hal/stm32f4xx_hal.o
 .group         0x0000000000000000        0x8 ./system/Src/stm32f4-hal/stm32f4xx_hal.o
 .group         0x0000000000000000        0x8 ./system/Src/stm32f4-hal/stm32f4xx_hal.o
 .group         0x0000000000000000        0x8 ./system/Src/stm32f4-hal/stm32f4xx_hal.o
 .group         0x0000000000000000        0x8 ./system/Src/stm32f4-hal/stm32f4xx_hal.o
 .group         0x0000000000000000        0x8 ./system/Src/stm32f4-hal/stm32f4xx_hal.o
 .group         0x0000000000000000        0x8 ./system/Src/stm32f4-hal/stm32f4xx_hal.o
 .group         0x0000000000000000        0x8 ./system/Src/stm32f4-hal/stm32f4xx_hal.o
 .group         0x0000000000000000        0x8 ./system/Src/stm32f4-hal/stm32f4xx_hal.o
 .group         0x0000000000000000        0x8 ./system/Src/stm32f4-hal/stm32f4xx_hal.o
 .group         0x0000000000000000        0x8 ./system/Src/stm32f4-hal/stm32f4xx_hal.o
 .group         0x0000000000000000        0x8 ./system/Src/stm32f4-hal/stm32f4xx_hal.o
 .group         0x0000000000000000        0x8 ./system/Src/stm32f4-hal/stm32f4xx_hal.o
 .group         0x0000000000000000        0x8 ./system/Src/stm32f4-hal/stm32f4xx_hal.o
 .group         0x0000000000000000        0x8 ./system/Src/stm32f4-hal/stm32f4xx_hal.o
 .group         0x0000000000000000        0x8 ./system/Src/stm32f4-hal/stm32f4xx_hal.o
 .group         0x0000000000000000        0x8 ./system/Src/stm32f4-hal/stm32f4xx_hal.o
 .group         0x0000000000000000        0x8 ./system/Src/stm32f4-hal/stm32f4xx_hal.o
 .group         0x0000000000000000        0x8 ./system/Src/stm32f4-hal/stm32f4xx_hal.o
 .group         0x0000000000000000        0x8 ./system/Src/stm32f4-hal/stm32f4xx_hal.o
 .group         0x0000000000000000        0x8 ./system/Src/stm32f4-hal/stm32f4xx_hal.o
 .group         0x0000000000000000        0x8 ./system/Src/stm32f4-hal/stm32f4xx_hal.o
 .group         0x0000000000000000        0x8 ./system/Src/stm32f4-hal/stm32f4xx_hal.o
 .group         0x0000000000000000        0x8 ./system/Src/stm32f4-hal/stm32f4xx_hal.o
 .group         0x0000000000000000        0x8 ./system/Src/stm32f4-hal/stm32f4xx_hal.o
 .group         0x0000000000000000        0x8 ./system/Src/stm32f4-hal/stm32f4xx_hal.o
 .group         0x0000000000000000        0x8 ./system/Src/stm32f4-hal/stm32f4xx_hal.o
 .group         0x0000000000000000        0x8 ./system/Src/stm32f4-hal/stm32f4xx_hal.o
 .group         0x0000000000000000        0x8 ./system/Src/stm32f4-hal/stm32f4xx_hal.o
 .group         0x0000000000000000        0x8 ./system/Src/stm32f4-hal/stm32f4xx_hal.o
 .group         0x0000000000000000        0x8 ./system/Src/stm32f4-hal/stm32f4xx_hal.o
 .group         0x0000000000000000        0x8 ./system/Src/stm32f4-hal/stm32f4xx_hal.o
 .group         0x0000000000000000        0x8 ./system/Src/stm32f4-hal/stm32f4xx_hal.o
 .group         0x0000000000000000        0x8 ./system/Src/stm32f4-hal/stm32f4xx_hal.o
 .group         0x0000000000000000        0x8 ./system/Src/stm32f4-hal/stm32f4xx_hal.o
 .group         0x0000000000000000        0x8 ./system/Src/stm32f4-hal/stm32f4xx_hal.o
 .group         0x0000000000000000        0x8 ./system/Src/stm32f4-hal/stm32f4xx_hal.o
 .group         0x0000000000000000        0x8 ./system/Src/stm32f4-hal/stm32f4xx_hal.o
 .group         0x0000000000000000        0x8 ./system/Src/stm32f4-hal/stm32f4xx_hal.o
 .group         0x0000000000000000        0x8 ./system/Src/stm32f4-hal/stm32f4xx_hal.o
[...]
Memory Configuration

Name             Origin             Length             Attributes
RAM              0x0000000020000000 0x0000000000020000 xrw
CCMRAM           0x0000000010000000 0x0000000000010000 xrw
FLASH            0x0000000008000000 0x0000000000080000 xr
FLASHB1          0x0000000000000000 0x0000000000000000 xr
EXTMEMB0         0x0000000000000000 0x0000000000000000 xr
EXTMEMB1         0x0000000000000000 0x0000000000000000 xr
EXTMEMB2         0x0000000000000000 0x0000000000000000 xr
EXTMEMB3         0x0000000000000000 0x0000000000000000 xr
MEMORY_ARRAY     0x0000000020002000 0x0000000000000020 xrw
*default*        0x0000000000000000 0xffffffffffffffff

Linker script and memory map

LOAD ./system/Src/stm32f4-hal/stm32f4xx_hal.o
LOAD ./system/Src/stm32f4-hal/stm32f4xx_hal_cortex.o
LOAD ./system/Src/stm32f4-hal/stm32f4xx_hal_flash.o
LOAD ./system/Src/stm32f4-hal/stm32f4xx_hal_gpio.o
LOAD ./system/Src/stm32f4-hal/stm32f4xx_hal_iwdg.o
LOAD ./system/Src/stm32f4-hal/stm32f4xx_hal_pwr.o
LOAD ./system/Src/stm32f4-hal/stm32f4xx_hal_rcc.o
LOAD ./system/Src/stm32f4-hal/stm32f4xx_hal_uart.o
LOAD ./system/Src/newlib/_cxx.o
LOAD ./system/Src/newlib/_exit.o
LOAD ./system/Src/newlib/_sbrk.o
LOAD ./system/Src/newlib/_startup.o
LOAD ./system/Src/newlib/_syscalls.o
LOAD ./system/Src/newlib/assert.o
LOAD ./system/Src/diag/Trace.o
LOAD ./system/Src/diag/trace_impl.o
LOAD ./system/Src/cortexm/_initialize_hardware.o
LOAD ./system/Src/cortexm/_reset_hardware.o
LOAD ./system/Src/cortexm/exception_handlers.o
LOAD ./system/Src/cmsis/system_stm32f4xx.o
LOAD ./system/Src/cmsis/vectors_stm32f411xe.o
LOAD ./Src/main.o
LOAD ./Src/stm32f4xx_hal_msp.o
LOAD ./Src/stm32f4xx_it.o
LOAD /Volumes/Data/Olivier/Stm32 toolchain/gcc-arm-none-eabi-5_2-2015q4/bin/../lib/gcc/arm-none-eabi/5.2.1/../../../../arm-none-eabi/lib/armv7e-m/libstdc++_nano.a
LOAD /Volumes/Data/Olivier/Stm32 toolchain/gcc-arm-none-eabi-5_2-2015q4/bin/../lib/gcc/arm-none-eabi/5.2.1/../../../../arm-none-eabi/lib/armv7e-m/libm.a
START GROUP
LOAD /Volumes/Data/Olivier/Stm32 toolchain/gcc-arm-none-eabi-5_2-2015q4/bin/../lib/gcc/arm-none-eabi/5.2.1/armv7e-m/libgcc.a
LOAD /Volumes/Data/Olivier/Stm32 toolchain/gcc-arm-none-eabi-5_2-2015q4/bin/../lib/gcc/arm-none-eabi/5.2.1/../../../../arm-none-eabi/lib/armv7e-m/libg_nano.a
LOAD /Volumes/Data/Olivier/Stm32 toolchain/gcc-arm-none-eabi-5_2-2015q4/bin/../lib/gcc/arm-none-eabi/5.2.1/../../../../arm-none-eabi/lib/armv7e-m/libc_nano.a
END GROUP
START GROUP
LOAD /Volumes/Data/Olivier/Stm32 toolchain/gcc-arm-none-eabi-5_2-2015q4/bin/../lib/gcc/arm-none-eabi/5.2.1/armv7e-m/libgcc.a
LOAD /Volumes/Data/Olivier/Stm32 toolchain/gcc-arm-none-eabi-5_2-2015q4/bin/../lib/gcc/arm-none-eabi/5.2.1/../../../../arm-none-eabi/lib/armv7e-m/libc_nano.a
END GROUP
                0x0000000020020000                __stack = (ORIGIN (RAM) + LENGTH (RAM))
                0x0000000020020000                _estack = __stack
                0x0000000000000400                __Main_Stack_Size = 0x400
                [!provide]                        PROVIDE (_Main_Stack_Size, __Main_Stack_Size)
                0x000000002001fc00                __Main_Stack_Limit = (__stack - __Main_Stack_Size)
                [!provide]                        PROVIDE (_Main_Stack_Limit, __Main_Stack_Limit)
                0x0000000000000100                _Minimum_Stack_Size = 0x100
                0x0000000020000068                PROVIDE (_Heap_Begin, _end_noinit)
                0x000000002001fc00                PROVIDE (_Heap_Limit, (__stack - __Main_Stack_Size))

.isr_vector     0x0000000008000000      0x340
 FILL mask 0xff
                0x0000000008000000                __vectors_start = ABSOLUTE (.)
                0x0000000008000000                __vectors_start__ = ABSOLUTE (.)
 *(.isr_vector)
 .isr_vector    0x0000000008000000      0x198 ./system/Src/cmsis/vectors_stm32f411xe.o
                0x0000000008000000                __isr_vectors
 *(.cfmconfig)
 *(.after_vectors .after_vectors.*)
 .after_vectors
                0x0000000008000198      0x130 ./system/Src/newlib/_startup.o
                0x0000000008000198                _start
 .after_vectors
                0x00000000080002c8       0x74 ./system/Src/cortexm/exception_handlers.o
                0x00000000080002c8                Reset_Handler
                0x00000000080002d0                NMI_Handler
                0x00000000080002d4                HardFault_Handler
                0x00000000080002e8                HardFault_Handler_C
                0x00000000080002ec                MemManage_Handler
                0x00000000080002f0                BusFault_Handler
                0x0000000008000304                BusFault_Handler_C
                0x0000000008000308                UsageFault_Handler
                0x000000000800031c                UsageFault_Handler_C
                0x0000000008000320                SVC_Handler
                0x0000000008000324                DebugMon_Handler
                0x0000000008000328                PendSV_Handler
 .after_vectors
                0x000000000800033c        0x4 ./system/Src/cmsis/vectors_stm32f411xe.o
                0x000000000800033c                DMA1_Stream3_IRQHandler
                0x000000000800033c                EXTI2_IRQHandler
                0x000000000800033c                SPI4_IRQHandler
                0x000000000800033c                TIM1_CC_IRQHandler
                0x000000000800033c                DMA2_Stream5_IRQHandler
                0x000000000800033c                DMA1_Stream5_IRQHandler
                0x000000000800033c                PVD_IRQHandler
                0x000000000800033c                SDIO_IRQHandler
                0x000000000800033c                TAMP_STAMP_IRQHandler
                0x000000000800033c                EXTI3_IRQHandler
                0x000000000800033c                TIM1_UP_TIM10_IRQHandler
                0x000000000800033c                I2C3_ER_IRQHandler
                0x000000000800033c                I2C2_EV_IRQHandler
                0x000000000800033c                DMA1_Stream2_IRQHandler
                0x000000000800033c                FPU_IRQHandler
                0x000000000800033c                DMA2_Stream2_IRQHandler
                0x000000000800033c                SPI1_IRQHandler
                0x000000000800033c                TIM1_BRK_TIM9_IRQHandler
                0x000000000800033c                DMA2_Stream3_IRQHandler
                0x000000000800033c                DMA2_Stream0_IRQHandler
                0x000000000800033c                TIM4_IRQHandler
                0x000000000800033c                I2C1_EV_IRQHandler
                0x000000000800033c                DMA1_Stream6_IRQHandler
                0x000000000800033c                DMA1_Stream1_IRQHandler
                0x000000000800033c                TIM3_IRQHandler
                0x000000000800033c                RCC_IRQHandler
                0x000000000800033c                Default_Handler
                0x000000000800033c                EXTI15_10_IRQHandler
                0x000000000800033c                ADC_IRQHandler
                0x000000000800033c                DMA1_Stream7_IRQHandler
                0x000000000800033c                SPI5_IRQHandler
                0x000000000800033c                TIM5_IRQHandler
                0x000000000800033c                DMA2_Stream7_IRQHandler
                0x000000000800033c                I2C3_EV_IRQHandler
                0x000000000800033c                EXTI9_5_IRQHandler
                0x000000000800033c                RTC_WKUP_IRQHandler
                0x000000000800033c                SPI2_IRQHandler
                0x000000000800033c                DMA1_Stream0_IRQHandler
                0x000000000800033c                EXTI4_IRQHandler
                0x000000000800033c                WWDG_IRQHandler
                0x000000000800033c                TIM2_IRQHandler
                0x000000000800033c                OTG_FS_WKUP_IRQHandler
                0x000000000800033c                TIM1_TRG_COM_TIM11_IRQHandler
                0x000000000800033c                EXTI1_IRQHandler
                0x000000000800033c                USART2_IRQHandler
                0x000000000800033c                I2C2_ER_IRQHandler
                0x000000000800033c                DMA2_Stream1_IRQHandler
                0x000000000800033c                FLASH_IRQHandler
                0x000000000800033c                DMA2_Stream4_IRQHandler
                0x000000000800033c                USART1_IRQHandler
                0x000000000800033c                OTG_FS_IRQHandler
                0x000000000800033c                SPI3_IRQHandler
                0x000000000800033c                DMA1_Stream4_IRQHandler
                0x000000000800033c                I2C1_ER_IRQHandler
                0x000000000800033c                DMA2_Stream6_IRQHandler
                0x000000000800033c                RTC_Alarm_IRQHandler

.inits          0x0000000008000340       0x28
                0x0000000008000340                __data_regions_array_start = .
                0x0000000008000340        0x4 LONG 0x8001d8c LOADADDR (.data)
                0x0000000008000344        0x4 LONG 0x20000000 ADDR (.data)
                0x0000000008000348        0x4 LONG 0x20000014 (ADDR (.data) + SIZEOF (.data))
                0x000000000800034c        0x4 LONG 0x8001d8c LOADADDR (.data_CCMRAM)
                0x0000000008000350        0x4 LONG 0x10000000 ADDR (.data_CCMRAM)
                0x0000000008000354        0x4 LONG 0x10000000 (ADDR (.data_CCMRAM) + SIZEOF (.data_CCMRAM))
                0x0000000008000358                __data_regions_array_end = .
                0x0000000008000358                __bss_regions_array_start = .
                0x0000000008000358        0x4 LONG 0x20000014 ADDR (.bss)
                0x000000000800035c        0x4 LONG 0x20000068 (ADDR (.bss) + SIZEOF (.bss))
                0x0000000008000360        0x4 LONG 0x10000000 ADDR (.bss_CCMRAM)
                0x0000000008000364        0x4 LONG 0x10000000 (ADDR (.bss_CCMRAM) + SIZEOF (.bss_CCMRAM))
                0x0000000008000368                __bss_regions_array_end = .
 *(.init)
 *(.fini)
                0x0000000008000368                . = ALIGN (0x4)
                0x0000000008000368                PROVIDE (__preinit_array_start, .)
 *(.preinit_array_sysinit .preinit_array_sysinit.*)
 *(.preinit_array_platform .preinit_array_platform.*)
 *(.preinit_array .preinit_array.*)
                0x0000000008000368                PROVIDE (__preinit_array_end, .)
                0x0000000008000368                . = ALIGN (0x4)
                0x0000000008000368                PROVIDE (__init_array_start, .)
 *(SORT(.init_array.*))
 *(.init_array)
                0x0000000008000368                PROVIDE (__init_array_end, .)
                0x0000000008000368                . = ALIGN (0x4)
                0x0000000008000368                PROVIDE (__fini_array_start, .)
 *(SORT(.fini_array.*))
 *(.fini_array)
                0x0000000008000368                PROVIDE (__fini_array_end, .)

.flashtext
 *(.flashtext .flashtext.*)

.text           0x0000000008000368     0x1a24
 *(.text .text.*)
 .text.HAL_InitTick
                0x0000000008000368       0x28 ./system/Src/stm32f4-hal/stm32f4xx_hal.o
                0x0000000008000368                HAL_InitTick
 .text.HAL_Init
                0x0000000008000390       0x34 ./system/Src/stm32f4-hal/stm32f4xx_hal.o
                0x0000000008000390                HAL_Init
 .text.HAL_IncTick
                0x00000000080003c4       0x10 ./system/Src/stm32f4-hal/stm32f4xx_hal.o
                0x00000000080003c4                HAL_IncTick
 .text.HAL_GetTick
                0x00000000080003d4        0xc ./system/Src/stm32f4-hal/stm32f4xx_hal.o
                0x00000000080003d4                HAL_GetTick
 .text.HAL_Delay
                0x00000000080003e0       0x1c ./system/Src/stm32f4-hal/stm32f4xx_hal.o
                0x00000000080003e0                HAL_Delay
 .text.HAL_NVIC_SetPriorityGrouping
                0x00000000080003fc       0x3c ./system/Src/stm32f4-hal/stm32f4xx_hal_cortex.o
                0x00000000080003fc                HAL_NVIC_SetPriorityGrouping
 .text.HAL_NVIC_SetPriority
                0x0000000008000438       0x84 ./system/Src/stm32f4-hal/stm32f4xx_hal_cortex.o
                0x0000000008000438                HAL_NVIC_SetPriority
 .text.HAL_NVIC_EnableIRQ
                0x00000000080004bc       0x2c ./system/Src/stm32f4-hal/stm32f4xx_hal_cortex.o
                0x00000000080004bc                HAL_NVIC_EnableIRQ
 .text.HAL_SYSTICK_Config
                0x00000000080004e8       0x2c ./system/Src/stm32f4-hal/stm32f4xx_hal_cortex.o
                0x00000000080004e8                HAL_SYSTICK_Config
 .text.HAL_SYSTICK_CLKSourceConfig
                0x0000000008000514       0x38 ./system/Src/stm32f4-hal/stm32f4xx_hal_cortex.o
                0x0000000008000514                HAL_SYSTICK_CLKSourceConfig
 .text.HAL_SYSTICK_Callback
                0x000000000800054c        0x4 ./system/Src/stm32f4-hal/stm32f4xx_hal_cortex.o
                0x000000000800054c                HAL_SYSTICK_Callback
 .text.HAL_SYSTICK_IRQHandler
                0x0000000008000550        0x8 ./system/Src/stm32f4-hal/stm32f4xx_hal_cortex.o
                0x0000000008000550                HAL_SYSTICK_IRQHandler
 .text.HAL_GPIO_Init
                0x0000000008000558      0x2cc ./system/Src/stm32f4-hal/stm32f4xx_hal_gpio.o
                0x0000000008000558                HAL_GPIO_Init
 .text.HAL_GPIO_WritePin
                0x0000000008000824       0x34 ./system/Src/stm32f4-hal/stm32f4xx_hal_gpio.o
                0x0000000008000824                HAL_GPIO_WritePin
 .text.HAL_GPIO_TogglePin
                0x0000000008000858       0x20 ./system/Src/stm32f4-hal/stm32f4xx_hal_gpio.o
                0x0000000008000858                HAL_GPIO_TogglePin
 .text.HAL_GPIO_EXTI_Callback
                0x0000000008000878        0x4 ./system/Src/stm32f4-hal/stm32f4xx_hal_gpio.o
                0x0000000008000878                HAL_GPIO_EXTI_Callback
 .text.HAL_GPIO_EXTI_IRQHandler
                0x000000000800087c       0x18 ./system/Src/stm32f4-hal/stm32f4xx_hal_gpio.o
                0x000000000800087c                HAL_GPIO_EXTI_IRQHandler
 .text.HAL_RCC_OscConfig
                0x0000000008000894      0x448 ./system/Src/stm32f4-hal/stm32f4xx_hal_rcc.o
                0x0000000008000894                HAL_RCC_OscConfig
 .text.HAL_RCC_ClockConfig
                0x0000000008000cdc      0x22c ./system/Src/stm32f4-hal/stm32f4xx_hal_rcc.o
                0x0000000008000cdc                HAL_RCC_ClockConfig
 .text.HAL_RCC_GetSysClockFreq
                0x0000000008000f08       0xa0 ./system/Src/stm32f4-hal/stm32f4xx_hal_rcc.o
                0x0000000008000f08                HAL_RCC_GetSysClockFreq
 .text.HAL_RCC_GetHCLKFreq
                0x0000000008000fa8       0x34 ./system/Src/stm32f4-hal/stm32f4xx_hal_rcc.o
                0x0000000008000fa8                HAL_RCC_GetHCLKFreq
 .text.HAL_RCC_GetPCLK1Freq
                0x0000000008000fdc       0x30 ./system/Src/stm32f4-hal/stm32f4xx_hal_rcc.o
                0x0000000008000fdc                HAL_RCC_GetPCLK1Freq
 .text.HAL_RCC_GetPCLK2Freq
                0x000000000800100c       0x30 ./system/Src/stm32f4-hal/stm32f4xx_hal_rcc.o
                0x000000000800100c                HAL_RCC_GetPCLK2Freq
 .text.UART_Transmit_IT
                0x000000000800103c       0x68 ./system/Src/stm32f4-hal/stm32f4xx_hal_uart.o
 .text.UART_SetConfig
                0x00000000080010a4      0x390 ./system/Src/stm32f4-hal/stm32f4xx_hal_uart.o
 .text.UART_WaitOnFlagUntilTimeout
                0x0000000008001434       0xdc ./system/Src/stm32f4-hal/stm32f4xx_hal_uart.o
 .text.HAL_UART_Init
                0x0000000008001510       0xfc ./system/Src/stm32f4-hal/stm32f4xx_hal_uart.o
                0x0000000008001510                HAL_UART_Init
 .text.HAL_UART_Transmit
                0x000000000800160c       0xc0 ./system/Src/stm32f4-hal/stm32f4xx_hal_uart.o
                0x000000000800160c                HAL_UART_Transmit
 .text.HAL_UART_Receive_IT
                0x00000000080016cc       0x64 ./system/Src/stm32f4-hal/stm32f4xx_hal_uart.o
                0x00000000080016cc                HAL_UART_Receive_IT
 .text.HAL_UART_TxCpltCallback
                0x0000000008001730        0x4 ./system/Src/stm32f4-hal/stm32f4xx_hal_uart.o
                0x0000000008001730                HAL_UART_TxCpltCallback
 .text.UART_EndTransmit_IT
                0x0000000008001734       0x1c ./system/Src/stm32f4-hal/stm32f4xx_hal_uart.o
 .text.UART_Receive_IT
                0x0000000008001750       0x9c ./system/Src/stm32f4-hal/stm32f4xx_hal_uart.o
 .text.HAL_UART_ErrorCallback
                0x00000000080017ec        0x4 ./system/Src/stm32f4-hal/stm32f4xx_hal_uart.o
                0x00000000080017ec                HAL_UART_ErrorCallback
 .text.HAL_UART_IRQHandler
                0x00000000080017f0      0x100 ./system/Src/stm32f4-hal/stm32f4xx_hal_uart.o
                0x00000000080017f0                HAL_UART_IRQHandler
 .text._exit    0x00000000080018f0        0x4 ./system/Src/newlib/_exit.o
                0x00000000080018f0                _exit
 .text.__initialize_args
                0x00000000080018f4       0x10 ./system/Src/newlib/_syscalls.o
                0x00000000080018f4                __initialize_args
 .text.__initialize_hardware_early
                0x0000000008001904       0x18 ./system/Src/cortexm/_initialize_hardware.o
                0x0000000008001904                __initialize_hardware_early
 .text.__initialize_hardware
                0x000000000800191c        0x8 ./system/Src/cortexm/_initialize_hardware.o
                0x000000000800191c                __initialize_hardware
 .text.SystemInit
                0x0000000008001924       0x40 ./system/Src/cmsis/system_stm32f4xx.o
                0x0000000008001924                SystemInit
 .text.SystemCoreClockUpdate
                0x0000000008001964       0xa0 ./system/Src/cmsis/system_stm32f4xx.o
                0x0000000008001964                SystemCoreClockUpdate
 .text.MX_GPIO_Init
                0x0000000008001a04       0x9c ./Src/main.o
 .text.MX_USART6_UART_Init
                0x0000000008001aa0       0x2c ./Src/main.o
 .text.HAL_UART_RxCpltCallback
                0x0000000008001acc       0x24 ./Src/main.o
                0x0000000008001acc                HAL_UART_RxCpltCallback
 .text.SystemClock_Config
                0x0000000008001af0       0xa4 ./Src/main.o
                0x0000000008001af0                SystemClock_Config
 .text.main     0x0000000008001b94       0x50 ./Src/main.o
                0x0000000008001b94                main
 .text.assert_failed
                0x0000000008001be4        0x4 ./Src/main.o
                0x0000000008001be4                assert_failed
 .text.HAL_MspInit
                0x0000000008001be8       0x18 ./Src/stm32f4xx_hal_msp.o
                0x0000000008001be8                HAL_MspInit
 .text.HAL_UART_MspInit
                0x0000000008001c00       0x60 ./Src/stm32f4xx_hal_msp.o
                0x0000000008001c00                HAL_UART_MspInit
 .text.SysTick_Handler
                0x0000000008001c60        0xc ./Src/stm32f4xx_it.o
                0x0000000008001c60                SysTick_Handler
 .text.EXTI0_IRQHandler
                0x0000000008001c6c        0xc ./Src/stm32f4xx_it.o
                0x0000000008001c6c                EXTI0_IRQHandler
 .text.USART6_IRQHandler
                0x0000000008001c78       0x10 ./Src/stm32f4xx_it.o
                0x0000000008001c78                USART6_IRQHandler
 *(.rodata .rodata.* .constdata .constdata.*)
 .rodata.str1.4
                0x0000000008001c88       0x31 ./system/Src/stm32f4-hal/stm32f4xx_hal_cortex.o
 *fill*         0x0000000008001cb9        0x3 
 .rodata.str1.4
                0x0000000008001cbc       0x2f ./system/Src/stm32f4-hal/stm32f4xx_hal_gpio.o
 *fill*         0x0000000008001ceb        0x1 
 .rodata.APBAHBPrescTable
                0x0000000008001cec       0x10 ./system/Src/stm32f4-hal/stm32f4xx_hal_rcc.o
                0x0000000008001cec                APBAHBPrescTable
 .rodata.str1.4
                0x0000000008001cfc       0x2e ./system/Src/stm32f4-hal/stm32f4xx_hal_rcc.o
 *fill*         0x0000000008001d2a        0x2 
 .rodata.str1.4
                0x0000000008001d2c       0x2f ./system/Src/stm32f4-hal/stm32f4xx_hal_uart.o
 *fill*         0x0000000008001d5b        0x1 
 .rodata.AHBPrescTable
                0x0000000008001d5c       0x10 ./system/Src/cmsis/system_stm32f4xx.o
                0x0000000008001d5c                AHBPrescTable
 .rodata.str1.4
                0x0000000008001d6c       0x20 ./Src/main.o
                                         0x1e (size before relaxing)
 *(vtable)
 *(.eh_frame*)
 *(.glue_7)
 .glue_7        0x0000000008001d8c        0x0 linker stubs
 *(.glue_7t)
 .glue_7t       0x0000000008001d8c        0x0 linker stubs

.vfp11_veneer   0x0000000008001d8c        0x0
 .vfp11_veneer  0x0000000008001d8c        0x0 linker stubs

.v4_bx          0x0000000008001d8c        0x0
 .v4_bx         0x0000000008001d8c        0x0 linker stubs

.iplt           0x0000000008001d8c        0x0
 .iplt          0x0000000008001d8c        0x0 ./system/Src/stm32f4-hal/stm32f4xx_hal.o

.rel.dyn        0x0000000008001d8c        0x0
 .rel.iplt      0x0000000008001d8c        0x0 ./system/Src/stm32f4-hal/stm32f4xx_hal.o

.ARM.extab
 *(.ARM.extab* .gnu.linkonce.armextab.*)
                0x0000000008001d8c                . = ALIGN (0x4)
                0x0000000008001d8c                __exidx_start = .

.ARM.exidx
 *(.ARM.exidx* .gnu.linkonce.armexidx.*)
                0x0000000008001d8c                __exidx_end = .
                0x0000000008001d8c                . = ALIGN (0x4)
                0x0000000008001d8c                _etext = .
                0x0000000008001d8c                __etext = .

.data_CCMRAM    0x0000000010000000        0x0 load address 0x0000000008001d8c
 FILL mask 0xff
 *(.data.CCMRAM .data.CCMRAM.*)
                0x0000000010000000                . = ALIGN (0x4)
                0x0000000008001d8c                _sidata = LOADADDR (.data)

.data           0x0000000020000000       0x14 load address 0x0000000008001d8c
 FILL mask 0xff
                0x0000000020000000                _sdata = .
                0x0000000020000000                __data_start__ = .
 *(.data_begin .data_begin.*)
 .data_begin    0x0000000020000000        0x4 ./system/Src/newlib/_startup.o
 *(.data .data.*)
 .data.argv.4231
                0x0000000020000004        0x8 ./system/Src/newlib/_syscalls.o
 .data.SystemCoreClock
                0x000000002000000c        0x4 ./system/Src/cmsis/system_stm32f4xx.o
                0x000000002000000c                SystemCoreClock
 *(.data_end .data_end.*)
 .data_end      0x0000000020000010        0x4 ./system/Src/newlib/_startup.o
                0x0000000020000014                . = ALIGN (0x4)
                0x0000000020000014                _edata = .
                0x0000000020000014                __data_end__ = .

.igot.plt       0x0000000020000014        0x0 load address 0x0000000008001da0
 .igot.plt      0x0000000020000014        0x0 ./system/Src/stm32f4-hal/stm32f4xx_hal.o

.bss_CCMRAM     0x0000000010000000        0x0
 *(.bss.CCMRAM .bss.CCMRAM.*)

.bss            0x0000000020000014       0x54
                0x0000000020000014                __bss_start__ = .
                0x0000000020000014                _sbss = .
 *(.bss_begin .bss_begin.*)
 .bss_begin     0x0000000020000014        0x4 ./system/Src/newlib/_startup.o
 *(.bss .bss.*)
 .bss.name.4230
                0x0000000020000018        0x1 ./system/Src/newlib/_syscalls.o
 *(COMMON)
 *fill*         0x0000000020000019        0x3 
 COMMON         0x000000002000001c        0x4 ./system/Src/stm32f4-hal/stm32f4xx_hal.o
                0x000000002000001c                uwTick
 COMMON         0x0000000020000020       0x44 ./Src/main.o
                0x0000000020000020                data
                0x0000000020000024                huart6
 *(.bss_end .bss_end.*)
 .bss_end       0x0000000020000064        0x4 ./system/Src/newlib/_startup.o
                0x0000000020000068                . = ALIGN (0x4)
                0x0000000020000068                __bss_end__ = .
                0x0000000020000068                _ebss = .

.noinit_CCMRAM
 *(.noinit.CCMRAM .noinit.CCMRAM.*)

.noinit         0x0000000020000068        0x0
                0x0000000020000068                _noinit = .
 *(.noinit .noinit.*)
                0x0000000020000068                . = ALIGN (0x4)
                0x0000000020000068                _end_noinit = .
                [!provide]                        PROVIDE (end, _end_noinit)
                [!provide]                        PROVIDE (_end, _end_noinit)
                [!provide]                        PROVIDE (__end, _end_noinit)
                [!provide]                        PROVIDE (__end__, _end_noinit)

._check_stack   0x0000000020000068      0x100
                0x0000000020000168                . = (. + _Minimum_Stack_Size)
 *fill*         0x0000000020000068      0x100 

.b1text
 *(.b1text)
 *(.b1rodata)
 *(.b1rodata.*)

.eb0text
 *(.eb0text)
 *(.eb0rodata)
 *(.eb0rodata.*)

.eb1text
 *(.eb1text)
 *(.eb1rodata)
 *(.eb1rodata.*)

.eb2text
 *(.eb2text)
 *(.eb2rodata)
 *(.eb2rodata.*)

.eb3text
 *(.eb3text)
 *(.eb3rodata)
 *(.eb3rodata.*)

.stab
 *(.stab)

.stabstr
 *(.stabstr)

.stab.excl
 *(.stab.excl)

.stab.exclstr
 *(.stab.exclstr)

.stab.index
 *(.stab.index)

.stab.indexstr
 *(.stab.indexstr)

.comment        0x0000000000000000       0x6e
 *(.comment)
 .comment       0x0000000000000000       0x6e ./system/Src/stm32f4-hal/stm32f4xx_hal.o
                                         0x6f (size before relaxing)
 .comment       0x000000000000006e       0x6f ./system/Src/stm32f4-hal/stm32f4xx_hal_cortex.o
 .comment       0x000000000000006e       0x6f ./system/Src/stm32f4-hal/stm32f4xx_hal_gpio.o
 .comment       0x000000000000006e       0x6f ./system/Src/stm32f4-hal/stm32f4xx_hal_rcc.o
 .comment       0x000000000000006e       0x6f ./system/Src/stm32f4-hal/stm32f4xx_hal_uart.o
 .comment       0x000000000000006e       0x6f ./system/Src/newlib/_exit.o
 .comment       0x000000000000006e       0x6f ./system/Src/newlib/_startup.o
 .comment       0x000000000000006e       0x6f ./system/Src/newlib/_syscalls.o
 .comment       0x000000000000006e       0x6f ./system/Src/cortexm/_initialize_hardware.o
 .comment       0x000000000000006e       0x6f ./system/Src/cortexm/exception_handlers.o
 .comment       0x000000000000006e       0x6f ./system/Src/cmsis/system_stm32f4xx.o
 .comment       0x000000000000006e       0x6f ./system/Src/cmsis/vectors_stm32f411xe.o
 .comment       0x000000000000006e       0x6f ./Src/main.o
 .comment       0x000000000000006e       0x6f ./Src/stm32f4xx_hal_msp.o
 .comment       0x000000000000006e       0x6f ./Src/stm32f4xx_it.o

.ARM.attributes
                0x0000000000000000       0x33
 .ARM.attributes
                0x0000000000000000       0x33 ./system/Src/stm32f4-hal/stm32f4xx_hal.o
 .ARM.attributes
                0x0000000000000033       0x33 ./system/Src/stm32f4-hal/stm32f4xx_hal_cortex.o
 .ARM.attributes
                0x0000000000000066       0x33 ./system/Src/stm32f4-hal/stm32f4xx_hal_gpio.o
 .ARM.attributes
                0x0000000000000099       0x33 ./system/Src/stm32f4-hal/stm32f4xx_hal_rcc.o
 .ARM.attributes
                0x00000000000000cc       0x33 ./system/Src/stm32f4-hal/stm32f4xx_hal_uart.o
 .ARM.attributes
                0x00000000000000ff       0x33 ./system/Src/newlib/_exit.o
 .ARM.attributes
                0x0000000000000132       0x33 ./system/Src/newlib/_startup.o
 .ARM.attributes
                0x0000000000000165       0x33 ./system/Src/newlib/_syscalls.o
 .ARM.attributes
                0x0000000000000198       0x33 ./system/Src/cortexm/_initialize_hardware.o
 .ARM.attributes
                0x00000000000001cb       0x33 ./system/Src/cortexm/exception_handlers.o
 .ARM.attributes
                0x00000000000001fe       0x33 ./system/Src/cmsis/system_stm32f4xx.o
 .ARM.attributes
                0x0000000000000231       0x33 ./system/Src/cmsis/vectors_stm32f411xe.o
 .ARM.attributes
                0x0000000000000264       0x33 ./Src/main.o
 .ARM.attributes
                0x0000000000000297       0x33 ./Src/stm32f4xx_hal_msp.o
 .ARM.attributes
                0x00000000000002ca       0x33 ./Src/stm32f4xx_it.o

.debug
 *(.debug)

.line
 *(.line)

.debug_srcinfo
 *(.debug_srcinfo)

.debug_sfnames
 *(.debug_sfnames)

.debug_aranges  0x0000000000000000      0x5b8
 *(.debug_aranges)
 .debug_aranges
                0x0000000000000000       0xc0 ./system/Src/stm32f4-hal/stm32f4xx_hal.o
 .debug_aranges
                0x00000000000000c0       0x98 ./system/Src/stm32f4-hal/stm32f4xx_hal_cortex.o
 .debug_aranges
                0x0000000000000158       0x58 ./system/Src/stm32f4-hal/stm32f4xx_hal_gpio.o
 .debug_aranges
                0x00000000000001b0       0x88 ./system/Src/stm32f4-hal/stm32f4xx_hal_rcc.o
 .debug_aranges
                0x0000000000000238      0x150 ./system/Src/stm32f4-hal/stm32f4xx_hal_uart.o
 .debug_aranges
                0x0000000000000388       0x28 ./system/Src/newlib/_exit.o
 .debug_aranges
                0x00000000000003b0       0x40 ./system/Src/newlib/_startup.o
 .debug_aranges
                0x00000000000003f0       0x30 ./system/Src/newlib/_syscalls.o
 .debug_aranges
                0x0000000000000420       0x28 ./system/Src/cortexm/_initialize_hardware.o
 .debug_aranges
                0x0000000000000448       0x80 ./system/Src/cortexm/exception_handlers.o
 .debug_aranges
                0x00000000000004c8       0x28 ./system/Src/cmsis/system_stm32f4xx.o
 .debug_aranges
                0x00000000000004f0       0x20 ./system/Src/cmsis/vectors_stm32f411xe.o
 .debug_aranges
                0x0000000000000510       0x48 ./Src/main.o
 .debug_aranges
                0x0000000000000558       0x30 ./Src/stm32f4xx_hal_msp.o
 .debug_aranges
                0x0000000000000588       0x30 ./Src/stm32f4xx_it.o

.debug_pubnames
 *(.debug_pubnames)

.debug_info     0x0000000000000000     0x76ce
 *(.debug_info .gnu.linkonce.wi.*)
 .debug_info    0x0000000000000000      0x85d ./system/Src/stm32f4-hal/stm32f4xx_hal.o
 .debug_info    0x000000000000085d     0x106b ./system/Src/stm32f4-hal/stm32f4xx_hal_cortex.o
 .debug_info    0x00000000000018c8      0x86a ./system/Src/stm32f4-hal/stm32f4xx_hal_gpio.o
 .debug_info    0x0000000000002132      0xf3d ./system/Src/stm32f4-hal/stm32f4xx_hal_rcc.o
 .debug_info    0x000000000000306f     0x14d0 ./system/Src/stm32f4-hal/stm32f4xx_hal_uart.o
 .debug_info    0x000000000000453f       0xee ./system/Src/newlib/_exit.o
 .debug_info    0x000000000000462d      0x4ef ./system/Src/newlib/_startup.o
 .debug_info    0x0000000000004b1c      0x1bc ./system/Src/newlib/_syscalls.o
 .debug_info    0x0000000000004cd8      0x2b5 ./system/Src/cortexm/_initialize_hardware.o
 .debug_info    0x0000000000004f8d      0x2a6 ./system/Src/cortexm/exception_handlers.o
 .debug_info    0x0000000000005233      0x4a5 ./system/Src/cmsis/system_stm32f4xx.o
 .debug_info    0x00000000000056d8       0xd1 ./system/Src/cmsis/vectors_stm32f411xe.o
 .debug_info    0x00000000000057a9      0xec0 ./Src/main.o
 .debug_info    0x0000000000006669      0xaad ./Src/stm32f4xx_hal_msp.o
 .debug_info    0x0000000000007116      0x5b8 ./Src/stm32f4xx_it.o

.debug_abbrev   0x0000000000000000     0x18b6
 *(.debug_abbrev)
 .debug_abbrev  0x0000000000000000      0x24f ./system/Src/stm32f4-hal/stm32f4xx_hal.o
 .debug_abbrev  0x000000000000024f      0x324 ./system/Src/stm32f4-hal/stm32f4xx_hal_cortex.o
 .debug_abbrev  0x0000000000000573      0x204 ./system/Src/stm32f4-hal/stm32f4xx_hal_gpio.o
 .debug_abbrev  0x0000000000000777      0x2b8 ./system/Src/stm32f4-hal/stm32f4xx_hal_rcc.o
 .debug_abbrev  0x0000000000000a2f      0x248 ./system/Src/stm32f4-hal/stm32f4xx_hal_uart.o
 .debug_abbrev  0x0000000000000c77       0xbd ./system/Src/newlib/_exit.o
 .debug_abbrev  0x0000000000000d34      0x1d4 ./system/Src/newlib/_startup.o
 .debug_abbrev  0x0000000000000f08       0xec ./system/Src/newlib/_syscalls.o
 .debug_abbrev  0x0000000000000ff4       0xea ./system/Src/cortexm/_initialize_hardware.o
 .debug_abbrev  0x00000000000010de      0x12a ./system/Src/cortexm/exception_handlers.o
 .debug_abbrev  0x0000000000001208      0x104 ./system/Src/cmsis/system_stm32f4xx.o
 .debug_abbrev  0x000000000000130c       0x9d ./system/Src/cmsis/vectors_stm32f411xe.o
 .debug_abbrev  0x00000000000013a9      0x202 ./Src/main.o
 .debug_abbrev  0x00000000000015ab      0x1a0 ./Src/stm32f4xx_hal_msp.o
 .debug_abbrev  0x000000000000174b      0x16b ./Src/stm32f4xx_it.o

.debug_line     0x0000000000000000     0x5ed4
 *(.debug_line)
 .debug_line    0x0000000000000000      0x729 ./system/Src/stm32f4-hal/stm32f4xx_hal.o
 .debug_line    0x0000000000000729      0x80c ./system/Src/stm32f4-hal/stm32f4xx_hal_cortex.o
 .debug_line    0x0000000000000f35      0x857 ./system/Src/stm32f4-hal/stm32f4xx_hal_gpio.o
 .debug_line    0x000000000000178c      0x9db ./system/Src/stm32f4-hal/stm32f4xx_hal_rcc.o
 .debug_line    0x0000000000002167      0xdb3 ./system/Src/stm32f4-hal/stm32f4xx_hal_uart.o
 .debug_line    0x0000000000002f1a      0x331 ./system/Src/newlib/_exit.o
 .debug_line    0x000000000000324b      0x3b0 ./system/Src/newlib/_startup.o
 .debug_line    0x00000000000035fb      0x3f5 ./system/Src/newlib/_syscalls.o
 .debug_line    0x00000000000039f0      0x5cd ./system/Src/cortexm/_initialize_hardware.o
 .debug_line    0x0000000000003fbd      0x691 ./system/Src/cortexm/exception_handlers.o
 .debug_line    0x000000000000464e      0x5cd ./system/Src/cmsis/system_stm32f4xx.o
 .debug_line    0x0000000000004c1b      0x10b ./system/Src/cmsis/vectors_stm32f411xe.o
 .debug_line    0x0000000000004d26      0x61e ./Src/main.o
 .debug_line    0x0000000000005344      0x5c9 ./Src/stm32f4xx_hal_msp.o
 .debug_line    0x000000000000590d      0x5c7 ./Src/stm32f4xx_it.o

.debug_frame    0x0000000000000000      0xcd8
 *(.debug_frame)
 .debug_frame   0x0000000000000000      0x188 ./system/Src/stm32f4-hal/stm32f4xx_hal.o
 .debug_frame   0x0000000000000188      0x17c ./system/Src/stm32f4-hal/stm32f4xx_hal_cortex.o
 .debug_frame   0x0000000000000304       0xf8 ./system/Src/stm32f4-hal/stm32f4xx_hal_gpio.o
 .debug_frame   0x00000000000003fc      0x158 ./system/Src/stm32f4-hal/stm32f4xx_hal_rcc.o
 .debug_frame   0x0000000000000554      0x39c ./system/Src/stm32f4-hal/stm32f4xx_hal_uart.o
 .debug_frame   0x00000000000008f0       0x38 ./system/Src/newlib/_exit.o
 .debug_frame   0x0000000000000928       0x7c ./system/Src/newlib/_startup.o
 .debug_frame   0x00000000000009a4       0x50 ./system/Src/newlib/_syscalls.o
 .debug_frame   0x00000000000009f4       0x40 ./system/Src/cortexm/_initialize_hardware.o
 .debug_frame   0x0000000000000a34       0xe8 ./system/Src/cortexm/exception_handlers.o
 .debug_frame   0x0000000000000b1c       0x30 ./system/Src/cmsis/system_stm32f4xx.o
 .debug_frame   0x0000000000000b4c       0x20 ./system/Src/cmsis/vectors_stm32f411xe.o
 .debug_frame   0x0000000000000b6c       0xb0 ./Src/main.o
 .debug_frame   0x0000000000000c1c       0x64 ./Src/stm32f4xx_hal_msp.o
 .debug_frame   0x0000000000000c80       0x58 ./Src/stm32f4xx_it.o

.debug_str      0x0000000000000000    0x5b62f
 *(.debug_str)
 .debug_str     0x0000000000000000    0x57af5 ./system/Src/stm32f4-hal/stm32f4xx_hal.o
                                      0x57ec9 (size before relaxing)
 .debug_str     0x0000000000057af5      0x397 ./system/Src/stm32f4-hal/stm32f4xx_hal_cortex.o
                                      0x57d3d (size before relaxing)
 .debug_str     0x0000000000057e8c      0x2dd ./system/Src/stm32f4-hal/stm32f4xx_hal_gpio.o
                                      0x578a3 (size before relaxing)
 .debug_str     0x0000000000058169      0x394 ./system/Src/stm32f4-hal/stm32f4xx_hal_rcc.o
                                      0x57a41 (size before relaxing)
 .debug_str     0x00000000000584fd      0x7c9 ./system/Src/stm32f4-hal/stm32f4xx_hal_uart.o
                                      0x57d1d (size before relaxing)
 .debug_str     0x0000000000058cc6     0x1090 ./system/Src/newlib/_exit.o
                                       0x69e7 (size before relaxing)
 .debug_str     0x0000000000059d56      0x2cc ./system/Src/newlib/_startup.o
                                       0x59f9 (size before relaxing)
 .debug_str     0x000000000005a022     0x1275 ./system/Src/newlib/_syscalls.o
                                       0x6c40 (size before relaxing)
 .debug_str     0x000000000005b297       0x77 ./system/Src/cortexm/_initialize_hardware.o
                                      0x5754e (size before relaxing)
 .debug_str     0x000000000005b30e      0x1ce ./system/Src/cortexm/exception_handlers.o
                                      0x585a2 (size before relaxing)
 .debug_str     0x000000000005b4dc       0x46 ./system/Src/cmsis/system_stm32f4xx.o
                                      0x57637 (size before relaxing)
 .debug_str     0x000000000005b522       0x59 ./system/Src/cmsis/vectors_stm32f411xe.o
                                       0x3080 (size before relaxing)
 .debug_str     0x000000000005b57b       0x4e ./Src/main.o
                                      0x58067 (size before relaxing)
 .debug_str     0x000000000005b5c9       0x1b ./Src/stm32f4xx_hal_msp.o
                                      0x57e65 (size before relaxing)
 .debug_str     0x000000000005b5e4       0x4b ./Src/stm32f4xx_it.o
                                      0x5794e (size before relaxing)

.debug_loc      0x0000000000000000     0x2528
 *(.debug_loc)
 .debug_loc     0x0000000000000000       0x92 ./system/Src/stm32f4-hal/stm32f4xx_hal.o
 .debug_loc     0x0000000000000092      0x580 ./system/Src/stm32f4-hal/stm32f4xx_hal_cortex.o
 .debug_loc     0x0000000000000612      0x4bb ./system/Src/stm32f4-hal/stm32f4xx_hal_gpio.o
 .debug_loc     0x0000000000000acd      0x57a ./system/Src/stm32f4-hal/stm32f4xx_hal_rcc.o
 .debug_loc     0x0000000000001047      0xf70 ./system/Src/stm32f4-hal/stm32f4xx_hal_uart.o
 .debug_loc     0x0000000000001fb7      0x36e ./system/Src/newlib/_startup.o
 .debug_loc     0x0000000000002325       0x63 ./system/Src/newlib/_syscalls.o
 .debug_loc     0x0000000000002388      0x132 ./system/Src/cmsis/system_stm32f4xx.o
 .debug_loc     0x00000000000024ba       0x21 ./Src/main.o
 .debug_loc     0x00000000000024db       0x4d ./Src/stm32f4xx_hal_msp.o

.debug_macinfo
 *(.debug_macinfo)

.debug_weaknames
 *(.debug_weaknames)

.debug_funcnames
 *(.debug_funcnames)

.debug_typenames
 *(.debug_typenames)

.debug_varnames
 *(.debug_varnames)
OUTPUT(testInterupt.elf elf32-littlearm)

.debug_ranges   0x0000000000000000      0x4c8
 .debug_ranges  0x0000000000000000       0xb0 ./system/Src/stm32f4-hal/stm32f4xx_hal.o
 .debug_ranges  0x00000000000000b0       0x88 ./system/Src/stm32f4-hal/stm32f4xx_hal_cortex.o
 .debug_ranges  0x0000000000000138       0x48 ./system/Src/stm32f4-hal/stm32f4xx_hal_gpio.o
 .debug_ranges  0x0000000000000180       0x78 ./system/Src/stm32f4-hal/stm32f4xx_hal_rcc.o
 .debug_ranges  0x00000000000001f8      0x140 ./system/Src/stm32f4-hal/stm32f4xx_hal_uart.o
 .debug_ranges  0x0000000000000338       0x18 ./system/Src/newlib/_exit.o
 .debug_ranges  0x0000000000000350       0x30 ./system/Src/newlib/_startup.o
 .debug_ranges  0x0000000000000380       0x20 ./system/Src/newlib/_syscalls.o
 .debug_ranges  0x00000000000003a0       0x18 ./system/Src/cortexm/_initialize_hardware.o
 .debug_ranges  0x00000000000003b8       0x70 ./system/Src/cortexm/exception_handlers.o
 .debug_ranges  0x0000000000000428       0x18 ./system/Src/cmsis/system_stm32f4xx.o
 .debug_ranges  0x0000000000000440       0x10 ./system/Src/cmsis/vectors_stm32f411xe.o
 .debug_ranges  0x0000000000000450       0x38 ./Src/main.o
 .debug_ranges  0x0000000000000488       0x20 ./Src/stm32f4xx_hal_msp.o
 .debug_ranges  0x00000000000004a8       0x20 ./Src/stm32f4xx_it.o

.debug_macro    0x0000000000000000     0xff26
 .debug_macro   0x0000000000000000      0x2f9 ./system/Src/stm32f4-hal/stm32f4xx_hal.o
 .debug_macro   0x00000000000002f9      0x88c ./system/Src/stm32f4-hal/stm32f4xx_hal.o
 .debug_macro   0x0000000000000b85      0x1a4 ./system/Src/stm32f4-hal/stm32f4xx_hal.o
 .debug_macro   0x0000000000000d29       0x2e ./system/Src/stm32f4-hal/stm32f4xx_hal.o
 .debug_macro   0x0000000000000d57       0x28 ./system/Src/stm32f4-hal/stm32f4xx_hal.o
 .debug_macro   0x0000000000000d7f      0x34e ./system/Src/stm32f4-hal/stm32f4xx_hal.o
 .debug_macro   0x00000000000010cd       0x35 ./system/Src/stm32f4-hal/stm32f4xx_hal.o
 .debug_macro   0x0000000000001102       0x50 ./system/Src/stm32f4-hal/stm32f4xx_hal.o
 .debug_macro   0x0000000000001152      0xe66 ./system/Src/stm32f4-hal/stm32f4xx_hal.o
 .debug_macro   0x0000000000001fb8     0x5092 ./system/Src/stm32f4-hal/stm32f4xx_hal.o
 .debug_macro   0x000000000000704a       0x43 ./system/Src/stm32f4-hal/stm32f4xx_hal.o
 .debug_macro   0x000000000000708d     0x33a6 ./system/Src/stm32f4-hal/stm32f4xx_hal.o
 .debug_macro   0x000000000000a433       0x58 ./system/Src/stm32f4-hal/stm32f4xx_hal.o
 .debug_macro   0x000000000000a48b       0x22 ./system/Src/stm32f4-hal/stm32f4xx_hal.o
 .debug_macro   0x000000000000a4ad       0x35 ./system/Src/stm32f4-hal/stm32f4xx_hal.o
 .debug_macro   0x000000000000a4e2       0x9c ./system/Src/stm32f4-hal/stm32f4xx_hal.o
 .debug_macro   0x000000000000a57e       0x16 ./system/Src/stm32f4-hal/stm32f4xx_hal.o
 .debug_macro   0x000000000000a594       0x4a ./system/Src/stm32f4-hal/stm32f4xx_hal.o
 .debug_macro   0x000000000000a5de       0x97 ./system/Src/stm32f4-hal/stm32f4xx_hal.o
 .debug_macro   0x000000000000a675      0x329 ./system/Src/stm32f4-hal/stm32f4xx_hal.o
 .debug_macro   0x000000000000a99e       0xfd ./system/Src/stm32f4-hal/stm32f4xx_hal.o
 .debug_macro   0x000000000000aa9b       0x10 ./system/Src/stm32f4-hal/stm32f4xx_hal.o
 .debug_macro   0x000000000000aaab       0x52 ./system/Src/stm32f4-hal/stm32f4xx_hal.o
 .debug_macro   0x000000000000aafd       0x16 ./system/Src/stm32f4-hal/stm32f4xx_hal.o
 .debug_macro   0x000000000000ab13       0x43 ./system/Src/stm32f4-hal/stm32f4xx_hal.o
 .debug_macro   0x000000000000ab56      0x187 ./system/Src/stm32f4-hal/stm32f4xx_hal.o
 .debug_macro   0x000000000000acdd       0x10 ./system/Src/stm32f4-hal/stm32f4xx_hal.o
 .debug_macro   0x000000000000aced       0x22 ./system/Src/stm32f4-hal/stm32f4xx_hal.o
 .debug_macro   0x000000000000ad0f       0x22 ./system/Src/stm32f4-hal/stm32f4xx_hal.o
 .debug_macro   0x000000000000ad31       0x3a ./system/Src/stm32f4-hal/stm32f4xx_hal.o
 .debug_macro   0x000000000000ad6b       0x10 ./system/Src/stm32f4-hal/stm32f4xx_hal.o
 .debug_macro   0x000000000000ad7b       0x40 ./system/Src/stm32f4-hal/stm32f4xx_hal.o
 .debug_macro   0x000000000000adbb       0x65 ./system/Src/stm32f4-hal/stm32f4xx_hal.o
 .debug_macro   0x000000000000ae20       0x16 ./system/Src/stm32f4-hal/stm32f4xx_hal.o
 .debug_macro   0x000000000000ae36      0x197 ./system/Src/stm32f4-hal/stm32f4xx_hal.o
 .debug_macro   0x000000000000afcd       0x57 ./system/Src/stm32f4-hal/stm32f4xx_hal.o
 .debug_macro   0x000000000000b024      0x440 ./system/Src/stm32f4-hal/stm32f4xx_hal.o
 .debug_macro   0x000000000000b464      0x9da ./system/Src/stm32f4-hal/stm32f4xx_hal.o
 .debug_macro   0x000000000000be3e      0x11e ./system/Src/stm32f4-hal/stm32f4xx_hal.o
 .debug_macro   0x000000000000bf5c      0x11b ./system/Src/stm32f4-hal/stm32f4xx_hal.o
 .debug_macro   0x000000000000c077       0x27 ./system/Src/stm32f4-hal/stm32f4xx_hal.o
 .debug_macro   0x000000000000c09e      0x272 ./system/Src/stm32f4-hal/stm32f4xx_hal.o
 .debug_macro   0x000000000000c310       0x5f ./system/Src/stm32f4-hal/stm32f4xx_hal.o
 .debug_macro   0x000000000000c36f      0x23a ./system/Src/stm32f4-hal/stm32f4xx_hal.o
 .debug_macro   0x000000000000c5a9      0x13a ./system/Src/stm32f4-hal/stm32f4xx_hal.o
 .debug_macro   0x000000000000c6e3      0x264 ./system/Src/stm32f4-hal/stm32f4xx_hal.o
 .debug_macro   0x000000000000c947       0x2e ./system/Src/stm32f4-hal/stm32f4xx_hal.o
 .debug_macro   0x000000000000c975      0x11e ./system/Src/stm32f4-hal/stm32f4xx_hal.o
 .debug_macro   0x000000000000ca93       0x85 ./system/Src/stm32f4-hal/stm32f4xx_hal.o
 .debug_macro   0x000000000000cb18       0x89 ./system/Src/stm32f4-hal/stm32f4xx_hal.o
 .debug_macro   0x000000000000cba1      0x287 ./system/Src/stm32f4-hal/stm32f4xx_hal.o
 .debug_macro   0x000000000000ce28      0x11e ./system/Src/stm32f4-hal/stm32f4xx_hal.o
 .debug_macro   0x000000000000cf46      0x2ab ./system/Src/stm32f4-hal/stm32f4xx_hal_cortex.o
 .debug_macro   0x000000000000d1f1      0x2e3 ./system/Src/stm32f4-hal/stm32f4xx_hal_gpio.o
 .debug_macro   0x000000000000d4d4      0x2d5 ./system/Src/stm32f4-hal/stm32f4xx_hal_rcc.o
 .debug_macro   0x000000000000d7a9      0x2ac ./system/Src/stm32f4-hal/stm32f4xx_hal_uart.o
 .debug_macro   0x000000000000da55      0x172 ./system/Src/newlib/_exit.o
 .debug_macro   0x000000000000dbc7      0x10e ./system/Src/newlib/_exit.o
 .debug_macro   0x000000000000dcd5       0x8d ./system/Src/newlib/_exit.o
 .debug_macro   0x000000000000dd62       0x35 ./system/Src/newlib/_exit.o
 .debug_macro   0x000000000000dd97      0x138 ./system/Src/newlib/_startup.o
 .debug_macro   0x000000000000decf      0x892 ./system/Src/newlib/_startup.o
 .debug_macro   0x000000000000e761      0x1c6 ./system/Src/newlib/_syscalls.o
 .debug_macro   0x000000000000e927       0x1c ./system/Src/newlib/_syscalls.o
 .debug_macro   0x000000000000e943       0x10 ./system/Src/newlib/_syscalls.o
 .debug_macro   0x000000000000e953       0x10 ./system/Src/newlib/_syscalls.o
 .debug_macro   0x000000000000e963       0x10 ./system/Src/newlib/_syscalls.o
 .debug_macro   0x000000000000e973       0x35 ./system/Src/newlib/_syscalls.o
 .debug_macro   0x000000000000e9a8      0x122 ./system/Src/newlib/_syscalls.o
 .debug_macro   0x000000000000eaca       0x88 ./system/Src/newlib/_syscalls.o
 .debug_macro   0x000000000000eb52       0x2b ./system/Src/newlib/_syscalls.o
 .debug_macro   0x000000000000eb7d      0x118 ./system/Src/newlib/_syscalls.o
 .debug_macro   0x000000000000ec95      0x159 ./system/Src/newlib/_syscalls.o
 .debug_macro   0x000000000000edee       0x16 ./system/Src/newlib/_syscalls.o
 .debug_macro   0x000000000000ee04      0x2b5 ./system/Src/cortexm/_initialize_hardware.o
 .debug_macro   0x000000000000f0b9      0x30a ./system/Src/cortexm/exception_handlers.o
 .debug_macro   0x000000000000f3c3       0x3b ./system/Src/cortexm/exception_handlers.o
 .debug_macro   0x000000000000f3fe       0x22 ./system/Src/cortexm/exception_handlers.o
 .debug_macro   0x000000000000f420       0x16 ./system/Src/cortexm/exception_handlers.o
 .debug_macro   0x000000000000f436      0x2b1 ./system/Src/cmsis/system_stm32f4xx.o
 .debug_macro   0x000000000000f6e7       0x34 ./system/Src/cmsis/vectors_stm32f411xe.o
 .debug_macro   0x000000000000f71b      0x2ab ./Src/main.o
 .debug_macro   0x000000000000f9c6      0x2ab ./Src/stm32f4xx_hal_msp.o
 .debug_macro   0x000000000000fc71      0x2b5 ./Src/stm32f4xx_it.o
