13:42:42 **** Incremental Build of configuration Debug for project testInterupt ****
make all 
Building file: ../Src/main.c
Invoking: Cross ARM C Compiler
arm-none-eabi-gcc -mcpu=cortex-m4 -mthumb -mfloat-abi=soft -Og -fmessage-length=0 -fsigned-char -ffunction-sections -fdata-sections -ffreestanding -fno-move-loop-invariants -Wall -Wextra  -g3 -DDEBUG -DUSE_FULL_ASSERT -DSTM32F411xE -DUSE_HAL_DRIVER -DHSE_VALUE=96000000 -I"../Inc" -I"../system/Inc" -I"../system/Inc/cmsis" -I"../system/Inc/stm32f4-hal" -std=gnu11 -MMD -MP -MF"Src/main.d" -MT"Src/main.o" -c -o "Src/main.o" "../Src/main.c"
../Src/main.c: In function 'HAL_UART_RxCpltCallback':
../Src/main.c:60:50: warning: unused parameter 'huart' [-Wunused-parameter]
 void HAL_UART_RxCpltCallback(UART_HandleTypeDef *huart)
                                                  ^
../Src/main.c: In function 'main':
../Src/main.c:90:29: warning: pointer targets in passing argument 2 of 'HAL_UART_Transmit' differ in signedness [-Wpointer-sign]
   HAL_UART_Transmit(&huart6,"testprogramma uart-interupt\r\n",29,10);
                             ^
In file included from ../Inc/stm32f4xx_hal_conf.h:373:0,
                 from ../system/Inc/stm32f4-hal/stm32f4xx_hal.h:48,
                 from ../Src/main.c:34:
../system/Inc/stm32f4-hal/stm32f4xx_hal_uart.h:647:19: note: expected '__uint8_t * {aka unsigned char *}' but argument is of type 'char *'
 HAL_StatusTypeDef HAL_UART_Transmit(UART_HandleTypeDef *huart, uint8_t *pData, uint16_t Size, uint32_t Timeout);
                   ^
../Src/main.c: In function 'assert_failed':
../Src/main.c:218:29: warning: unused parameter 'file' [-Wunused-parameter]
 void assert_failed(uint8_t* file, uint32_t line)
                             ^
../Src/main.c:218:44: warning: unused parameter 'line' [-Wunused-parameter]
 void assert_failed(uint8_t* file, uint32_t line)
                                            ^
Finished building: ../Src/main.c
 
Building target: testInterupt.elf
Invoking: Cross ARM C++ Linker
arm-none-eabi-g++ -mcpu=cortex-m4 -mthumb -mfloat-abi=soft -Og -fmessage-length=0 -fsigned-char -ffunction-sections -fdata-sections -ffreestanding -fno-move-loop-invariants -Wall -Wextra  -g3 -T mem.ld -T libs.ld -T sections.ld -nostartfiles -Xlinker --gc-sections -L"../ldscripts" -Wl,-Map,"testInterupt.map" --specs=nano.specs -o "testInterupt.elf"  ./system/Src/stm32f4-hal/stm32f4xx_hal.o ./system/Src/stm32f4-hal/stm32f4xx_hal_cortex.o ./system/Src/stm32f4-hal/stm32f4xx_hal_flash.o ./system/Src/stm32f4-hal/stm32f4xx_hal_gpio.o ./system/Src/stm32f4-hal/stm32f4xx_hal_iwdg.o ./system/Src/stm32f4-hal/stm32f4xx_hal_pwr.o ./system/Src/stm32f4-hal/stm32f4xx_hal_rcc.o ./system/Src/stm32f4-hal/stm32f4xx_hal_uart.o  ./system/Src/newlib/_cxx.o ./system/Src/newlib/_exit.o ./system/Src/newlib/_sbrk.o ./system/Src/newlib/_startup.o ./system/Src/newlib/_syscalls.o ./system/Src/newlib/assert.o  ./system/Src/diag/Trace.o ./system/Src/diag/trace_impl.o  ./system/Src/cortexm/_initialize_hardware.o ./system/Src/cortexm/_reset_hardware.o ./system/Src/cortexm/exception_handlers.o  ./system/Src/cmsis/system_stm32f4xx.o ./system/Src/cmsis/vectors_stm32f411xe.o  ./Src/main.o ./Src/stm32f4xx_hal_msp.o ./Src/stm32f4xx_it.o   
Finished building target: testInterupt.elf
 
Invoking: Cross ARM GNU Create Flash Image
arm-none-eabi-objcopy -O ihex "testInterupt.elf"  "testInterupt.hex"
Finished building: testInterupt.hex
 
Invoking: Cross ARM GNU Print Size
arm-none-eabi-size --format=berkeley "testInterupt.elf"
   text	   data	    bss	    dec	    hex	filename
   7516	     60	    336	   7912	   1ee8	testInterupt.elf
Finished building: testInterupt.siz
 
13:42:43 **** Incremental Build of configuration Debug for project testInterupt ****
make all 
Invoking: Cross ARM GNU Print Size
arm-none-eabi-size --format=berkeley "testInterupt.elf"
   text	   data	    bss	    dec	    hex	filename
   7516	     60	    336	   7912	   1ee8	testInterupt.elf
Finished building: testInterupt.siz
 
13:42:48 **** Incremental Build of configuration Debug for project testInterupt ****
make all 
Invoking: Cross ARM GNU Print Size
arm-none-eabi-size --format=berkeley "testInterupt.elf"
   text	   data	    bss	    dec	    hex	filename
   7516	     60	    336	   7912	   1ee8	testInterupt.elf
Finished building: testInterupt.siz
 
13:45:21 **** Incremental Build of configuration Debug for project testInterupt ****
make all 
Building file: ../Src/main.c
Invoking: Cross ARM C Compiler
arm-none-eabi-gcc -mcpu=cortex-m4 -mthumb -mfloat-abi=soft -Og -fmessage-length=0 -fsigned-char -ffunction-sections -fdata-sections -ffreestanding -fno-move-loop-invariants -Wall -Wextra  -g3 -DDEBUG -DUSE_FULL_ASSERT -DSTM32F411xE -DUSE_HAL_DRIVER -DHSE_VALUE=96000000 -I"../Inc" -I"../system/Inc" -I"../system/Inc/cmsis" -I"../system/Inc/stm32f4-hal" -std=gnu11 -MMD -MP -MF"Src/main.d" -MT"Src/main.o" -c -o "Src/main.o" "../Src/main.c"
../Src/main.c: In function 'HAL_UART_RxCpltCallback':
../Src/main.c:63:30: error: 'data' undeclared (first use in this function)
  HAL_UART_Receive_IT(&huart6,data,1);
                              ^
../Src/main.c:63:30: note: each undeclared identifier is reported only once for each function it appears in
../Src/main.c:60:50: warning: unused parameter 'huart' [-Wunused-parameter]
 void HAL_UART_RxCpltCallback(UART_HandleTypeDef *huart)
                                                  ^
../Src/main.c: In function 'main':
../Src/main.c:91:29: warning: pointer targets in passing argument 2 of 'HAL_UART_Transmit' differ in signedness [-Wpointer-sign]
   HAL_UART_Transmit(&huart6,"testprogramma uart-interupt\r\n",29,10);
                             ^
In file included from ../Inc/stm32f4xx_hal_conf.h:373:0,
                 from ../system/Inc/stm32f4-hal/stm32f4xx_hal.h:48,
                 from ../Src/main.c:34:
../system/Inc/stm32f4-hal/stm32f4xx_hal_uart.h:647:19: note: expected '__uint8_t * {aka unsigned char *}' but argument is of type 'char *'
 HAL_StatusTypeDef HAL_UART_Transmit(UART_HandleTypeDef *huart, uint8_t *pData, uint16_t Size, uint32_t Timeout);
                   ^
../Src/main.c: In function 'assert_failed':
../Src/main.c:219:29: warning: unused parameter 'file' [-Wunused-parameter]
 void assert_failed(uint8_t* file, uint32_t line)
                             ^
../Src/main.c:219:44: warning: unused parameter 'line' [-Wunused-parameter]
 void assert_failed(uint8_t* file, uint32_t line)
                                            ^
make: *** [Src/main.o] Error 1
13:45:48 **** Incremental Build of configuration Debug for project testInterupt ****
make all 
Building file: ../Src/main.c
Invoking: Cross ARM C Compiler
arm-none-eabi-gcc -mcpu=cortex-m4 -mthumb -mfloat-abi=soft -Og -fmessage-length=0 -fsigned-char -ffunction-sections -fdata-sections -ffreestanding -fno-move-loop-invariants -Wall -Wextra  -g3 -DDEBUG -DUSE_FULL_ASSERT -DSTM32F411xE -DUSE_HAL_DRIVER -DHSE_VALUE=96000000 -I"../Inc" -I"../system/Inc" -I"../system/Inc/cmsis" -I"../system/Inc/stm32f4-hal" -std=gnu11 -MMD -MP -MF"Src/main.d" -MT"Src/main.o" -c -o "Src/main.o" "../Src/main.c"
../Src/main.c: In function 'HAL_UART_RxCpltCallback':
../Src/main.c:62:50: warning: unused parameter 'huart' [-Wunused-parameter]
 void HAL_UART_RxCpltCallback(UART_HandleTypeDef *huart)
                                                  ^
../Src/main.c: In function 'main':
../Src/main.c:93:29: warning: pointer targets in passing argument 2 of 'HAL_UART_Transmit' differ in signedness [-Wpointer-sign]
   HAL_UART_Transmit(&huart6,"testprogramma uart-interupt\r\n",29,10);
                             ^
In file included from ../Inc/stm32f4xx_hal_conf.h:373:0,
                 from ../system/Inc/stm32f4-hal/stm32f4xx_hal.h:48,
                 from ../Src/main.c:34:
../system/Inc/stm32f4-hal/stm32f4xx_hal_uart.h:647:19: note: expected '__uint8_t * {aka unsigned char *}' but argument is of type 'char *'
 HAL_StatusTypeDef HAL_UART_Transmit(UART_HandleTypeDef *huart, uint8_t *pData, uint16_t Size, uint32_t Timeout);
                   ^
../Src/main.c: In function 'assert_failed':
../Src/main.c:221:29: warning: unused parameter 'file' [-Wunused-parameter]
 void assert_failed(uint8_t* file, uint32_t line)
                             ^
../Src/main.c:221:44: warning: unused parameter 'line' [-Wunused-parameter]
 void assert_failed(uint8_t* file, uint32_t line)
                                            ^
Finished building: ../Src/main.c
 
Building target: testInterupt.elf
Invoking: Cross ARM C++ Linker
arm-none-eabi-g++ -mcpu=cortex-m4 -mthumb -mfloat-abi=soft -Og -fmessage-length=0 -fsigned-char -ffunction-sections -fdata-sections -ffreestanding -fno-move-loop-invariants -Wall -Wextra  -g3 -T mem.ld -T libs.ld -T sections.ld -nostartfiles -Xlinker --gc-sections -L"../ldscripts" -Wl,-Map,"testInterupt.map" --specs=nano.specs -o "testInterupt.elf"  ./system/Src/stm32f4-hal/stm32f4xx_hal.o ./system/Src/stm32f4-hal/stm32f4xx_hal_cortex.o ./system/Src/stm32f4-hal/stm32f4xx_hal_flash.o ./system/Src/stm32f4-hal/stm32f4xx_hal_gpio.o ./system/Src/stm32f4-hal/stm32f4xx_hal_iwdg.o ./system/Src/stm32f4-hal/stm32f4xx_hal_pwr.o ./system/Src/stm32f4-hal/stm32f4xx_hal_rcc.o ./system/Src/stm32f4-hal/stm32f4xx_hal_uart.o  ./system/Src/newlib/_cxx.o ./system/Src/newlib/_exit.o ./system/Src/newlib/_sbrk.o ./system/Src/newlib/_startup.o ./system/Src/newlib/_syscalls.o ./system/Src/newlib/assert.o  ./system/Src/diag/Trace.o ./system/Src/diag/trace_impl.o  ./system/Src/cortexm/_initialize_hardware.o ./system/Src/cortexm/_reset_hardware.o ./system/Src/cortexm/exception_handlers.o  ./system/Src/cmsis/system_stm32f4xx.o ./system/Src/cmsis/vectors_stm32f411xe.o  ./Src/main.o ./Src/stm32f4xx_hal_msp.o ./Src/stm32f4xx_it.o   
Finished building target: testInterupt.elf
 
Invoking: Cross ARM GNU Create Flash Image
arm-none-eabi-objcopy -O ihex "testInterupt.elf"  "testInterupt.hex"
Finished building: testInterupt.hex
 
Invoking: Cross ARM GNU Print Size
arm-none-eabi-size --format=berkeley "testInterupt.elf"
   text	   data	    bss	    dec	    hex	filename
   7536	     60	    340	   7936	   1f00	testInterupt.elf
Finished building: testInterupt.siz
 
13:49:47 **** Incremental Build of configuration Debug for project testInterupt ****
make all 
Building file: ../Src/main.c
Invoking: Cross ARM C Compiler
arm-none-eabi-gcc -mcpu=cortex-m4 -mthumb -mfloat-abi=soft -Og -fmessage-length=0 -fsigned-char -ffunction-sections -fdata-sections -ffreestanding -fno-move-loop-invariants -Wall -Wextra  -g3 -DDEBUG -DUSE_FULL_ASSERT -DSTM32F411xE -DUSE_HAL_DRIVER -DHSE_VALUE=96000000 -I"../Inc" -I"../system/Inc" -I"../system/Inc/cmsis" -I"../system/Inc/stm32f4-hal" -std=gnu11 -MMD -MP -MF"Src/main.d" -MT"Src/main.o" -c -o "Src/main.o" "../Src/main.c"
../Src/main.c: In function 'HAL_UART_RxCpltCallback':
../Src/main.c:62:50: warning: unused parameter 'huart' [-Wunused-parameter]
 void HAL_UART_RxCpltCallback(UART_HandleTypeDef *huart)
                                                  ^
../Src/main.c: In function 'main':
../Src/main.c:93:29: warning: pointer targets in passing argument 2 of 'HAL_UART_Transmit' differ in signedness [-Wpointer-sign]
   HAL_UART_Transmit(&huart6,"testprogramma uart-interupt\r\n",29,10);
                             ^
In file included from ../Inc/stm32f4xx_hal_conf.h:373:0,
                 from ../system/Inc/stm32f4-hal/stm32f4xx_hal.h:48,
                 from ../Src/main.c:34:
../system/Inc/stm32f4-hal/stm32f4xx_hal_uart.h:647:19: note: expected '__uint8_t * {aka unsigned char *}' but argument is of type 'char *'
 HAL_StatusTypeDef HAL_UART_Transmit(UART_HandleTypeDef *huart, uint8_t *pData, uint16_t Size, uint32_t Timeout);
                   ^
../Src/main.c: In function 'assert_failed':
../Src/main.c:221:29: warning: unused parameter 'file' [-Wunused-parameter]
 void assert_failed(uint8_t* file, uint32_t line)
                             ^
../Src/main.c:221:44: warning: unused parameter 'line' [-Wunused-parameter]
 void assert_failed(uint8_t* file, uint32_t line)
                                            ^
Finished building: ../Src/main.c
 
Building target: testInterupt.elf
Invoking: Cross ARM C++ Linker
arm-none-eabi-g++ -mcpu=cortex-m4 -mthumb -mfloat-abi=soft -Og -fmessage-length=0 -fsigned-char -ffunction-sections -fdata-sections -ffreestanding -fno-move-loop-invariants -Wall -Wextra  -g3 -T mem.ld -T libs.ld -T sections.ld -nostartfiles -Xlinker --gc-sections -L"../ldscripts" -Wl,-Map,"testInterupt.map" --specs=nano.specs -o "testInterupt.elf"  ./system/Src/stm32f4-hal/stm32f4xx_hal.o ./system/Src/stm32f4-hal/stm32f4xx_hal_cortex.o ./system/Src/stm32f4-hal/stm32f4xx_hal_flash.o ./system/Src/stm32f4-hal/stm32f4xx_hal_gpio.o ./system/Src/stm32f4-hal/stm32f4xx_hal_iwdg.o ./system/Src/stm32f4-hal/stm32f4xx_hal_pwr.o ./system/Src/stm32f4-hal/stm32f4xx_hal_rcc.o ./system/Src/stm32f4-hal/stm32f4xx_hal_uart.o  ./system/Src/newlib/_cxx.o ./system/Src/newlib/_exit.o ./system/Src/newlib/_sbrk.o ./system/Src/newlib/_startup.o ./system/Src/newlib/_syscalls.o ./system/Src/newlib/assert.o  ./system/Src/diag/Trace.o ./system/Src/diag/trace_impl.o  ./system/Src/cortexm/_initialize_hardware.o ./system/Src/cortexm/_reset_hardware.o ./system/Src/cortexm/exception_handlers.o  ./system/Src/cmsis/system_stm32f4xx.o ./system/Src/cmsis/vectors_stm32f411xe.o  ./Src/main.o ./Src/stm32f4xx_hal_msp.o ./Src/stm32f4xx_it.o   
Finished building target: testInterupt.elf
 
Invoking: Cross ARM GNU Create Flash Image
arm-none-eabi-objcopy -O ihex "testInterupt.elf"  "testInterupt.hex"
Finished building: testInterupt.hex
 
Invoking: Cross ARM GNU Print Size
arm-none-eabi-size --format=berkeley "testInterupt.elf"
   text	   data	    bss	    dec	    hex	filename
   7536	     60	    340	   7936	   1f00	testInterupt.elf
Finished building: testInterupt.siz
 
13:51:03 **** Incremental Build of configuration Debug for project testInterupt ****
make all 
Building file: ../Src/main.c
Invoking: Cross ARM C Compiler
arm-none-eabi-gcc -mcpu=cortex-m4 -mthumb -mfloat-abi=soft -Og -fmessage-length=0 -fsigned-char -ffunction-sections -fdata-sections -ffreestanding -fno-move-loop-invariants -Wall -Wextra  -g3 -DDEBUG -DUSE_FULL_ASSERT -DSTM32F411xE -DUSE_HAL_DRIVER -DHSE_VALUE=96000000 -I"../Inc" -I"../system/Inc" -I"../system/Inc/cmsis" -I"../system/Inc/stm32f4-hal" -std=gnu11 -MMD -MP -MF"Src/main.d" -MT"Src/main.o" -c -o "Src/main.o" "../Src/main.c"
../Src/main.c: In function 'HAL_UART_RxCpltCallback':
../Src/main.c:62:50: warning: unused parameter 'huart' [-Wunused-parameter]
 void HAL_UART_RxCpltCallback(UART_HandleTypeDef *huart)
                                                  ^
../Src/main.c: In function 'main':
../Src/main.c:93:29: warning: pointer targets in passing argument 2 of 'HAL_UART_Transmit' differ in signedness [-Wpointer-sign]
   HAL_UART_Transmit(&huart6,"testprogramma uart-interupt\r\n",29,10);
                             ^
In file included from ../Inc/stm32f4xx_hal_conf.h:373:0,
                 from ../system/Inc/stm32f4-hal/stm32f4xx_hal.h:48,
                 from ../Src/main.c:34:
../system/Inc/stm32f4-hal/stm32f4xx_hal_uart.h:647:19: note: expected '__uint8_t * {aka unsigned char *}' but argument is of type 'char *'
 HAL_StatusTypeDef HAL_UART_Transmit(UART_HandleTypeDef *huart, uint8_t *pData, uint16_t Size, uint32_t Timeout);
                   ^
../Src/main.c: In function 'assert_failed':
../Src/main.c:221:29: warning: unused parameter 'file' [-Wunused-parameter]
 void assert_failed(uint8_t* file, uint32_t line)
                             ^
../Src/main.c:221:44: warning: unused parameter 'line' [-Wunused-parameter]
 void assert_failed(uint8_t* file, uint32_t line)
                                            ^
Finished building: ../Src/main.c
 
Building target: testInterupt.elf
Invoking: Cross ARM C++ Linker
arm-none-eabi-g++ -mcpu=cortex-m4 -mthumb -mfloat-abi=soft -Og -fmessage-length=0 -fsigned-char -ffunction-sections -fdata-sections -ffreestanding -fno-move-loop-invariants -Wall -Wextra  -g3 -T mem.ld -T libs.ld -T sections.ld -nostartfiles -Xlinker --gc-sections -L"../ldscripts" -Wl,-Map,"testInterupt.map" --specs=nano.specs -o "testInterupt.elf"  ./system/Src/stm32f4-hal/stm32f4xx_hal.o ./system/Src/stm32f4-hal/stm32f4xx_hal_cortex.o ./system/Src/stm32f4-hal/stm32f4xx_hal_flash.o ./system/Src/stm32f4-hal/stm32f4xx_hal_gpio.o ./system/Src/stm32f4-hal/stm32f4xx_hal_iwdg.o ./system/Src/stm32f4-hal/stm32f4xx_hal_pwr.o ./system/Src/stm32f4-hal/stm32f4xx_hal_rcc.o ./system/Src/stm32f4-hal/stm32f4xx_hal_uart.o  ./system/Src/newlib/_cxx.o ./system/Src/newlib/_exit.o ./system/Src/newlib/_sbrk.o ./system/Src/newlib/_startup.o ./system/Src/newlib/_syscalls.o ./system/Src/newlib/assert.o  ./system/Src/diag/Trace.o ./system/Src/diag/trace_impl.o  ./system/Src/cortexm/_initialize_hardware.o ./system/Src/cortexm/_reset_hardware.o ./system/Src/cortexm/exception_handlers.o  ./system/Src/cmsis/system_stm32f4xx.o ./system/Src/cmsis/vectors_stm32f411xe.o  ./Src/main.o ./Src/stm32f4xx_hal_msp.o ./Src/stm32f4xx_it.o   
Finished building target: testInterupt.elf
 
Invoking: Cross ARM GNU Create Flash Image
arm-none-eabi-objcopy -O ihex "testInterupt.elf"  "testInterupt.hex"
Finished building: testInterupt.hex
 
Invoking: Cross ARM GNU Print Size
arm-none-eabi-size --format=berkeley "testInterupt.elf"
   text	   data	    bss	    dec	    hex	filename
   7524	     60	    340	   7924	   1ef4	testInterupt.elf
Finished building: testInterupt.siz
 
13:51:42 **** Incremental Build of configuration Debug for project testInterupt ****
make all 
Building file: ../Src/main.c
Invoking: Cross ARM C Compiler
arm-none-eabi-gcc -mcpu=cortex-m4 -mthumb -mfloat-abi=soft -Og -fmessage-length=0 -fsigned-char -ffunction-sections -fdata-sections -ffreestanding -fno-move-loop-invariants -Wall -Wextra  -g3 -DDEBUG -DUSE_FULL_ASSERT -DSTM32F411xE -DUSE_HAL_DRIVER -DHSE_VALUE=96000000 -I"../Inc" -I"../system/Inc" -I"../system/Inc/cmsis" -I"../system/Inc/stm32f4-hal" -std=gnu11 -MMD -MP -MF"Src/main.d" -MT"Src/main.o" -c -o "Src/main.o" "../Src/main.c"
../Src/main.c: In function 'HAL_UART_RxCpltCallback':
../Src/main.c:62:50: warning: unused parameter 'huart' [-Wunused-parameter]
 void HAL_UART_RxCpltCallback(UART_HandleTypeDef *huart)
                                                  ^
../Src/main.c: In function 'main':
../Src/main.c:93:29: warning: pointer targets in passing argument 2 of 'HAL_UART_Transmit' differ in signedness [-Wpointer-sign]
   HAL_UART_Transmit(&huart6,"testprogramma uart-interupt\r\n",29,10);
                             ^
In file included from ../Inc/stm32f4xx_hal_conf.h:373:0,
                 from ../system/Inc/stm32f4-hal/stm32f4xx_hal.h:48,
                 from ../Src/main.c:34:
../system/Inc/stm32f4-hal/stm32f4xx_hal_uart.h:647:19: note: expected '__uint8_t * {aka unsigned char *}' but argument is of type 'char *'
 HAL_StatusTypeDef HAL_UART_Transmit(UART_HandleTypeDef *huart, uint8_t *pData, uint16_t Size, uint32_t Timeout);
                   ^
../Src/main.c: In function 'assert_failed':
../Src/main.c:221:29: warning: unused parameter 'file' [-Wunused-parameter]
 void assert_failed(uint8_t* file, uint32_t line)
                             ^
../Src/main.c:221:44: warning: unused parameter 'line' [-Wunused-parameter]
 void assert_failed(uint8_t* file, uint32_t line)
                                            ^
Finished building: ../Src/main.c
 
Building target: testInterupt.elf
Invoking: Cross ARM C++ Linker
arm-none-eabi-g++ -mcpu=cortex-m4 -mthumb -mfloat-abi=soft -Og -fmessage-length=0 -fsigned-char -ffunction-sections -fdata-sections -ffreestanding -fno-move-loop-invariants -Wall -Wextra  -g3 -T mem.ld -T libs.ld -T sections.ld -nostartfiles -Xlinker --gc-sections -L"../ldscripts" -Wl,-Map,"testInterupt.map" --specs=nano.specs -o "testInterupt.elf"  ./system/Src/stm32f4-hal/stm32f4xx_hal.o ./system/Src/stm32f4-hal/stm32f4xx_hal_cortex.o ./system/Src/stm32f4-hal/stm32f4xx_hal_flash.o ./system/Src/stm32f4-hal/stm32f4xx_hal_gpio.o ./system/Src/stm32f4-hal/stm32f4xx_hal_iwdg.o ./system/Src/stm32f4-hal/stm32f4xx_hal_pwr.o ./system/Src/stm32f4-hal/stm32f4xx_hal_rcc.o ./system/Src/stm32f4-hal/stm32f4xx_hal_uart.o  ./system/Src/newlib/_cxx.o ./system/Src/newlib/_exit.o ./system/Src/newlib/_sbrk.o ./system/Src/newlib/_startup.o ./system/Src/newlib/_syscalls.o ./system/Src/newlib/assert.o  ./system/Src/diag/Trace.o ./system/Src/diag/trace_impl.o  ./system/Src/cortexm/_initialize_hardware.o ./system/Src/cortexm/_reset_hardware.o ./system/Src/cortexm/exception_handlers.o  ./system/Src/cmsis/system_stm32f4xx.o ./system/Src/cmsis/vectors_stm32f411xe.o  ./Src/main.o ./Src/stm32f4xx_hal_msp.o ./Src/stm32f4xx_it.o   
Finished building target: testInterupt.elf
 
Invoking: Cross ARM GNU Create Flash Image
arm-none-eabi-objcopy -O ihex "testInterupt.elf"  "testInterupt.hex"
Finished building: testInterupt.hex
 
Invoking: Cross ARM GNU Print Size
arm-none-eabi-size --format=berkeley "testInterupt.elf"
   text	   data	    bss	    dec	    hex	filename
   7536	     60	    340	   7936	   1f00	testInterupt.elf
Finished building: testInterupt.siz
 
13:52:17 **** Incremental Build of configuration Debug for project testInterupt ****
make all 
Building file: ../Src/main.c
Invoking: Cross ARM C Compiler
arm-none-eabi-gcc -mcpu=cortex-m4 -mthumb -mfloat-abi=soft -Og -fmessage-length=0 -fsigned-char -ffunction-sections -fdata-sections -ffreestanding -fno-move-loop-invariants -Wall -Wextra  -g3 -DDEBUG -DUSE_FULL_ASSERT -DSTM32F411xE -DUSE_HAL_DRIVER -DHSE_VALUE=96000000 -I"../Inc" -I"../system/Inc" -I"../system/Inc/cmsis" -I"../system/Inc/stm32f4-hal" -std=gnu11 -MMD -MP -MF"Src/main.d" -MT"Src/main.o" -c -o "Src/main.o" "../Src/main.c"
../Src/main.c: In function 'HAL_UART_RxCpltCallback':
../Src/main.c:62:50: warning: unused parameter 'huart' [-Wunused-parameter]
 void HAL_UART_RxCpltCallback(UART_HandleTypeDef *huart)
                                                  ^
../Src/main.c: In function 'main':
../Src/main.c:93:29: warning: pointer targets in passing argument 2 of 'HAL_UART_Transmit' differ in signedness [-Wpointer-sign]
   HAL_UART_Transmit(&huart6,"testprogramma uart-interupt\r\n",29,10);
                             ^
In file included from ../Inc/stm32f4xx_hal_conf.h:373:0,
                 from ../system/Inc/stm32f4-hal/stm32f4xx_hal.h:48,
                 from ../Src/main.c:34:
../system/Inc/stm32f4-hal/stm32f4xx_hal_uart.h:647:19: note: expected '__uint8_t * {aka unsigned char *}' but argument is of type 'char *'
 HAL_StatusTypeDef HAL_UART_Transmit(UART_HandleTypeDef *huart, uint8_t *pData, uint16_t Size, uint32_t Timeout);
                   ^
../Src/main.c: In function 'assert_failed':
../Src/main.c:221:29: warning: unused parameter 'file' [-Wunused-parameter]
 void assert_failed(uint8_t* file, uint32_t line)
                             ^
../Src/main.c:221:44: warning: unused parameter 'line' [-Wunused-parameter]
 void assert_failed(uint8_t* file, uint32_t line)
                                            ^
Finished building: ../Src/main.c
 
Building target: testInterupt.elf
Invoking: Cross ARM C++ Linker
arm-none-eabi-g++ -mcpu=cortex-m4 -mthumb -mfloat-abi=soft -Og -fmessage-length=0 -fsigned-char -ffunction-sections -fdata-sections -ffreestanding -fno-move-loop-invariants -Wall -Wextra  -g3 -T mem.ld -T libs.ld -T sections.ld -nostartfiles -Xlinker --gc-sections -L"../ldscripts" -Wl,-Map,"testInterupt.map" --specs=nano.specs -o "testInterupt.elf"  ./system/Src/stm32f4-hal/stm32f4xx_hal.o ./system/Src/stm32f4-hal/stm32f4xx_hal_cortex.o ./system/Src/stm32f4-hal/stm32f4xx_hal_flash.o ./system/Src/stm32f4-hal/stm32f4xx_hal_gpio.o ./system/Src/stm32f4-hal/stm32f4xx_hal_iwdg.o ./system/Src/stm32f4-hal/stm32f4xx_hal_pwr.o ./system/Src/stm32f4-hal/stm32f4xx_hal_rcc.o ./system/Src/stm32f4-hal/stm32f4xx_hal_uart.o  ./system/Src/newlib/_cxx.o ./system/Src/newlib/_exit.o ./system/Src/newlib/_sbrk.o ./system/Src/newlib/_startup.o ./system/Src/newlib/_syscalls.o ./system/Src/newlib/assert.o  ./system/Src/diag/Trace.o ./system/Src/diag/trace_impl.o  ./system/Src/cortexm/_initialize_hardware.o ./system/Src/cortexm/_reset_hardware.o ./system/Src/cortexm/exception_handlers.o  ./system/Src/cmsis/system_stm32f4xx.o ./system/Src/cmsis/vectors_stm32f411xe.o  ./Src/main.o ./Src/stm32f4xx_hal_msp.o ./Src/stm32f4xx_it.o   
Finished building target: testInterupt.elf
 
Invoking: Cross ARM GNU Create Flash Image
arm-none-eabi-objcopy -O ihex "testInterupt.elf"  "testInterupt.hex"
Finished building: testInterupt.hex
 
Invoking: Cross ARM GNU Print Size
arm-none-eabi-size --format=berkeley "testInterupt.elf"
   text	   data	    bss	    dec	    hex	filename
   7524	     60	    340	   7924	   1ef4	testInterupt.elf
Finished building: testInterupt.siz
 
13:54:31 **** Incremental Build of configuration Debug for project testInterupt ****
make all 
Building file: ../Src/main.c
Invoking: Cross ARM C Compiler
arm-none-eabi-gcc -mcpu=cortex-m4 -mthumb -mfloat-abi=soft -Og -fmessage-length=0 -fsigned-char -ffunction-sections -fdata-sections -ffreestanding -fno-move-loop-invariants -Wall -Wextra  -g3 -DDEBUG -DUSE_FULL_ASSERT -DSTM32F411xE -DUSE_HAL_DRIVER -DHSE_VALUE=96000000 -I"../Inc" -I"../system/Inc" -I"../system/Inc/cmsis" -I"../system/Inc/stm32f4-hal" -std=gnu11 -MMD -MP -MF"Src/main.d" -MT"Src/main.o" -c -o "Src/main.o" "../Src/main.c"
../Src/main.c: In function 'HAL_UART_RxCpltCallback':
../Src/main.c:62:50: warning: unused parameter 'huart' [-Wunused-parameter]
 void HAL_UART_RxCpltCallback(UART_HandleTypeDef *huart)
                                                  ^
../Src/main.c: In function 'main':
../Src/main.c:93:29: warning: pointer targets in passing argument 2 of 'HAL_UART_Transmit' differ in signedness [-Wpointer-sign]
   HAL_UART_Transmit(&huart6,"testprogramma uart-interupt\r\n",29,10);
                             ^
In file included from ../Inc/stm32f4xx_hal_conf.h:373:0,
                 from ../system/Inc/stm32f4-hal/stm32f4xx_hal.h:48,
                 from ../Src/main.c:34:
../system/Inc/stm32f4-hal/stm32f4xx_hal_uart.h:647:19: note: expected '__uint8_t * {aka unsigned char *}' but argument is of type 'char *'
 HAL_StatusTypeDef HAL_UART_Transmit(UART_HandleTypeDef *huart, uint8_t *pData, uint16_t Size, uint32_t Timeout);
                   ^
../Src/main.c: In function 'assert_failed':
../Src/main.c:221:29: warning: unused parameter 'file' [-Wunused-parameter]
 void assert_failed(uint8_t* file, uint32_t line)
                             ^
../Src/main.c:221:44: warning: unused parameter 'line' [-Wunused-parameter]
 void assert_failed(uint8_t* file, uint32_t line)
                                            ^
Finished building: ../Src/main.c
 
Building file: ../Src/stm32f4xx_it.c
Invoking: Cross ARM C Compiler
arm-none-eabi-gcc -mcpu=cortex-m4 -mthumb -mfloat-abi=soft -Og -fmessage-length=0 -fsigned-char -ffunction-sections -fdata-sections -ffreestanding -fno-move-loop-invariants -Wall -Wextra  -g3 -DDEBUG -DUSE_FULL_ASSERT -DSTM32F411xE -DUSE_HAL_DRIVER -DHSE_VALUE=96000000 -I"../Inc" -I"../system/Inc" -I"../system/Inc/cmsis" -I"../system/Inc/stm32f4-hal" -std=gnu11 -MMD -MP -MF"Src/stm32f4xx_it.d" -MT"Src/stm32f4xx_it.o" -c -o "Src/stm32f4xx_it.o" "../Src/stm32f4xx_it.c"
Finished building: ../Src/stm32f4xx_it.c
 
Building target: testInterupt.elf
Invoking: Cross ARM C++ Linker
arm-none-eabi-g++ -mcpu=cortex-m4 -mthumb -mfloat-abi=soft -Og -fmessage-length=0 -fsigned-char -ffunction-sections -fdata-sections -ffreestanding -fno-move-loop-invariants -Wall -Wextra  -g3 -T mem.ld -T libs.ld -T sections.ld -nostartfiles -Xlinker --gc-sections -L"../ldscripts" -Wl,-Map,"testInterupt.map" --specs=nano.specs -o "testInterupt.elf"  ./system/Src/stm32f4-hal/stm32f4xx_hal.o ./system/Src/stm32f4-hal/stm32f4xx_hal_cortex.o ./system/Src/stm32f4-hal/stm32f4xx_hal_flash.o ./system/Src/stm32f4-hal/stm32f4xx_hal_gpio.o ./system/Src/stm32f4-hal/stm32f4xx_hal_iwdg.o ./system/Src/stm32f4-hal/stm32f4xx_hal_pwr.o ./system/Src/stm32f4-hal/stm32f4xx_hal_rcc.o ./system/Src/stm32f4-hal/stm32f4xx_hal_uart.o  ./system/Src/newlib/_cxx.o ./system/Src/newlib/_exit.o ./system/Src/newlib/_sbrk.o ./system/Src/newlib/_startup.o ./system/Src/newlib/_syscalls.o ./system/Src/newlib/assert.o  ./system/Src/diag/Trace.o ./system/Src/diag/trace_impl.o  ./system/Src/cortexm/_initialize_hardware.o ./system/Src/cortexm/_reset_hardware.o ./system/Src/cortexm/exception_handlers.o  ./system/Src/cmsis/system_stm32f4xx.o ./system/Src/cmsis/vectors_stm32f411xe.o  ./Src/main.o ./Src/stm32f4xx_hal_msp.o ./Src/stm32f4xx_it.o   
Finished building target: testInterupt.elf
 
Invoking: Cross ARM GNU Create Flash Image
arm-none-eabi-objcopy -O ihex "testInterupt.elf"  "testInterupt.hex"
Finished building: testInterupt.hex
 
Invoking: Cross ARM GNU Print Size
arm-none-eabi-size --format=berkeley "testInterupt.elf"
   text	   data	    bss	    dec	    hex	filename
   7524	     60	    340	   7924	   1ef4	testInterupt.elf
Finished building: testInterupt.siz
 
13:54:50 **** Incremental Build of configuration Debug for project testInterupt ****
make all 
Invoking: Cross ARM GNU Print Size
arm-none-eabi-size --format=berkeley "testInterupt.elf"
   text	   data	    bss	    dec	    hex	filename
   7524	     60	    340	   7924	   1ef4	testInterupt.elf
Finished building: testInterupt.siz
 
13:56:58 **** Incremental Build of configuration Debug for project testInterupt ****
make all 
Invoking: Cross ARM GNU Print Size
arm-none-eabi-size --format=berkeley "testInterupt.elf"
   text	   data	    bss	    dec	    hex	filename
   7524	     60	    340	   7924	   1ef4	testInterupt.elf
Finished building: testInterupt.siz
 
09:15:09 **** Build of configuration Debug for project testTimer ****
make all 
Building file: ../system/Src/stm32f4-hal/stm32f4xx_hal.c
Invoking: Cross ARM C Compiler
arm-none-eabi-gcc -mcpu=cortex-m4 -mthumb -mfloat-abi=soft -Og -fmessage-length=0 -fsigned-char -ffunction-sections -fdata-sections -ffreestanding -fno-move-loop-invariants -Wall -Wextra  -g3 -DDEBUG -DUSE_FULL_ASSERT -DSTM32F411xE -DUSE_HAL_DRIVER -DHSE_VALUE=96000000 -I"../Inc" -I"../system/Inc" -I"../system/Inc/cmsis" -I"../system/Inc/stm32f4-hal" -std=gnu11 -Wno-bad-function-cast -Wno-conversion -Wno-sign-conversion -Wno-unused-parameter -Wno-sign-compare -Wno-missing-prototypes -Wno-missing-declarations -MMD -MP -MF"system/Src/stm32f4-hal/stm32f4xx_hal.d" -MT"system/Src/stm32f4-hal/stm32f4xx_hal.o" -c -o "system/Src/stm32f4-hal/stm32f4xx_hal.o" "../system/Src/stm32f4-hal/stm32f4xx_hal.c"
Finished building: ../system/Src/stm32f4-hal/stm32f4xx_hal.c
 
Building file: ../system/Src/stm32f4-hal/stm32f4xx_hal_cortex.c
Invoking: Cross ARM C Compiler
arm-none-eabi-gcc -mcpu=cortex-m4 -mthumb -mfloat-abi=soft -Og -fmessage-length=0 -fsigned-char -ffunction-sections -fdata-sections -ffreestanding -fno-move-loop-invariants -Wall -Wextra  -g3 -DDEBUG -DUSE_FULL_ASSERT -DSTM32F411xE -DUSE_HAL_DRIVER -DHSE_VALUE=96000000 -I"../Inc" -I"../system/Inc" -I"../system/Inc/cmsis" -I"../system/Inc/stm32f4-hal" -std=gnu11 -Wno-bad-function-cast -Wno-conversion -Wno-sign-conversion -Wno-unused-parameter -Wno-sign-compare -Wno-missing-prototypes -Wno-missing-declarations -MMD -MP -MF"system/Src/stm32f4-hal/stm32f4xx_hal_cortex.d" -MT"system/Src/stm32f4-hal/stm32f4xx_hal_cortex.o" -c -o "system/Src/stm32f4-hal/stm32f4xx_hal_cortex.o" "../system/Src/stm32f4-hal/stm32f4xx_hal_cortex.c"
Finished building: ../system/Src/stm32f4-hal/stm32f4xx_hal_cortex.c
 
Building file: ../system/Src/stm32f4-hal/stm32f4xx_hal_flash.c
Invoking: Cross ARM C Compiler
arm-none-eabi-gcc -mcpu=cortex-m4 -mthumb -mfloat-abi=soft -Og -fmessage-length=0 -fsigned-char -ffunction-sections -fdata-sections -ffreestanding -fno-move-loop-invariants -Wall -Wextra  -g3 -DDEBUG -DUSE_FULL_ASSERT -DSTM32F411xE -DUSE_HAL_DRIVER -DHSE_VALUE=96000000 -I"../Inc" -I"../system/Inc" -I"../system/Inc/cmsis" -I"../system/Inc/stm32f4-hal" -std=gnu11 -Wno-bad-function-cast -Wno-conversion -Wno-sign-conversion -Wno-unused-parameter -Wno-sign-compare -Wno-missing-prototypes -Wno-missing-declarations -MMD -MP -MF"system/Src/stm32f4-hal/stm32f4xx_hal_flash.d" -MT"system/Src/stm32f4-hal/stm32f4xx_hal_flash.o" -c -o "system/Src/stm32f4-hal/stm32f4xx_hal_flash.o" "../system/Src/stm32f4-hal/stm32f4xx_hal_flash.c"
Finished building: ../system/Src/stm32f4-hal/stm32f4xx_hal_flash.c
 
Building file: ../system/Src/stm32f4-hal/stm32f4xx_hal_gpio.c
Invoking: Cross ARM C Compiler
arm-none-eabi-gcc -mcpu=cortex-m4 -mthumb -mfloat-abi=soft -Og -fmessage-length=0 -fsigned-char -ffunction-sections -fdata-sections -ffreestanding -fno-move-loop-invariants -Wall -Wextra  -g3 -DDEBUG -DUSE_FULL_ASSERT -DSTM32F411xE -DUSE_HAL_DRIVER -DHSE_VALUE=96000000 -I"../Inc" -I"../system/Inc" -I"../system/Inc/cmsis" -I"../system/Inc/stm32f4-hal" -std=gnu11 -Wno-bad-function-cast -Wno-conversion -Wno-sign-conversion -Wno-unused-parameter -Wno-sign-compare -Wno-missing-prototypes -Wno-missing-declarations -MMD -MP -MF"system/Src/stm32f4-hal/stm32f4xx_hal_gpio.d" -MT"system/Src/stm32f4-hal/stm32f4xx_hal_gpio.o" -c -o "system/Src/stm32f4-hal/stm32f4xx_hal_gpio.o" "../system/Src/stm32f4-hal/stm32f4xx_hal_gpio.c"
Finished building: ../system/Src/stm32f4-hal/stm32f4xx_hal_gpio.c
 
Building file: ../system/Src/stm32f4-hal/stm32f4xx_hal_iwdg.c
Invoking: Cross ARM C Compiler
arm-none-eabi-gcc -mcpu=cortex-m4 -mthumb -mfloat-abi=soft -Og -fmessage-length=0 -fsigned-char -ffunction-sections -fdata-sections -ffreestanding -fno-move-loop-invariants -Wall -Wextra  -g3 -DDEBUG -DUSE_FULL_ASSERT -DSTM32F411xE -DUSE_HAL_DRIVER -DHSE_VALUE=96000000 -I"../Inc" -I"../system/Inc" -I"../system/Inc/cmsis" -I"../system/Inc/stm32f4-hal" -std=gnu11 -Wno-bad-function-cast -Wno-conversion -Wno-sign-conversion -Wno-unused-parameter -Wno-sign-compare -Wno-missing-prototypes -Wno-missing-declarations -MMD -MP -MF"system/Src/stm32f4-hal/stm32f4xx_hal_iwdg.d" -MT"system/Src/stm32f4-hal/stm32f4xx_hal_iwdg.o" -c -o "system/Src/stm32f4-hal/stm32f4xx_hal_iwdg.o" "../system/Src/stm32f4-hal/stm32f4xx_hal_iwdg.c"
Finished building: ../system/Src/stm32f4-hal/stm32f4xx_hal_iwdg.c
 
Building file: ../system/Src/stm32f4-hal/stm32f4xx_hal_pwr.c
Invoking: Cross ARM C Compiler
arm-none-eabi-gcc -mcpu=cortex-m4 -mthumb -mfloat-abi=soft -Og -fmessage-length=0 -fsigned-char -ffunction-sections -fdata-sections -ffreestanding -fno-move-loop-invariants -Wall -Wextra  -g3 -DDEBUG -DUSE_FULL_ASSERT -DSTM32F411xE -DUSE_HAL_DRIVER -DHSE_VALUE=96000000 -I"../Inc" -I"../system/Inc" -I"../system/Inc/cmsis" -I"../system/Inc/stm32f4-hal" -std=gnu11 -Wno-bad-function-cast -Wno-conversion -Wno-sign-conversion -Wno-unused-parameter -Wno-sign-compare -Wno-missing-prototypes -Wno-missing-declarations -MMD -MP -MF"system/Src/stm32f4-hal/stm32f4xx_hal_pwr.d" -MT"system/Src/stm32f4-hal/stm32f4xx_hal_pwr.o" -c -o "system/Src/stm32f4-hal/stm32f4xx_hal_pwr.o" "../system/Src/stm32f4-hal/stm32f4xx_hal_pwr.c"
Finished building: ../system/Src/stm32f4-hal/stm32f4xx_hal_pwr.c
 
Building file: ../system/Src/stm32f4-hal/stm32f4xx_hal_rcc.c
Invoking: Cross ARM C Compiler
arm-none-eabi-gcc -mcpu=cortex-m4 -mthumb -mfloat-abi=soft -Og -fmessage-length=0 -fsigned-char -ffunction-sections -fdata-sections -ffreestanding -fno-move-loop-invariants -Wall -Wextra  -g3 -DDEBUG -DUSE_FULL_ASSERT -DSTM32F411xE -DUSE_HAL_DRIVER -DHSE_VALUE=96000000 -I"../Inc" -I"../system/Inc" -I"../system/Inc/cmsis" -I"../system/Inc/stm32f4-hal" -std=gnu11 -Wno-bad-function-cast -Wno-conversion -Wno-sign-conversion -Wno-unused-parameter -Wno-sign-compare -Wno-missing-prototypes -Wno-missing-declarations -MMD -MP -MF"system/Src/stm32f4-hal/stm32f4xx_hal_rcc.d" -MT"system/Src/stm32f4-hal/stm32f4xx_hal_rcc.o" -c -o "system/Src/stm32f4-hal/stm32f4xx_hal_rcc.o" "../system/Src/stm32f4-hal/stm32f4xx_hal_rcc.c"
Finished building: ../system/Src/stm32f4-hal/stm32f4xx_hal_rcc.c
 
Building file: ../system/Src/newlib/_cxx.cpp
Invoking: Cross ARM C++ Compiler
arm-none-eabi-g++ -mcpu=cortex-m4 -mthumb -mfloat-abi=soft -Og -fmessage-length=0 -fsigned-char -ffunction-sections -fdata-sections -ffreestanding -fno-move-loop-invariants -Wall -Wextra  -g3 -DDEBUG -DUSE_FULL_ASSERT -DSTM32F411xE -DUSE_HAL_DRIVER -DHSE_VALUE=96000000 -I"../Inc" -I"../system/Inc" -I"../system/Inc/cmsis" -I"../system/Inc/stm32f4-hal" -std=gnu++11 -fabi-version=0 -fno-exceptions -fno-rtti -fno-use-cxa-atexit -fno-threadsafe-statics -MMD -MP -MF"system/Src/newlib/_cxx.d" -MT"system/Src/newlib/_cxx.o" -c -o "system/Src/newlib/_cxx.o" "../system/Src/newlib/_cxx.cpp"
Finished building: ../system/Src/newlib/_cxx.cpp
 
Building file: ../system/Src/newlib/_exit.c
Invoking: Cross ARM C Compiler
arm-none-eabi-gcc -mcpu=cortex-m4 -mthumb -mfloat-abi=soft -Og -fmessage-length=0 -fsigned-char -ffunction-sections -fdata-sections -ffreestanding -fno-move-loop-invariants -Wall -Wextra  -g3 -DDEBUG -DUSE_FULL_ASSERT -DSTM32F411xE -DUSE_HAL_DRIVER -DHSE_VALUE=96000000 -I"../Inc" -I"../system/Inc" -I"../system/Inc/cmsis" -I"../system/Inc/stm32f4-hal" -std=gnu11 -MMD -MP -MF"system/Src/newlib/_exit.d" -MT"system/Src/newlib/_exit.o" -c -o "system/Src/newlib/_exit.o" "../system/Src/newlib/_exit.c"
Finished building: ../system/Src/newlib/_exit.c
 
Building file: ../system/Src/newlib/_sbrk.c
Invoking: Cross ARM C Compiler
arm-none-eabi-gcc -mcpu=cortex-m4 -mthumb -mfloat-abi=soft -Og -fmessage-length=0 -fsigned-char -ffunction-sections -fdata-sections -ffreestanding -fno-move-loop-invariants -Wall -Wextra  -g3 -DDEBUG -DUSE_FULL_ASSERT -DSTM32F411xE -DUSE_HAL_DRIVER -DHSE_VALUE=96000000 -I"../Inc" -I"../system/Inc" -I"../system/Inc/cmsis" -I"../system/Inc/stm32f4-hal" -std=gnu11 -MMD -MP -MF"system/Src/newlib/_sbrk.d" -MT"system/Src/newlib/_sbrk.o" -c -o "system/Src/newlib/_sbrk.o" "../system/Src/newlib/_sbrk.c"
Finished building: ../system/Src/newlib/_sbrk.c
 
Building file: ../system/Src/newlib/_startup.c
Invoking: Cross ARM C Compiler
arm-none-eabi-gcc -mcpu=cortex-m4 -mthumb -mfloat-abi=soft -Og -fmessage-length=0 -fsigned-char -ffunction-sections -fdata-sections -ffreestanding -fno-move-loop-invariants -Wall -Wextra  -g3 -DDEBUG -DUSE_FULL_ASSERT -DSTM32F411xE -DUSE_HAL_DRIVER -DHSE_VALUE=96000000 -DOS_INCLUDE_STARTUP_INIT_MULTIPLE_RAM_SECTIONS -I"../Inc" -I"../system/Inc" -I"../system/Inc/cmsis" -I"../system/Inc/stm32f4-hal" -std=gnu11 -MMD -MP -MF"system/Src/newlib/_startup.d" -MT"system/Src/newlib/_startup.d" -c -o "system/Src/newlib/_startup.o" "../system/Src/newlib/_startup.c"
Finished building: ../system/Src/newlib/_startup.c
 
Building file: ../system/Src/newlib/_syscalls.c
Invoking: Cross ARM C Compiler
arm-none-eabi-gcc -mcpu=cortex-m4 -mthumb -mfloat-abi=soft -Og -fmessage-length=0 -fsigned-char -ffunction-sections -fdata-sections -ffreestanding -fno-move-loop-invariants -Wall -Wextra  -g3 -DDEBUG -DUSE_FULL_ASSERT -DSTM32F411xE -DUSE_HAL_DRIVER -DHSE_VALUE=96000000 -I"../Inc" -I"../system/Inc" -I"../system/Inc/cmsis" -I"../system/Inc/stm32f4-hal" -std=gnu11 -MMD -MP -MF"system/Src/newlib/_syscalls.d" -MT"system/Src/newlib/_syscalls.o" -c -o "system/Src/newlib/_syscalls.o" "../system/Src/newlib/_syscalls.c"
Finished building: ../system/Src/newlib/_syscalls.c
 
Building file: ../system/Src/newlib/assert.c
Invoking: Cross ARM C Compiler
arm-none-eabi-gcc -mcpu=cortex-m4 -mthumb -mfloat-abi=soft -Og -fmessage-length=0 -fsigned-char -ffunction-sections -fdata-sections -ffreestanding -fno-move-loop-invariants -Wall -Wextra  -g3 -DDEBUG -DUSE_FULL_ASSERT -DSTM32F411xE -DUSE_HAL_DRIVER -DHSE_VALUE=96000000 -I"../Inc" -I"../system/Inc" -I"../system/Inc/cmsis" -I"../system/Inc/stm32f4-hal" -std=gnu11 -MMD -MP -MF"system/Src/newlib/assert.d" -MT"system/Src/newlib/assert.o" -c -o "system/Src/newlib/assert.o" "../system/Src/newlib/assert.c"
Finished building: ../system/Src/newlib/assert.c
 
Building file: ../system/Src/diag/Trace.c
Invoking: Cross ARM C Compiler
arm-none-eabi-gcc -mcpu=cortex-m4 -mthumb -mfloat-abi=soft -Og -fmessage-length=0 -fsigned-char -ffunction-sections -fdata-sections -ffreestanding -fno-move-loop-invariants -Wall -Wextra  -g3 -DDEBUG -DUSE_FULL_ASSERT -DSTM32F411xE -DUSE_HAL_DRIVER -DHSE_VALUE=96000000 -I"../Inc" -I"../system/Inc" -I"../system/Inc/cmsis" -I"../system/Inc/stm32f4-hal" -std=gnu11 -MMD -MP -MF"system/Src/diag/Trace.d" -MT"system/Src/diag/Trace.o" -c -o "system/Src/diag/Trace.o" "../system/Src/diag/Trace.c"
Finished building: ../system/Src/diag/Trace.c
 
Building file: ../system/Src/diag/trace_impl.c
Invoking: Cross ARM C Compiler
arm-none-eabi-gcc -mcpu=cortex-m4 -mthumb -mfloat-abi=soft -Og -fmessage-length=0 -fsigned-char -ffunction-sections -fdata-sections -ffreestanding -fno-move-loop-invariants -Wall -Wextra  -g3 -DDEBUG -DUSE_FULL_ASSERT -DSTM32F411xE -DUSE_HAL_DRIVER -DHSE_VALUE=96000000 -I"../Inc" -I"../system/Inc" -I"../system/Inc/cmsis" -I"../system/Inc/stm32f4-hal" -std=gnu11 -MMD -MP -MF"system/Src/diag/trace_impl.d" -MT"system/Src/diag/trace_impl.o" -c -o "system/Src/diag/trace_impl.o" "../system/Src/diag/trace_impl.c"
Finished building: ../system/Src/diag/trace_impl.c
 
Building file: ../system/Src/cortexm/_initialize_hardware.c
Invoking: Cross ARM C Compiler
arm-none-eabi-gcc -mcpu=cortex-m4 -mthumb -mfloat-abi=soft -Og -fmessage-length=0 -fsigned-char -ffunction-sections -fdata-sections -ffreestanding -fno-move-loop-invariants -Wall -Wextra  -g3 -DDEBUG -DUSE_FULL_ASSERT -DSTM32F411xE -DUSE_HAL_DRIVER -DHSE_VALUE=96000000 -I"../Inc" -I"../system/Inc" -I"../system/Inc/cmsis" -I"../system/Inc/stm32f4-hal" -std=gnu11 -MMD -MP -MF"system/Src/cortexm/_initialize_hardware.d" -MT"system/Src/cortexm/_initialize_hardware.o" -c -o "system/Src/cortexm/_initialize_hardware.o" "../system/Src/cortexm/_initialize_hardware.c"
Finished building: ../system/Src/cortexm/_initialize_hardware.c
 
Building file: ../system/Src/cortexm/_reset_hardware.c
Invoking: Cross ARM C Compiler
arm-none-eabi-gcc -mcpu=cortex-m4 -mthumb -mfloat-abi=soft -Og -fmessage-length=0 -fsigned-char -ffunction-sections -fdata-sections -ffreestanding -fno-move-loop-invariants -Wall -Wextra  -g3 -DDEBUG -DUSE_FULL_ASSERT -DSTM32F411xE -DUSE_HAL_DRIVER -DHSE_VALUE=96000000 -I"../Inc" -I"../system/Inc" -I"../system/Inc/cmsis" -I"../system/Inc/stm32f4-hal" -std=gnu11 -MMD -MP -MF"system/Src/cortexm/_reset_hardware.d" -MT"system/Src/cortexm/_reset_hardware.o" -c -o "system/Src/cortexm/_reset_hardware.o" "../system/Src/cortexm/_reset_hardware.c"
Finished building: ../system/Src/cortexm/_reset_hardware.c
 
Building file: ../system/Src/cortexm/exception_handlers.c
Invoking: Cross ARM C Compiler
arm-none-eabi-gcc -mcpu=cortex-m4 -mthumb -mfloat-abi=soft -Og -fmessage-length=0 -fsigned-char -ffunction-sections -fdata-sections -ffreestanding -fno-move-loop-invariants -Wall -Wextra  -g3 -DDEBUG -DUSE_FULL_ASSERT -DSTM32F411xE -DUSE_HAL_DRIVER -DHSE_VALUE=96000000 -I"../Inc" -I"../system/Inc" -I"../system/Inc/cmsis" -I"../system/Inc/stm32f4-hal" -std=gnu11 -MMD -MP -MF"system/Src/cortexm/exception_handlers.d" -MT"system/Src/cortexm/exception_handlers.o" -c -o "system/Src/cortexm/exception_handlers.o" "../system/Src/cortexm/exception_handlers.c"
Finished building: ../system/Src/cortexm/exception_handlers.c
 
Building file: ../system/Src/cmsis/system_stm32f4xx.c
Invoking: Cross ARM C Compiler
arm-none-eabi-gcc -mcpu=cortex-m4 -mthumb -mfloat-abi=soft -Og -fmessage-length=0 -fsigned-char -ffunction-sections -fdata-sections -ffreestanding -fno-move-loop-invariants -Wall -Wextra  -g3 -DDEBUG -DUSE_FULL_ASSERT -DSTM32F411xE -DUSE_HAL_DRIVER -DHSE_VALUE=96000000 -I"../Inc" -I"../system/Inc" -I"../system/Inc/cmsis" -I"../system/Inc/stm32f4-hal" -std=gnu11 -MMD -MP -MF"system/Src/cmsis/system_stm32f4xx.d" -MT"system/Src/cmsis/system_stm32f4xx.o" -c -o "system/Src/cmsis/system_stm32f4xx.o" "../system/Src/cmsis/system_stm32f4xx.c"
Finished building: ../system/Src/cmsis/system_stm32f4xx.c
 
Building file: ../system/Src/cmsis/vectors_stm32f411xe.c
Invoking: Cross ARM C Compiler
arm-none-eabi-gcc -mcpu=cortex-m4 -mthumb -mfloat-abi=soft -Og -fmessage-length=0 -fsigned-char -ffunction-sections -fdata-sections -ffreestanding -fno-move-loop-invariants -Wall -Wextra  -g3 -DDEBUG -DUSE_FULL_ASSERT -DSTM32F411xE -DUSE_HAL_DRIVER -DHSE_VALUE=96000000 -I"../Inc" -I"../system/Inc" -I"../system/Inc/cmsis" -I"../system/Inc/stm32f4-hal" -std=gnu11 -MMD -MP -MF"system/Src/cmsis/vectors_stm32f411xe.d" -MT"system/Src/cmsis/vectors_stm32f411xe.o" -c -o "system/Src/cmsis/vectors_stm32f411xe.o" "../system/Src/cmsis/vectors_stm32f411xe.c"
Finished building: ../system/Src/cmsis/vectors_stm32f411xe.c
 
Building file: ../Src/main.c
Invoking: Cross ARM C Compiler
arm-none-eabi-gcc -mcpu=cortex-m4 -mthumb -mfloat-abi=soft -Og -fmessage-length=0 -fsigned-char -ffunction-sections -fdata-sections -ffreestanding -fno-move-loop-invariants -Wall -Wextra  -g3 -DDEBUG -DUSE_FULL_ASSERT -DSTM32F411xE -DUSE_HAL_DRIVER -DHSE_VALUE=96000000 -I"../Inc" -I"../system/Inc" -I"../system/Inc/cmsis" -I"../system/Inc/stm32f4-hal" -std=gnu11 -MMD -MP -MF"Src/main.d" -MT"Src/main.o" -c -o "Src/main.o" "../Src/main.c"
../Src/main.c: In function 'assert_failed':
../Src/main.c:213:29: warning: unused parameter 'file' [-Wunused-parameter]
 void assert_failed(uint8_t* file, uint32_t line)
                             ^
../Src/main.c:213:44: warning: unused parameter 'line' [-Wunused-parameter]
 void assert_failed(uint8_t* file, uint32_t line)
                                            ^
Finished building: ../Src/main.c
 
Building file: ../Src/stm32f4xx_hal_msp.c
Invoking: Cross ARM C Compiler
arm-none-eabi-gcc -mcpu=cortex-m4 -mthumb -mfloat-abi=soft -Og -fmessage-length=0 -fsigned-char -ffunction-sections -fdata-sections -ffreestanding -fno-move-loop-invariants -Wall -Wextra  -g3 -DDEBUG -DUSE_FULL_ASSERT -DSTM32F411xE -DUSE_HAL_DRIVER -DHSE_VALUE=96000000 -I"../Inc" -I"../system/Inc" -I"../system/Inc/cmsis" -I"../system/Inc/stm32f4-hal" -std=gnu11 -Wno-missing-prototypes -Wno-missing-declarations -MMD -MP -MF"Src/stm32f4xx_hal_msp.d" -MT"Src/stm32f4xx_hal_msp.d" -c -o "Src/stm32f4xx_hal_msp.o" "../Src/stm32f4xx_hal_msp.c"
Finished building: ../Src/stm32f4xx_hal_msp.c
 
Building file: ../Src/stm32f4xx_it.c
Invoking: Cross ARM C Compiler
arm-none-eabi-gcc -mcpu=cortex-m4 -mthumb -mfloat-abi=soft -Og -fmessage-length=0 -fsigned-char -ffunction-sections -fdata-sections -ffreestanding -fno-move-loop-invariants -Wall -Wextra  -g3 -DDEBUG -DUSE_FULL_ASSERT -DSTM32F411xE -DUSE_HAL_DRIVER -DHSE_VALUE=96000000 -I"../Inc" -I"../system/Inc" -I"../system/Inc/cmsis" -I"../system/Inc/stm32f4-hal" -std=gnu11 -MMD -MP -MF"Src/stm32f4xx_it.d" -MT"Src/stm32f4xx_it.o" -c -o "Src/stm32f4xx_it.o" "../Src/stm32f4xx_it.c"
Finished building: ../Src/stm32f4xx_it.c
 
Building target: testTimer.elf
Invoking: Cross ARM C++ Linker
arm-none-eabi-g++ -mcpu=cortex-m4 -mthumb -mfloat-abi=soft -Og -fmessage-length=0 -fsigned-char -ffunction-sections -fdata-sections -ffreestanding -fno-move-loop-invariants -Wall -Wextra  -g3 -T mem.ld -T libs.ld -T sections.ld -nostartfiles -Xlinker --gc-sections -L"../ldscripts" -Wl,-Map,"testTimer.map" --specs=nano.specs -o "testTimer.elf"  ./system/Src/stm32f4-hal/stm32f4xx_hal.o ./system/Src/stm32f4-hal/stm32f4xx_hal_cortex.o ./system/Src/stm32f4-hal/stm32f4xx_hal_flash.o ./system/Src/stm32f4-hal/stm32f4xx_hal_gpio.o ./system/Src/stm32f4-hal/stm32f4xx_hal_iwdg.o ./system/Src/stm32f4-hal/stm32f4xx_hal_pwr.o ./system/Src/stm32f4-hal/stm32f4xx_hal_rcc.o  ./system/Src/newlib/_cxx.o ./system/Src/newlib/_exit.o ./system/Src/newlib/_sbrk.o ./system/Src/newlib/_startup.o ./system/Src/newlib/_syscalls.o ./system/Src/newlib/assert.o  ./system/Src/diag/Trace.o ./system/Src/diag/trace_impl.o  ./system/Src/cortexm/_initialize_hardware.o ./system/Src/cortexm/_reset_hardware.o ./system/Src/cortexm/exception_handlers.o  ./system/Src/cmsis/system_stm32f4xx.o ./system/Src/cmsis/vectors_stm32f411xe.o  ./Src/main.o ./Src/stm32f4xx_hal_msp.o ./Src/stm32f4xx_it.o   
./Src/main.o: In function `MX_TIM3_Init':
/Volumes/Data/Olivier/Documents/School/Project2/Wireless-Jukebox/Testprogrammas/testTimer/Debug/../Src/main.c:162: undefined reference to `HAL_TIM_Base_Init'
/Volumes/Data/Olivier/Documents/School/Project2/Wireless-Jukebox/Testprogrammas/testTimer/Debug/../Src/main.c:165: undefined reference to `HAL_TIM_ConfigClockSource'
/Volumes/Data/Olivier/Documents/School/Project2/Wireless-Jukebox/Testprogrammas/testTimer/Debug/../Src/main.c:169: undefined reference to `HAL_TIMEx_MasterConfigSynchronization'
./Src/main.o: In function `main':
/Volumes/Data/Olivier/Documents/School/Project2/Wireless-Jukebox/Testprogrammas/testTimer/Debug/../Src/main.c:92: undefined reference to `HAL_TIM_Base_Start_IT'
./Src/stm32f4xx_it.o: In function `TIM3_IRQHandler':
/Volumes/Data/Olivier/Documents/School/Project2/Wireless-Jukebox/Testprogrammas/testTimer/Debug/../Src/stm32f4xx_it.c:79: undefined reference to `HAL_TIM_IRQHandler'
collect2: error: ld returned 1 exit status
make: *** [testTimer.elf] Error 1
09:15:53 **** Clean-only build of configuration Debug for project testTimer ****
make clean 
rm -rf  ./system/Src/stm32f4-hal/stm32f4xx_hal.o ./system/Src/stm32f4-hal/stm32f4xx_hal_cortex.o ./system/Src/stm32f4-hal/stm32f4xx_hal_flash.o ./system/Src/stm32f4-hal/stm32f4xx_hal_gpio.o ./system/Src/stm32f4-hal/stm32f4xx_hal_iwdg.o ./system/Src/stm32f4-hal/stm32f4xx_hal_pwr.o ./system/Src/stm32f4-hal/stm32f4xx_hal_rcc.o  ./system/Src/newlib/_cxx.o ./system/Src/newlib/_exit.o ./system/Src/newlib/_sbrk.o ./system/Src/newlib/_startup.o ./system/Src/newlib/_syscalls.o ./system/Src/newlib/assert.o  ./system/Src/diag/Trace.o ./system/Src/diag/trace_impl.o  ./system/Src/cortexm/_initialize_hardware.o ./system/Src/cortexm/_reset_hardware.o ./system/Src/cortexm/exception_handlers.o  ./system/Src/cmsis/system_stm32f4xx.o ./system/Src/cmsis/vectors_stm32f411xe.o  ./Src/main.o ./Src/stm32f4xx_hal_msp.o ./Src/stm32f4xx_it.o  testTimer.hex  testTimer.siz  ./system/Src/stm32f4-hal/stm32f4xx_hal.d ./system/Src/stm32f4-hal/stm32f4xx_hal_cortex.d ./system/Src/stm32f4-hal/stm32f4xx_hal_flash.d ./system/Src/stm32f4-hal/stm32f4xx_hal_gpio.d ./system/Src/stm32f4-hal/stm32f4xx_hal_iwdg.d ./system/Src/stm32f4-hal/stm32f4xx_hal_pwr.d ./system/Src/stm32f4-hal/stm32f4xx_hal_rcc.d  ./system/Src/newlib/_exit.d ./system/Src/newlib/_sbrk.d ./system/Src/newlib/_startup.d ./system/Src/newlib/_syscalls.d ./system/Src/newlib/assert.d  ./system/Src/diag/Trace.d ./system/Src/diag/trace_impl.d  ./system/Src/cortexm/_initialize_hardware.d ./system/Src/cortexm/_reset_hardware.d ./system/Src/cortexm/exception_handlers.d  ./system/Src/cmsis/system_stm32f4xx.d ./system/Src/cmsis/vectors_stm32f411xe.d  ./Src/main.d ./Src/stm32f4xx_hal_msp.d ./Src/stm32f4xx_it.d  ./system/Src/newlib/_cxx.d  testTimer.elf
 
09:15:53 **** Incremental Build of configuration Debug for project testTimer ****
make all 
Building file: ../system/Src/stm32f4-hal/stm32f4xx_hal.c
Invoking: Cross ARM C Compiler
arm-none-eabi-gcc -mcpu=cortex-m4 -mthumb -mfloat-abi=soft -Og -fmessage-length=0 -fsigned-char -ffunction-sections -fdata-sections -ffreestanding -fno-move-loop-invariants -Wall -Wextra  -g3 -DDEBUG -DUSE_FULL_ASSERT -DSTM32F411xE -DUSE_HAL_DRIVER -DHSE_VALUE=96000000 -I"../Inc" -I"../system/Inc" -I"../system/Inc/cmsis" -I"../system/Inc/stm32f4-hal" -std=gnu11 -Wno-bad-function-cast -Wno-conversion -Wno-sign-conversion -Wno-unused-parameter -Wno-sign-compare -Wno-missing-prototypes -Wno-missing-declarations -MMD -MP -MF"system/Src/stm32f4-hal/stm32f4xx_hal.d" -MT"system/Src/stm32f4-hal/stm32f4xx_hal.o" -c -o "system/Src/stm32f4-hal/stm32f4xx_hal.o" "../system/Src/stm32f4-hal/stm32f4xx_hal.c"
Finished building: ../system/Src/stm32f4-hal/stm32f4xx_hal.c
 
Building file: ../system/Src/stm32f4-hal/stm32f4xx_hal_cortex.c
Invoking: Cross ARM C Compiler
arm-none-eabi-gcc -mcpu=cortex-m4 -mthumb -mfloat-abi=soft -Og -fmessage-length=0 -fsigned-char -ffunction-sections -fdata-sections -ffreestanding -fno-move-loop-invariants -Wall -Wextra  -g3 -DDEBUG -DUSE_FULL_ASSERT -DSTM32F411xE -DUSE_HAL_DRIVER -DHSE_VALUE=96000000 -I"../Inc" -I"../system/Inc" -I"../system/Inc/cmsis" -I"../system/Inc/stm32f4-hal" -std=gnu11 -Wno-bad-function-cast -Wno-conversion -Wno-sign-conversion -Wno-unused-parameter -Wno-sign-compare -Wno-missing-prototypes -Wno-missing-declarations -MMD -MP -MF"system/Src/stm32f4-hal/stm32f4xx_hal_cortex.d" -MT"system/Src/stm32f4-hal/stm32f4xx_hal_cortex.o" -c -o "system/Src/stm32f4-hal/stm32f4xx_hal_cortex.o" "../system/Src/stm32f4-hal/stm32f4xx_hal_cortex.c"
Finished building: ../system/Src/stm32f4-hal/stm32f4xx_hal_cortex.c
 
Building file: ../system/Src/stm32f4-hal/stm32f4xx_hal_flash.c
Invoking: Cross ARM C Compiler
arm-none-eabi-gcc -mcpu=cortex-m4 -mthumb -mfloat-abi=soft -Og -fmessage-length=0 -fsigned-char -ffunction-sections -fdata-sections -ffreestanding -fno-move-loop-invariants -Wall -Wextra  -g3 -DDEBUG -DUSE_FULL_ASSERT -DSTM32F411xE -DUSE_HAL_DRIVER -DHSE_VALUE=96000000 -I"../Inc" -I"../system/Inc" -I"../system/Inc/cmsis" -I"../system/Inc/stm32f4-hal" -std=gnu11 -Wno-bad-function-cast -Wno-conversion -Wno-sign-conversion -Wno-unused-parameter -Wno-sign-compare -Wno-missing-prototypes -Wno-missing-declarations -MMD -MP -MF"system/Src/stm32f4-hal/stm32f4xx_hal_flash.d" -MT"system/Src/stm32f4-hal/stm32f4xx_hal_flash.o" -c -o "system/Src/stm32f4-hal/stm32f4xx_hal_flash.o" "../system/Src/stm32f4-hal/stm32f4xx_hal_flash.c"
Finished building: ../system/Src/stm32f4-hal/stm32f4xx_hal_flash.c
 
Building file: ../system/Src/stm32f4-hal/stm32f4xx_hal_gpio.c
Invoking: Cross ARM C Compiler
arm-none-eabi-gcc -mcpu=cortex-m4 -mthumb -mfloat-abi=soft -Og -fmessage-length=0 -fsigned-char -ffunction-sections -fdata-sections -ffreestanding -fno-move-loop-invariants -Wall -Wextra  -g3 -DDEBUG -DUSE_FULL_ASSERT -DSTM32F411xE -DUSE_HAL_DRIVER -DHSE_VALUE=96000000 -I"../Inc" -I"../system/Inc" -I"../system/Inc/cmsis" -I"../system/Inc/stm32f4-hal" -std=gnu11 -Wno-bad-function-cast -Wno-conversion -Wno-sign-conversion -Wno-unused-parameter -Wno-sign-compare -Wno-missing-prototypes -Wno-missing-declarations -MMD -MP -MF"system/Src/stm32f4-hal/stm32f4xx_hal_gpio.d" -MT"system/Src/stm32f4-hal/stm32f4xx_hal_gpio.o" -c -o "system/Src/stm32f4-hal/stm32f4xx_hal_gpio.o" "../system/Src/stm32f4-hal/stm32f4xx_hal_gpio.c"
Finished building: ../system/Src/stm32f4-hal/stm32f4xx_hal_gpio.c
 
Building file: ../system/Src/stm32f4-hal/stm32f4xx_hal_iwdg.c
Invoking: Cross ARM C Compiler
arm-none-eabi-gcc -mcpu=cortex-m4 -mthumb -mfloat-abi=soft -Og -fmessage-length=0 -fsigned-char -ffunction-sections -fdata-sections -ffreestanding -fno-move-loop-invariants -Wall -Wextra  -g3 -DDEBUG -DUSE_FULL_ASSERT -DSTM32F411xE -DUSE_HAL_DRIVER -DHSE_VALUE=96000000 -I"../Inc" -I"../system/Inc" -I"../system/Inc/cmsis" -I"../system/Inc/stm32f4-hal" -std=gnu11 -Wno-bad-function-cast -Wno-conversion -Wno-sign-conversion -Wno-unused-parameter -Wno-sign-compare -Wno-missing-prototypes -Wno-missing-declarations -MMD -MP -MF"system/Src/stm32f4-hal/stm32f4xx_hal_iwdg.d" -MT"system/Src/stm32f4-hal/stm32f4xx_hal_iwdg.o" -c -o "system/Src/stm32f4-hal/stm32f4xx_hal_iwdg.o" "../system/Src/stm32f4-hal/stm32f4xx_hal_iwdg.c"
Finished building: ../system/Src/stm32f4-hal/stm32f4xx_hal_iwdg.c
 
Building file: ../system/Src/stm32f4-hal/stm32f4xx_hal_pwr.c
Invoking: Cross ARM C Compiler
arm-none-eabi-gcc -mcpu=cortex-m4 -mthumb -mfloat-abi=soft -Og -fmessage-length=0 -fsigned-char -ffunction-sections -fdata-sections -ffreestanding -fno-move-loop-invariants -Wall -Wextra  -g3 -DDEBUG -DUSE_FULL_ASSERT -DSTM32F411xE -DUSE_HAL_DRIVER -DHSE_VALUE=96000000 -I"../Inc" -I"../system/Inc" -I"../system/Inc/cmsis" -I"../system/Inc/stm32f4-hal" -std=gnu11 -Wno-bad-function-cast -Wno-conversion -Wno-sign-conversion -Wno-unused-parameter -Wno-sign-compare -Wno-missing-prototypes -Wno-missing-declarations -MMD -MP -MF"system/Src/stm32f4-hal/stm32f4xx_hal_pwr.d" -MT"system/Src/stm32f4-hal/stm32f4xx_hal_pwr.o" -c -o "system/Src/stm32f4-hal/stm32f4xx_hal_pwr.o" "../system/Src/stm32f4-hal/stm32f4xx_hal_pwr.c"
Finished building: ../system/Src/stm32f4-hal/stm32f4xx_hal_pwr.c
 
Building file: ../system/Src/stm32f4-hal/stm32f4xx_hal_rcc.c
Invoking: Cross ARM C Compiler
arm-none-eabi-gcc -mcpu=cortex-m4 -mthumb -mfloat-abi=soft -Og -fmessage-length=0 -fsigned-char -ffunction-sections -fdata-sections -ffreestanding -fno-move-loop-invariants -Wall -Wextra  -g3 -DDEBUG -DUSE_FULL_ASSERT -DSTM32F411xE -DUSE_HAL_DRIVER -DHSE_VALUE=96000000 -I"../Inc" -I"../system/Inc" -I"../system/Inc/cmsis" -I"../system/Inc/stm32f4-hal" -std=gnu11 -Wno-bad-function-cast -Wno-conversion -Wno-sign-conversion -Wno-unused-parameter -Wno-sign-compare -Wno-missing-prototypes -Wno-missing-declarations -MMD -MP -MF"system/Src/stm32f4-hal/stm32f4xx_hal_rcc.d" -MT"system/Src/stm32f4-hal/stm32f4xx_hal_rcc.o" -c -o "system/Src/stm32f4-hal/stm32f4xx_hal_rcc.o" "../system/Src/stm32f4-hal/stm32f4xx_hal_rcc.c"
Finished building: ../system/Src/stm32f4-hal/stm32f4xx_hal_rcc.c
 
Building file: ../system/Src/stm32f4-hal/stm32f4xx_hal_tim.c
Invoking: Cross ARM C Compiler
arm-none-eabi-gcc -mcpu=cortex-m4 -mthumb -mfloat-abi=soft -Og -fmessage-length=0 -fsigned-char -ffunction-sections -fdata-sections -ffreestanding -fno-move-loop-invariants -Wall -Wextra  -g3 -DDEBUG -DUSE_FULL_ASSERT -DSTM32F411xE -DUSE_HAL_DRIVER -DHSE_VALUE=96000000 -I"../Inc" -I"../system/Inc" -I"../system/Inc/cmsis" -I"../system/Inc/stm32f4-hal" -std=gnu11 -Wno-bad-function-cast -Wno-conversion -Wno-sign-conversion -Wno-unused-parameter -Wno-sign-compare -Wno-missing-prototypes -Wno-missing-declarations -MMD -MP -MF"system/Src/stm32f4-hal/stm32f4xx_hal_tim.d" -MT"system/Src/stm32f4-hal/stm32f4xx_hal_tim.d" -c -o "system/Src/stm32f4-hal/stm32f4xx_hal_tim.o" "../system/Src/stm32f4-hal/stm32f4xx_hal_tim.c"
Finished building: ../system/Src/stm32f4-hal/stm32f4xx_hal_tim.c
 
Building file: ../system/Src/newlib/_cxx.cpp
Invoking: Cross ARM C++ Compiler
arm-none-eabi-g++ -mcpu=cortex-m4 -mthumb -mfloat-abi=soft -Og -fmessage-length=0 -fsigned-char -ffunction-sections -fdata-sections -ffreestanding -fno-move-loop-invariants -Wall -Wextra  -g3 -DDEBUG -DUSE_FULL_ASSERT -DSTM32F411xE -DUSE_HAL_DRIVER -DHSE_VALUE=96000000 -I"../Inc" -I"../system/Inc" -I"../system/Inc/cmsis" -I"../system/Inc/stm32f4-hal" -std=gnu++11 -fabi-version=0 -fno-exceptions -fno-rtti -fno-use-cxa-atexit -fno-threadsafe-statics -MMD -MP -MF"system/Src/newlib/_cxx.d" -MT"system/Src/newlib/_cxx.o" -c -o "system/Src/newlib/_cxx.o" "../system/Src/newlib/_cxx.cpp"
Finished building: ../system/Src/newlib/_cxx.cpp
 
Building file: ../system/Src/newlib/_exit.c
Invoking: Cross ARM C Compiler
arm-none-eabi-gcc -mcpu=cortex-m4 -mthumb -mfloat-abi=soft -Og -fmessage-length=0 -fsigned-char -ffunction-sections -fdata-sections -ffreestanding -fno-move-loop-invariants -Wall -Wextra  -g3 -DDEBUG -DUSE_FULL_ASSERT -DSTM32F411xE -DUSE_HAL_DRIVER -DHSE_VALUE=96000000 -I"../Inc" -I"../system/Inc" -I"../system/Inc/cmsis" -I"../system/Inc/stm32f4-hal" -std=gnu11 -MMD -MP -MF"system/Src/newlib/_exit.d" -MT"system/Src/newlib/_exit.o" -c -o "system/Src/newlib/_exit.o" "../system/Src/newlib/_exit.c"
Finished building: ../system/Src/newlib/_exit.c
 
Building file: ../system/Src/newlib/_sbrk.c
Invoking: Cross ARM C Compiler
arm-none-eabi-gcc -mcpu=cortex-m4 -mthumb -mfloat-abi=soft -Og -fmessage-length=0 -fsigned-char -ffunction-sections -fdata-sections -ffreestanding -fno-move-loop-invariants -Wall -Wextra  -g3 -DDEBUG -DUSE_FULL_ASSERT -DSTM32F411xE -DUSE_HAL_DRIVER -DHSE_VALUE=96000000 -I"../Inc" -I"../system/Inc" -I"../system/Inc/cmsis" -I"../system/Inc/stm32f4-hal" -std=gnu11 -MMD -MP -MF"system/Src/newlib/_sbrk.d" -MT"system/Src/newlib/_sbrk.o" -c -o "system/Src/newlib/_sbrk.o" "../system/Src/newlib/_sbrk.c"
Finished building: ../system/Src/newlib/_sbrk.c
 
Building file: ../system/Src/newlib/_startup.c
Invoking: Cross ARM C Compiler
arm-none-eabi-gcc -mcpu=cortex-m4 -mthumb -mfloat-abi=soft -Og -fmessage-length=0 -fsigned-char -ffunction-sections -fdata-sections -ffreestanding -fno-move-loop-invariants -Wall -Wextra  -g3 -DDEBUG -DUSE_FULL_ASSERT -DSTM32F411xE -DUSE_HAL_DRIVER -DHSE_VALUE=96000000 -DOS_INCLUDE_STARTUP_INIT_MULTIPLE_RAM_SECTIONS -I"../Inc" -I"../system/Inc" -I"../system/Inc/cmsis" -I"../system/Inc/stm32f4-hal" -std=gnu11 -MMD -MP -MF"system/Src/newlib/_startup.d" -MT"system/Src/newlib/_startup.d" -c -o "system/Src/newlib/_startup.o" "../system/Src/newlib/_startup.c"
Finished building: ../system/Src/newlib/_startup.c
 
Building file: ../system/Src/newlib/_syscalls.c
Invoking: Cross ARM C Compiler
arm-none-eabi-gcc -mcpu=cortex-m4 -mthumb -mfloat-abi=soft -Og -fmessage-length=0 -fsigned-char -ffunction-sections -fdata-sections -ffreestanding -fno-move-loop-invariants -Wall -Wextra  -g3 -DDEBUG -DUSE_FULL_ASSERT -DSTM32F411xE -DUSE_HAL_DRIVER -DHSE_VALUE=96000000 -I"../Inc" -I"../system/Inc" -I"../system/Inc/cmsis" -I"../system/Inc/stm32f4-hal" -std=gnu11 -MMD -MP -MF"system/Src/newlib/_syscalls.d" -MT"system/Src/newlib/_syscalls.o" -c -o "system/Src/newlib/_syscalls.o" "../system/Src/newlib/_syscalls.c"
Finished building: ../system/Src/newlib/_syscalls.c
 
Building file: ../system/Src/newlib/assert.c
Invoking: Cross ARM C Compiler
arm-none-eabi-gcc -mcpu=cortex-m4 -mthumb -mfloat-abi=soft -Og -fmessage-length=0 -fsigned-char -ffunction-sections -fdata-sections -ffreestanding -fno-move-loop-invariants -Wall -Wextra  -g3 -DDEBUG -DUSE_FULL_ASSERT -DSTM32F411xE -DUSE_HAL_DRIVER -DHSE_VALUE=96000000 -I"../Inc" -I"../system/Inc" -I"../system/Inc/cmsis" -I"../system/Inc/stm32f4-hal" -std=gnu11 -MMD -MP -MF"system/Src/newlib/assert.d" -MT"system/Src/newlib/assert.o" -c -o "system/Src/newlib/assert.o" "../system/Src/newlib/assert.c"
Finished building: ../system/Src/newlib/assert.c
 
Building file: ../system/Src/diag/Trace.c
Invoking: Cross ARM C Compiler
arm-none-eabi-gcc -mcpu=cortex-m4 -mthumb -mfloat-abi=soft -Og -fmessage-length=0 -fsigned-char -ffunction-sections -fdata-sections -ffreestanding -fno-move-loop-invariants -Wall -Wextra  -g3 -DDEBUG -DUSE_FULL_ASSERT -DSTM32F411xE -DUSE_HAL_DRIVER -DHSE_VALUE=96000000 -I"../Inc" -I"../system/Inc" -I"../system/Inc/cmsis" -I"../system/Inc/stm32f4-hal" -std=gnu11 -MMD -MP -MF"system/Src/diag/Trace.d" -MT"system/Src/diag/Trace.o" -c -o "system/Src/diag/Trace.o" "../system/Src/diag/Trace.c"
Finished building: ../system/Src/diag/Trace.c
 
Building file: ../system/Src/diag/trace_impl.c
Invoking: Cross ARM C Compiler
arm-none-eabi-gcc -mcpu=cortex-m4 -mthumb -mfloat-abi=soft -Og -fmessage-length=0 -fsigned-char -ffunction-sections -fdata-sections -ffreestanding -fno-move-loop-invariants -Wall -Wextra  -g3 -DDEBUG -DUSE_FULL_ASSERT -DSTM32F411xE -DUSE_HAL_DRIVER -DHSE_VALUE=96000000 -I"../Inc" -I"../system/Inc" -I"../system/Inc/cmsis" -I"../system/Inc/stm32f4-hal" -std=gnu11 -MMD -MP -MF"system/Src/diag/trace_impl.d" -MT"system/Src/diag/trace_impl.o" -c -o "system/Src/diag/trace_impl.o" "../system/Src/diag/trace_impl.c"
Finished building: ../system/Src/diag/trace_impl.c
 
Building file: ../system/Src/cortexm/_initialize_hardware.c
Invoking: Cross ARM C Compiler
arm-none-eabi-gcc -mcpu=cortex-m4 -mthumb -mfloat-abi=soft -Og -fmessage-length=0 -fsigned-char -ffunction-sections -fdata-sections -ffreestanding -fno-move-loop-invariants -Wall -Wextra  -g3 -DDEBUG -DUSE_FULL_ASSERT -DSTM32F411xE -DUSE_HAL_DRIVER -DHSE_VALUE=96000000 -I"../Inc" -I"../system/Inc" -I"../system/Inc/cmsis" -I"../system/Inc/stm32f4-hal" -std=gnu11 -MMD -MP -MF"system/Src/cortexm/_initialize_hardware.d" -MT"system/Src/cortexm/_initialize_hardware.o" -c -o "system/Src/cortexm/_initialize_hardware.o" "../system/Src/cortexm/_initialize_hardware.c"
Finished building: ../system/Src/cortexm/_initialize_hardware.c
 
Building file: ../system/Src/cortexm/_reset_hardware.c
Invoking: Cross ARM C Compiler
arm-none-eabi-gcc -mcpu=cortex-m4 -mthumb -mfloat-abi=soft -Og -fmessage-length=0 -fsigned-char -ffunction-sections -fdata-sections -ffreestanding -fno-move-loop-invariants -Wall -Wextra  -g3 -DDEBUG -DUSE_FULL_ASSERT -DSTM32F411xE -DUSE_HAL_DRIVER -DHSE_VALUE=96000000 -I"../Inc" -I"../system/Inc" -I"../system/Inc/cmsis" -I"../system/Inc/stm32f4-hal" -std=gnu11 -MMD -MP -MF"system/Src/cortexm/_reset_hardware.d" -MT"system/Src/cortexm/_reset_hardware.o" -c -o "system/Src/cortexm/_reset_hardware.o" "../system/Src/cortexm/_reset_hardware.c"
Finished building: ../system/Src/cortexm/_reset_hardware.c
 
Building file: ../system/Src/cortexm/exception_handlers.c
Invoking: Cross ARM C Compiler
arm-none-eabi-gcc -mcpu=cortex-m4 -mthumb -mfloat-abi=soft -Og -fmessage-length=0 -fsigned-char -ffunction-sections -fdata-sections -ffreestanding -fno-move-loop-invariants -Wall -Wextra  -g3 -DDEBUG -DUSE_FULL_ASSERT -DSTM32F411xE -DUSE_HAL_DRIVER -DHSE_VALUE=96000000 -I"../Inc" -I"../system/Inc" -I"../system/Inc/cmsis" -I"../system/Inc/stm32f4-hal" -std=gnu11 -MMD -MP -MF"system/Src/cortexm/exception_handlers.d" -MT"system/Src/cortexm/exception_handlers.o" -c -o "system/Src/cortexm/exception_handlers.o" "../system/Src/cortexm/exception_handlers.c"
Finished building: ../system/Src/cortexm/exception_handlers.c
 
Building file: ../system/Src/cmsis/system_stm32f4xx.c
Invoking: Cross ARM C Compiler
arm-none-eabi-gcc -mcpu=cortex-m4 -mthumb -mfloat-abi=soft -Og -fmessage-length=0 -fsigned-char -ffunction-sections -fdata-sections -ffreestanding -fno-move-loop-invariants -Wall -Wextra  -g3 -DDEBUG -DUSE_FULL_ASSERT -DSTM32F411xE -DUSE_HAL_DRIVER -DHSE_VALUE=96000000 -I"../Inc" -I"../system/Inc" -I"../system/Inc/cmsis" -I"../system/Inc/stm32f4-hal" -std=gnu11 -MMD -MP -MF"system/Src/cmsis/system_stm32f4xx.d" -MT"system/Src/cmsis/system_stm32f4xx.o" -c -o "system/Src/cmsis/system_stm32f4xx.o" "../system/Src/cmsis/system_stm32f4xx.c"
Finished building: ../system/Src/cmsis/system_stm32f4xx.c
 
Building file: ../system/Src/cmsis/vectors_stm32f411xe.c
Invoking: Cross ARM C Compiler
arm-none-eabi-gcc -mcpu=cortex-m4 -mthumb -mfloat-abi=soft -Og -fmessage-length=0 -fsigned-char -ffunction-sections -fdata-sections -ffreestanding -fno-move-loop-invariants -Wall -Wextra  -g3 -DDEBUG -DUSE_FULL_ASSERT -DSTM32F411xE -DUSE_HAL_DRIVER -DHSE_VALUE=96000000 -I"../Inc" -I"../system/Inc" -I"../system/Inc/cmsis" -I"../system/Inc/stm32f4-hal" -std=gnu11 -MMD -MP -MF"system/Src/cmsis/vectors_stm32f411xe.d" -MT"system/Src/cmsis/vectors_stm32f411xe.o" -c -o "system/Src/cmsis/vectors_stm32f411xe.o" "../system/Src/cmsis/vectors_stm32f411xe.c"
Finished building: ../system/Src/cmsis/vectors_stm32f411xe.c
 
Building file: ../Src/main.c
Invoking: Cross ARM C Compiler
arm-none-eabi-gcc -mcpu=cortex-m4 -mthumb -mfloat-abi=soft -Og -fmessage-length=0 -fsigned-char -ffunction-sections -fdata-sections -ffreestanding -fno-move-loop-invariants -Wall -Wextra  -g3 -DDEBUG -DUSE_FULL_ASSERT -DSTM32F411xE -DUSE_HAL_DRIVER -DHSE_VALUE=96000000 -I"../Inc" -I"../system/Inc" -I"../system/Inc/cmsis" -I"../system/Inc/stm32f4-hal" -std=gnu11 -MMD -MP -MF"Src/main.d" -MT"Src/main.o" -c -o "Src/main.o" "../Src/main.c"
../Src/main.c: In function 'assert_failed':
../Src/main.c:213:29: warning: unused parameter 'file' [-Wunused-parameter]
 void assert_failed(uint8_t* file, uint32_t line)
                             ^
../Src/main.c:213:44: warning: unused parameter 'line' [-Wunused-parameter]
 void assert_failed(uint8_t* file, uint32_t line)
                                            ^
Finished building: ../Src/main.c
 
Building file: ../Src/stm32f4xx_hal_msp.c
Invoking: Cross ARM C Compiler
arm-none-eabi-gcc -mcpu=cortex-m4 -mthumb -mfloat-abi=soft -Og -fmessage-length=0 -fsigned-char -ffunction-sections -fdata-sections -ffreestanding -fno-move-loop-invariants -Wall -Wextra  -g3 -DDEBUG -DUSE_FULL_ASSERT -DSTM32F411xE -DUSE_HAL_DRIVER -DHSE_VALUE=96000000 -I"../Inc" -I"../system/Inc" -I"../system/Inc/cmsis" -I"../system/Inc/stm32f4-hal" -std=gnu11 -Wno-missing-prototypes -Wno-missing-declarations -MMD -MP -MF"Src/stm32f4xx_hal_msp.d" -MT"Src/stm32f4xx_hal_msp.d" -c -o "Src/stm32f4xx_hal_msp.o" "../Src/stm32f4xx_hal_msp.c"
Finished building: ../Src/stm32f4xx_hal_msp.c
 
Building file: ../Src/stm32f4xx_it.c
Invoking: Cross ARM C Compiler
arm-none-eabi-gcc -mcpu=cortex-m4 -mthumb -mfloat-abi=soft -Og -fmessage-length=0 -fsigned-char -ffunction-sections -fdata-sections -ffreestanding -fno-move-loop-invariants -Wall -Wextra  -g3 -DDEBUG -DUSE_FULL_ASSERT -DSTM32F411xE -DUSE_HAL_DRIVER -DHSE_VALUE=96000000 -I"../Inc" -I"../system/Inc" -I"../system/Inc/cmsis" -I"../system/Inc/stm32f4-hal" -std=gnu11 -MMD -MP -MF"Src/stm32f4xx_it.d" -MT"Src/stm32f4xx_it.o" -c -o "Src/stm32f4xx_it.o" "../Src/stm32f4xx_it.c"
Finished building: ../Src/stm32f4xx_it.c
 
Building target: testTimer.elf
Invoking: Cross ARM C++ Linker
arm-none-eabi-g++ -mcpu=cortex-m4 -mthumb -mfloat-abi=soft -Og -fmessage-length=0 -fsigned-char -ffunction-sections -fdata-sections -ffreestanding -fno-move-loop-invariants -Wall -Wextra  -g3 -T mem.ld -T libs.ld -T sections.ld -nostartfiles -Xlinker --gc-sections -L"../ldscripts" -Wl,-Map,"testTimer.map" --specs=nano.specs -o "testTimer.elf"  ./system/Src/stm32f4-hal/stm32f4xx_hal.o ./system/Src/stm32f4-hal/stm32f4xx_hal_cortex.o ./system/Src/stm32f4-hal/stm32f4xx_hal_flash.o ./system/Src/stm32f4-hal/stm32f4xx_hal_gpio.o ./system/Src/stm32f4-hal/stm32f4xx_hal_iwdg.o ./system/Src/stm32f4-hal/stm32f4xx_hal_pwr.o ./system/Src/stm32f4-hal/stm32f4xx_hal_rcc.o ./system/Src/stm32f4-hal/stm32f4xx_hal_tim.o  ./system/Src/newlib/_cxx.o ./system/Src/newlib/_exit.o ./system/Src/newlib/_sbrk.o ./system/Src/newlib/_startup.o ./system/Src/newlib/_syscalls.o ./system/Src/newlib/assert.o  ./system/Src/diag/Trace.o ./system/Src/diag/trace_impl.o  ./system/Src/cortexm/_initialize_hardware.o ./system/Src/cortexm/_reset_hardware.o ./system/Src/cortexm/exception_handlers.o  ./system/Src/cmsis/system_stm32f4xx.o ./system/Src/cmsis/vectors_stm32f411xe.o  ./Src/main.o ./Src/stm32f4xx_hal_msp.o ./Src/stm32f4xx_it.o   
./system/Src/stm32f4-hal/stm32f4xx_hal_tim.o: In function `HAL_TIM_IRQHandler':
/Volumes/Data/Olivier/Documents/School/Project2/Wireless-Jukebox/Testprogrammas/testTimer/Debug/../system/Src/stm32f4-hal/stm32f4xx_hal_tim.c:2903: undefined reference to `HAL_TIMEx_BreakCallback'
/Volumes/Data/Olivier/Documents/School/Project2/Wireless-Jukebox/Testprogrammas/testTimer/Debug/../system/Src/stm32f4-hal/stm32f4xx_hal_tim.c:2921: undefined reference to `HAL_TIMEx_CommutationCallback'
./Src/main.o: In function `MX_TIM3_Init':
/Volumes/Data/Olivier/Documents/School/Project2/Wireless-Jukebox/Testprogrammas/testTimer/Debug/../Src/main.c:169: undefined reference to `HAL_TIMEx_MasterConfigSynchronization'
collect2: error: ld returned 1 exit status
make: *** [testTimer.elf] Error 1
09:16:46 **** Incremental Build of configuration Debug for project testTimer ****
make all 
Building file: ../Src/main.c
Invoking: Cross ARM C Compiler
arm-none-eabi-gcc -mcpu=cortex-m4 -mthumb -mfloat-abi=soft -Og -fmessage-length=0 -fsigned-char -ffunction-sections -fdata-sections -ffreestanding -fno-move-loop-invariants -Wall -Wextra  -g3 -DDEBUG -DUSE_FULL_ASSERT -DSTM32F411xE -DUSE_HAL_DRIVER -DHSE_VALUE=96000000 -I"../Inc" -I"../system/Inc" -I"../system/Inc/cmsis" -I"../system/Inc/stm32f4-hal" -std=gnu11 -MMD -MP -MF"Src/main.d" -MT"Src/main.o" -c -o "Src/main.o" "../Src/main.c"
../Src/main.c: In function 'assert_failed':
../Src/main.c:214:29: warning: unused parameter 'file' [-Wunused-parameter]
 void assert_failed(uint8_t* file, uint32_t line)
                             ^
../Src/main.c:214:44: warning: unused parameter 'line' [-Wunused-parameter]
 void assert_failed(uint8_t* file, uint32_t line)
                                            ^
Finished building: ../Src/main.c
 
Building target: testTimer.elf
Invoking: Cross ARM C++ Linker
arm-none-eabi-g++ -mcpu=cortex-m4 -mthumb -mfloat-abi=soft -Og -fmessage-length=0 -fsigned-char -ffunction-sections -fdata-sections -ffreestanding -fno-move-loop-invariants -Wall -Wextra  -g3 -T mem.ld -T libs.ld -T sections.ld -nostartfiles -Xlinker --gc-sections -L"../ldscripts" -Wl,-Map,"testTimer.map" --specs=nano.specs -o "testTimer.elf"  ./system/Src/stm32f4-hal/stm32f4xx_hal.o ./system/Src/stm32f4-hal/stm32f4xx_hal_cortex.o ./system/Src/stm32f4-hal/stm32f4xx_hal_flash.o ./system/Src/stm32f4-hal/stm32f4xx_hal_gpio.o ./system/Src/stm32f4-hal/stm32f4xx_hal_iwdg.o ./system/Src/stm32f4-hal/stm32f4xx_hal_pwr.o ./system/Src/stm32f4-hal/stm32f4xx_hal_rcc.o ./system/Src/stm32f4-hal/stm32f4xx_hal_tim.o  ./system/Src/newlib/_cxx.o ./system/Src/newlib/_exit.o ./system/Src/newlib/_sbrk.o ./system/Src/newlib/_startup.o ./system/Src/newlib/_syscalls.o ./system/Src/newlib/assert.o  ./system/Src/diag/Trace.o ./system/Src/diag/trace_impl.o  ./system/Src/cortexm/_initialize_hardware.o ./system/Src/cortexm/_reset_hardware.o ./system/Src/cortexm/exception_handlers.o  ./system/Src/cmsis/system_stm32f4xx.o ./system/Src/cmsis/vectors_stm32f411xe.o  ./Src/main.o ./Src/stm32f4xx_hal_msp.o ./Src/stm32f4xx_it.o   
./system/Src/stm32f4-hal/stm32f4xx_hal_tim.o: In function `HAL_TIM_IRQHandler':
/Volumes/Data/Olivier/Documents/School/Project2/Wireless-Jukebox/Testprogrammas/testTimer/Debug/../system/Src/stm32f4-hal/stm32f4xx_hal_tim.c:2903: undefined reference to `HAL_TIMEx_BreakCallback'
/Volumes/Data/Olivier/Documents/School/Project2/Wireless-Jukebox/Testprogrammas/testTimer/Debug/../system/Src/stm32f4-hal/stm32f4xx_hal_tim.c:2921: undefined reference to `HAL_TIMEx_CommutationCallback'
./Src/main.o: In function `MX_TIM3_Init':
/Volumes/Data/Olivier/Documents/School/Project2/Wireless-Jukebox/Testprogrammas/testTimer/Debug/../Src/main.c:170: undefined reference to `HAL_TIMEx_MasterConfigSynchronization'
collect2: error: ld returned 1 exit status
make: *** [testTimer.elf] Error 1
09:17:47 **** Clean-only build of configuration Debug for project testTimer ****
make clean 
rm -rf  ./system/Src/stm32f4-hal/stm32f4xx_hal.o ./system/Src/stm32f4-hal/stm32f4xx_hal_cortex.o ./system/Src/stm32f4-hal/stm32f4xx_hal_flash.o ./system/Src/stm32f4-hal/stm32f4xx_hal_gpio.o ./system/Src/stm32f4-hal/stm32f4xx_hal_iwdg.o ./system/Src/stm32f4-hal/stm32f4xx_hal_pwr.o ./system/Src/stm32f4-hal/stm32f4xx_hal_rcc.o ./system/Src/stm32f4-hal/stm32f4xx_hal_tim.o  ./system/Src/newlib/_cxx.o ./system/Src/newlib/_exit.o ./system/Src/newlib/_sbrk.o ./system/Src/newlib/_startup.o ./system/Src/newlib/_syscalls.o ./system/Src/newlib/assert.o  ./system/Src/diag/Trace.o ./system/Src/diag/trace_impl.o  ./system/Src/cortexm/_initialize_hardware.o ./system/Src/cortexm/_reset_hardware.o ./system/Src/cortexm/exception_handlers.o  ./system/Src/cmsis/system_stm32f4xx.o ./system/Src/cmsis/vectors_stm32f411xe.o  ./Src/main.o ./Src/stm32f4xx_hal_msp.o ./Src/stm32f4xx_it.o  testTimer.hex  testTimer.siz  ./system/Src/stm32f4-hal/stm32f4xx_hal.d ./system/Src/stm32f4-hal/stm32f4xx_hal_cortex.d ./system/Src/stm32f4-hal/stm32f4xx_hal_flash.d ./system/Src/stm32f4-hal/stm32f4xx_hal_gpio.d ./system/Src/stm32f4-hal/stm32f4xx_hal_iwdg.d ./system/Src/stm32f4-hal/stm32f4xx_hal_pwr.d ./system/Src/stm32f4-hal/stm32f4xx_hal_rcc.d ./system/Src/stm32f4-hal/stm32f4xx_hal_tim.d  ./system/Src/newlib/_exit.d ./system/Src/newlib/_sbrk.d ./system/Src/newlib/_startup.d ./system/Src/newlib/_syscalls.d ./system/Src/newlib/assert.d  ./system/Src/diag/Trace.d ./system/Src/diag/trace_impl.d  ./system/Src/cortexm/_initialize_hardware.d ./system/Src/cortexm/_reset_hardware.d ./system/Src/cortexm/exception_handlers.d  ./system/Src/cmsis/system_stm32f4xx.d ./system/Src/cmsis/vectors_stm32f411xe.d  ./Src/main.d ./Src/stm32f4xx_hal_msp.d ./Src/stm32f4xx_it.d  ./system/Src/newlib/_cxx.d  testTimer.elf
 
09:17:48 **** Incremental Build of configuration Debug for project testTimer ****
make all 
Building file: ../system/Src/stm32f4-hal/stm32f4xx_hal.c
Invoking: Cross ARM C Compiler
arm-none-eabi-gcc -mcpu=cortex-m4 -mthumb -mfloat-abi=soft -Og -fmessage-length=0 -fsigned-char -ffunction-sections -fdata-sections -ffreestanding -fno-move-loop-invariants -Wall -Wextra  -g3 -DDEBUG -DUSE_FULL_ASSERT -DSTM32F411xE -DUSE_HAL_DRIVER -DHSE_VALUE=96000000 -I"../Inc" -I"../system/Inc" -I"../system/Inc/cmsis" -I"../system/Inc/stm32f4-hal" -std=gnu11 -Wno-bad-function-cast -Wno-conversion -Wno-sign-conversion -Wno-unused-parameter -Wno-sign-compare -Wno-missing-prototypes -Wno-missing-declarations -MMD -MP -MF"system/Src/stm32f4-hal/stm32f4xx_hal.d" -MT"system/Src/stm32f4-hal/stm32f4xx_hal.o" -c -o "system/Src/stm32f4-hal/stm32f4xx_hal.o" "../system/Src/stm32f4-hal/stm32f4xx_hal.c"
Finished building: ../system/Src/stm32f4-hal/stm32f4xx_hal.c
 
Building file: ../system/Src/stm32f4-hal/stm32f4xx_hal_cortex.c
Invoking: Cross ARM C Compiler
arm-none-eabi-gcc -mcpu=cortex-m4 -mthumb -mfloat-abi=soft -Og -fmessage-length=0 -fsigned-char -ffunction-sections -fdata-sections -ffreestanding -fno-move-loop-invariants -Wall -Wextra  -g3 -DDEBUG -DUSE_FULL_ASSERT -DSTM32F411xE -DUSE_HAL_DRIVER -DHSE_VALUE=96000000 -I"../Inc" -I"../system/Inc" -I"../system/Inc/cmsis" -I"../system/Inc/stm32f4-hal" -std=gnu11 -Wno-bad-function-cast -Wno-conversion -Wno-sign-conversion -Wno-unused-parameter -Wno-sign-compare -Wno-missing-prototypes -Wno-missing-declarations -MMD -MP -MF"system/Src/stm32f4-hal/stm32f4xx_hal_cortex.d" -MT"system/Src/stm32f4-hal/stm32f4xx_hal_cortex.o" -c -o "system/Src/stm32f4-hal/stm32f4xx_hal_cortex.o" "../system/Src/stm32f4-hal/stm32f4xx_hal_cortex.c"
Finished building: ../system/Src/stm32f4-hal/stm32f4xx_hal_cortex.c
 
Building file: ../system/Src/stm32f4-hal/stm32f4xx_hal_flash.c
Invoking: Cross ARM C Compiler
arm-none-eabi-gcc -mcpu=cortex-m4 -mthumb -mfloat-abi=soft -Og -fmessage-length=0 -fsigned-char -ffunction-sections -fdata-sections -ffreestanding -fno-move-loop-invariants -Wall -Wextra  -g3 -DDEBUG -DUSE_FULL_ASSERT -DSTM32F411xE -DUSE_HAL_DRIVER -DHSE_VALUE=96000000 -I"../Inc" -I"../system/Inc" -I"../system/Inc/cmsis" -I"../system/Inc/stm32f4-hal" -std=gnu11 -Wno-bad-function-cast -Wno-conversion -Wno-sign-conversion -Wno-unused-parameter -Wno-sign-compare -Wno-missing-prototypes -Wno-missing-declarations -MMD -MP -MF"system/Src/stm32f4-hal/stm32f4xx_hal_flash.d" -MT"system/Src/stm32f4-hal/stm32f4xx_hal_flash.o" -c -o "system/Src/stm32f4-hal/stm32f4xx_hal_flash.o" "../system/Src/stm32f4-hal/stm32f4xx_hal_flash.c"
Finished building: ../system/Src/stm32f4-hal/stm32f4xx_hal_flash.c
 
Building file: ../system/Src/stm32f4-hal/stm32f4xx_hal_gpio.c
Invoking: Cross ARM C Compiler
arm-none-eabi-gcc -mcpu=cortex-m4 -mthumb -mfloat-abi=soft -Og -fmessage-length=0 -fsigned-char -ffunction-sections -fdata-sections -ffreestanding -fno-move-loop-invariants -Wall -Wextra  -g3 -DDEBUG -DUSE_FULL_ASSERT -DSTM32F411xE -DUSE_HAL_DRIVER -DHSE_VALUE=96000000 -I"../Inc" -I"../system/Inc" -I"../system/Inc/cmsis" -I"../system/Inc/stm32f4-hal" -std=gnu11 -Wno-bad-function-cast -Wno-conversion -Wno-sign-conversion -Wno-unused-parameter -Wno-sign-compare -Wno-missing-prototypes -Wno-missing-declarations -MMD -MP -MF"system/Src/stm32f4-hal/stm32f4xx_hal_gpio.d" -MT"system/Src/stm32f4-hal/stm32f4xx_hal_gpio.o" -c -o "system/Src/stm32f4-hal/stm32f4xx_hal_gpio.o" "../system/Src/stm32f4-hal/stm32f4xx_hal_gpio.c"
Finished building: ../system/Src/stm32f4-hal/stm32f4xx_hal_gpio.c
 
Building file: ../system/Src/stm32f4-hal/stm32f4xx_hal_iwdg.c
Invoking: Cross ARM C Compiler
[...]
Finished building: ../Src/stm32f4xx_hal_msp.c
 
Building file: ../Src/stm32f4xx_it.c
Invoking: Cross ARM C Compiler
arm-none-eabi-gcc -mcpu=cortex-m4 -mthumb -mfloat-abi=soft -Og -fmessage-length=0 -fsigned-char -ffunction-sections -fdata-sections -ffreestanding -fno-move-loop-invariants -Wall -Wextra  -g3 -DDEBUG -DUSE_FULL_ASSERT -DSTM32F411xE -DUSE_HAL_DRIVER -DHSE_VALUE=96000000 -I"../Inc" -I"../system/Inc" -I"../system/Inc/cmsis" -I"../system/Inc/stm32f4-hal" -std=gnu11 -MMD -MP -MF"Src/stm32f4xx_it.d" -MT"Src/stm32f4xx_it.o" -c -o "Src/stm32f4xx_it.o" "../Src/stm32f4xx_it.c"
Finished building: ../Src/stm32f4xx_it.c
 
Building target: testTimer.elf
Invoking: Cross ARM C++ Linker
arm-none-eabi-g++ -mcpu=cortex-m4 -mthumb -mfloat-abi=soft -Og -fmessage-length=0 -fsigned-char -ffunction-sections -fdata-sections -ffreestanding -fno-move-loop-invariants -Wall -Wextra  -g3 -T mem.ld -T libs.ld -T sections.ld -nostartfiles -Xlinker --gc-sections -L"../ldscripts" -Wl,-Map,"testTimer.map" --specs=nano.specs -o "testTimer.elf"  ./system/Src/stm32f4-hal/stm32f4xx_hal.o ./system/Src/stm32f4-hal/stm32f4xx_hal_cortex.o ./system/Src/stm32f4-hal/stm32f4xx_hal_flash.o ./system/Src/stm32f4-hal/stm32f4xx_hal_gpio.o ./system/Src/stm32f4-hal/stm32f4xx_hal_pwr.o ./system/Src/stm32f4-hal/stm32f4xx_hal_rcc.o ./system/Src/stm32f4-hal/stm32f4xx_hal_tim.o ./system/Src/stm32f4-hal/stm32f4xx_hal_tim_ex.o  ./system/Src/newlib/_cxx.o ./system/Src/newlib/_exit.o ./system/Src/newlib/_sbrk.o ./system/Src/newlib/_startup.o ./system/Src/newlib/_syscalls.o ./system/Src/newlib/assert.o  ./system/Src/diag/Trace.o ./system/Src/diag/trace_impl.o  ./system/Src/cortexm/_initialize_hardware.o ./system/Src/cortexm/_reset_hardware.o ./system/Src/cortexm/exception_handlers.o  ./system/Src/cmsis/system_stm32f4xx.o ./system/Src/cmsis/vectors_stm32f411xe.o  ./Src/main.o ./Src/stm32f4xx_hal_msp.o ./Src/stm32f4xx_it.o   
Finished building target: testTimer.elf
 
Invoking: Cross ARM GNU Create Flash Image
arm-none-eabi-objcopy -O ihex "testTimer.elf"  "testTimer.hex"
Finished building: testTimer.hex
 
Invoking: Cross ARM GNU Print Size
arm-none-eabi-size --format=berkeley "testTimer.elf"
   text	   data	    bss	    dec	    hex	filename
   7756	     60	    332	   8148	   1fd4	testTimer.elf
Finished building: testTimer.siz
 
14:56:24 **** Incremental Build of configuration Debug for project testTimer ****
make all 
Building file: ../Src/main.c
Invoking: Cross ARM C Compiler
arm-none-eabi-gcc -mcpu=cortex-m4 -mthumb -mfloat-abi=soft -Og -fmessage-length=0 -fsigned-char -ffunction-sections -fdata-sections -ffreestanding -fno-move-loop-invariants -Wall -Wextra  -g3 -DDEBUG -DUSE_FULL_ASSERT -DSTM32F411xE -DUSE_HAL_DRIVER -DHSE_VALUE=96000000 -I"../Inc" -I"../system/Inc" -I"../system/Inc/cmsis" -I"../system/Inc/stm32f4-hal" -std=gnu11 -MMD -MP -MF"Src/main.d" -MT"Src/main.o" -c -o "Src/main.o" "../Src/main.c"
../Src/main.c: In function 'assert_failed':
../Src/main.c:340:29: warning: unused parameter 'file' [-Wunused-parameter]
 void assert_failed(uint8_t* file, uint32_t line)
                             ^
../Src/main.c:340:44: warning: unused parameter 'line' [-Wunused-parameter]
 void assert_failed(uint8_t* file, uint32_t line)
                                            ^
Finished building: ../Src/main.c
 
Building target: testTimer.elf
Invoking: Cross ARM C++ Linker
arm-none-eabi-g++ -mcpu=cortex-m4 -mthumb -mfloat-abi=soft -Og -fmessage-length=0 -fsigned-char -ffunction-sections -fdata-sections -ffreestanding -fno-move-loop-invariants -Wall -Wextra  -g3 -T mem.ld -T libs.ld -T sections.ld -nostartfiles -Xlinker --gc-sections -L"../ldscripts" -Wl,-Map,"testTimer.map" --specs=nano.specs -o "testTimer.elf"  ./system/Src/stm32f4-hal/stm32f4xx_hal.o ./system/Src/stm32f4-hal/stm32f4xx_hal_cortex.o ./system/Src/stm32f4-hal/stm32f4xx_hal_flash.o ./system/Src/stm32f4-hal/stm32f4xx_hal_gpio.o ./system/Src/stm32f4-hal/stm32f4xx_hal_pwr.o ./system/Src/stm32f4-hal/stm32f4xx_hal_rcc.o ./system/Src/stm32f4-hal/stm32f4xx_hal_tim.o ./system/Src/stm32f4-hal/stm32f4xx_hal_tim_ex.o  ./system/Src/newlib/_cxx.o ./system/Src/newlib/_exit.o ./system/Src/newlib/_sbrk.o ./system/Src/newlib/_startup.o ./system/Src/newlib/_syscalls.o ./system/Src/newlib/assert.o  ./system/Src/diag/Trace.o ./system/Src/diag/trace_impl.o  ./system/Src/cortexm/_initialize_hardware.o ./system/Src/cortexm/_reset_hardware.o ./system/Src/cortexm/exception_handlers.o  ./system/Src/cmsis/system_stm32f4xx.o ./system/Src/cmsis/vectors_stm32f411xe.o  ./Src/main.o ./Src/stm32f4xx_hal_msp.o ./Src/stm32f4xx_it.o   
Finished building target: testTimer.elf
 
Invoking: Cross ARM GNU Create Flash Image
arm-none-eabi-objcopy -O ihex "testTimer.elf"  "testTimer.hex"
Finished building: testTimer.hex
 
Invoking: Cross ARM GNU Print Size
arm-none-eabi-size --format=berkeley "testTimer.elf"
   text	   data	    bss	    dec	    hex	filename
   7936	     60	    332	   8328	   2088	testTimer.elf
Finished building: testTimer.siz
 
14:56:37 **** Incremental Build of configuration Debug for project testTimer ****
make all 
Invoking: Cross ARM GNU Print Size
arm-none-eabi-size --format=berkeley "testTimer.elf"
   text	   data	    bss	    dec	    hex	filename
   7936	     60	    332	   8328	   2088	testTimer.elf
Finished building: testTimer.siz
 
14:56:56 **** Incremental Build of configuration Debug for project testTimer ****
make all 
Building file: ../Src/main.c
Invoking: Cross ARM C Compiler
arm-none-eabi-gcc -mcpu=cortex-m4 -mthumb -mfloat-abi=soft -Og -fmessage-length=0 -fsigned-char -ffunction-sections -fdata-sections -ffreestanding -fno-move-loop-invariants -Wall -Wextra  -g3 -DDEBUG -DUSE_FULL_ASSERT -DSTM32F411xE -DUSE_HAL_DRIVER -DHSE_VALUE=96000000 -I"../Inc" -I"../system/Inc" -I"../system/Inc/cmsis" -I"../system/Inc/stm32f4-hal" -std=gnu11 -MMD -MP -MF"Src/main.d" -MT"Src/main.o" -c -o "Src/main.o" "../Src/main.c"
../Src/main.c: In function 'assert_failed':
../Src/main.c:342:29: warning: unused parameter 'file' [-Wunused-parameter]
 void assert_failed(uint8_t* file, uint32_t line)
                             ^
../Src/main.c:342:44: warning: unused parameter 'line' [-Wunused-parameter]
 void assert_failed(uint8_t* file, uint32_t line)
                                            ^
Finished building: ../Src/main.c
 
Building target: testTimer.elf
Invoking: Cross ARM C++ Linker
arm-none-eabi-g++ -mcpu=cortex-m4 -mthumb -mfloat-abi=soft -Og -fmessage-length=0 -fsigned-char -ffunction-sections -fdata-sections -ffreestanding -fno-move-loop-invariants -Wall -Wextra  -g3 -T mem.ld -T libs.ld -T sections.ld -nostartfiles -Xlinker --gc-sections -L"../ldscripts" -Wl,-Map,"testTimer.map" --specs=nano.specs -o "testTimer.elf"  ./system/Src/stm32f4-hal/stm32f4xx_hal.o ./system/Src/stm32f4-hal/stm32f4xx_hal_cortex.o ./system/Src/stm32f4-hal/stm32f4xx_hal_flash.o ./system/Src/stm32f4-hal/stm32f4xx_hal_gpio.o ./system/Src/stm32f4-hal/stm32f4xx_hal_pwr.o ./system/Src/stm32f4-hal/stm32f4xx_hal_rcc.o ./system/Src/stm32f4-hal/stm32f4xx_hal_tim.o ./system/Src/stm32f4-hal/stm32f4xx_hal_tim_ex.o  ./system/Src/newlib/_cxx.o ./system/Src/newlib/_exit.o ./system/Src/newlib/_sbrk.o ./system/Src/newlib/_startup.o ./system/Src/newlib/_syscalls.o ./system/Src/newlib/assert.o  ./system/Src/diag/Trace.o ./system/Src/diag/trace_impl.o  ./system/Src/cortexm/_initialize_hardware.o ./system/Src/cortexm/_reset_hardware.o ./system/Src/cortexm/exception_handlers.o  ./system/Src/cmsis/system_stm32f4xx.o ./system/Src/cmsis/vectors_stm32f411xe.o  ./Src/main.o ./Src/stm32f4xx_hal_msp.o ./Src/stm32f4xx_it.o   
/Volumes/Data/Olivier/Stm32 toolchain/gcc-arm-none-eabi-5_2-2015q4/bin/../lib/gcc/arm-none-eabi/5.2.1/../../../../arm-none-eabi/lib/armv7e-m/libg_nano.a(lib_a-writer.o): In function `_write_r':
writer.c:(.text._write_r+0x10): undefined reference to `_write'
/Volumes/Data/Olivier/Stm32 toolchain/gcc-arm-none-eabi-5_2-2015q4/bin/../lib/gcc/arm-none-eabi/5.2.1/../../../../arm-none-eabi/lib/armv7e-m/libg_nano.a(lib_a-closer.o): In function `_close_r':
closer.c:(.text._close_r+0xc): undefined reference to `_close'
/Volumes/Data/Olivier/Stm32 toolchain/gcc-arm-none-eabi-5_2-2015q4/bin/../lib/gcc/arm-none-eabi/5.2.1/../../../../arm-none-eabi/lib/armv7e-m/libg_nano.a(lib_a-lseekr.o): In function `_lseek_r':
lseekr.c:(.text._lseek_r+0x10): undefined reference to `_lseek'
/Volumes/Data/Olivier/Stm32 toolchain/gcc-arm-none-eabi-5_2-2015q4/bin/../lib/gcc/arm-none-eabi/5.2.1/../../../../arm-none-eabi/lib/armv7e-m/libg_nano.a(lib_a-readr.o): In function `_read_r':
readr.c:(.text._read_r+0x10): undefined reference to `_read'
/Volumes/Data/Olivier/Stm32 toolchain/gcc-arm-none-eabi-5_2-2015q4/bin/../lib/gcc/arm-none-eabi/5.2.1/../../../../arm-none-eabi/lib/armv7e-m/libg_nano.a(lib_a-fstatr.o): In function `_fstat_r':
fstatr.c:(.text._fstat_r+0xe): undefined reference to `_fstat'
/Volumes/Data/Olivier/Stm32 toolchain/gcc-arm-none-eabi-5_2-2015q4/bin/../lib/gcc/arm-none-eabi/5.2.1/../../../../arm-none-eabi/lib/armv7e-m/libg_nano.a(lib_a-isattyr.o): In function `_isatty_r':
isattyr.c:(.text._isatty_r+0xc): undefined reference to `_isatty'
collect2: error: ld returned 1 exit status
make: *** [testTimer.elf] Error 1
14:57:19 **** Incremental Build of configuration Debug for project testTimer ****
make all 
Building file: ../Src/main.c
Invoking: Cross ARM C Compiler
arm-none-eabi-gcc -mcpu=cortex-m4 -mthumb -mfloat-abi=soft -Og -fmessage-length=0 -fsigned-char -ffunction-sections -fdata-sections -ffreestanding -fno-move-loop-invariants -Wall -Wextra  -g3 -DDEBUG -DUSE_FULL_ASSERT -DSTM32F411xE -DUSE_HAL_DRIVER -DHSE_VALUE=96000000 -I"../Inc" -I"../system/Inc" -I"../system/Inc/cmsis" -I"../system/Inc/stm32f4-hal" -std=gnu11 -MMD -MP -MF"Src/main.d" -MT"Src/main.o" -c -o "Src/main.o" "../Src/main.c"
../Src/main.c: In function 'assert_failed':
../Src/main.c:342:29: warning: unused parameter 'file' [-Wunused-parameter]
 void assert_failed(uint8_t* file, uint32_t line)
                             ^
../Src/main.c:342:44: warning: unused parameter 'line' [-Wunused-parameter]
 void assert_failed(uint8_t* file, uint32_t line)
                                            ^
Finished building: ../Src/main.c
 
Building target: testTimer.elf
Invoking: Cross ARM C++ Linker
arm-none-eabi-g++ -mcpu=cortex-m4 -mthumb -mfloat-abi=soft -Og -fmessage-length=0 -fsigned-char -ffunction-sections -fdata-sections -ffreestanding -fno-move-loop-invariants -Wall -Wextra  -g3 -T mem.ld -T libs.ld -T sections.ld -nostartfiles -Xlinker --gc-sections -L"../ldscripts" -Wl,-Map,"testTimer.map" --specs=nano.specs -o "testTimer.elf"  ./system/Src/stm32f4-hal/stm32f4xx_hal.o ./system/Src/stm32f4-hal/stm32f4xx_hal_cortex.o ./system/Src/stm32f4-hal/stm32f4xx_hal_flash.o ./system/Src/stm32f4-hal/stm32f4xx_hal_gpio.o ./system/Src/stm32f4-hal/stm32f4xx_hal_pwr.o ./system/Src/stm32f4-hal/stm32f4xx_hal_rcc.o ./system/Src/stm32f4-hal/stm32f4xx_hal_tim.o ./system/Src/stm32f4-hal/stm32f4xx_hal_tim_ex.o  ./system/Src/newlib/_cxx.o ./system/Src/newlib/_exit.o ./system/Src/newlib/_sbrk.o ./system/Src/newlib/_startup.o ./system/Src/newlib/_syscalls.o ./system/Src/newlib/assert.o  ./system/Src/diag/Trace.o ./system/Src/diag/trace_impl.o  ./system/Src/cortexm/_initialize_hardware.o ./system/Src/cortexm/_reset_hardware.o ./system/Src/cortexm/exception_handlers.o  ./system/Src/cmsis/system_stm32f4xx.o ./system/Src/cmsis/vectors_stm32f411xe.o  ./Src/main.o ./Src/stm32f4xx_hal_msp.o ./Src/stm32f4xx_it.o   
Finished building target: testTimer.elf
 
Invoking: Cross ARM GNU Create Flash Image
arm-none-eabi-objcopy -O ihex "testTimer.elf"  "testTimer.hex"
Finished building: testTimer.hex
 
Invoking: Cross ARM GNU Print Size
arm-none-eabi-size --format=berkeley "testTimer.elf"
   text	   data	    bss	    dec	    hex	filename
   7936	     60	    332	   8328	   2088	testTimer.elf
Finished building: testTimer.siz
 
14:59:22 **** Incremental Build of configuration Debug for project testTimer ****
make all 
Building file: ../Src/main.c
Invoking: Cross ARM C Compiler
arm-none-eabi-gcc -mcpu=cortex-m4 -mthumb -mfloat-abi=soft -Og -fmessage-length=0 -fsigned-char -ffunction-sections -fdata-sections -ffreestanding -fno-move-loop-invariants -Wall -Wextra  -g3 -DDEBUG -DUSE_FULL_ASSERT -DSTM32F411xE -DUSE_HAL_DRIVER -DHSE_VALUE=96000000 -I"../Inc" -I"../system/Inc" -I"../system/Inc/cmsis" -I"../system/Inc/stm32f4-hal" -std=gnu11 -MMD -MP -MF"Src/main.d" -MT"Src/main.o" -c -o "Src/main.o" "../Src/main.c"
../Src/main.c: In function 'assert_failed':
../Src/main.c:342:29: warning: unused parameter 'file' [-Wunused-parameter]
 void assert_failed(uint8_t* file, uint32_t line)
                             ^
../Src/main.c:342:44: warning: unused parameter 'line' [-Wunused-parameter]
 void assert_failed(uint8_t* file, uint32_t line)
                                            ^
Finished building: ../Src/main.c
 
Building target: testTimer.elf
Invoking: Cross ARM C++ Linker
arm-none-eabi-g++ -mcpu=cortex-m4 -mthumb -mfloat-abi=soft -Og -fmessage-length=0 -fsigned-char -ffunction-sections -fdata-sections -ffreestanding -fno-move-loop-invariants -Wall -Wextra  -g3 -T mem.ld -T libs.ld -T sections.ld -nostartfiles -Xlinker --gc-sections -L"../ldscripts" -Wl,-Map,"testTimer.map" --specs=nano.specs -o "testTimer.elf"  ./system/Src/stm32f4-hal/stm32f4xx_hal.o ./system/Src/stm32f4-hal/stm32f4xx_hal_cortex.o ./system/Src/stm32f4-hal/stm32f4xx_hal_flash.o ./system/Src/stm32f4-hal/stm32f4xx_hal_gpio.o ./system/Src/stm32f4-hal/stm32f4xx_hal_pwr.o ./system/Src/stm32f4-hal/stm32f4xx_hal_rcc.o ./system/Src/stm32f4-hal/stm32f4xx_hal_tim.o ./system/Src/stm32f4-hal/stm32f4xx_hal_tim_ex.o  ./system/Src/newlib/_cxx.o ./system/Src/newlib/_exit.o ./system/Src/newlib/_sbrk.o ./system/Src/newlib/_startup.o ./system/Src/newlib/_syscalls.o ./system/Src/newlib/assert.o  ./system/Src/diag/Trace.o ./system/Src/diag/trace_impl.o  ./system/Src/cortexm/_initialize_hardware.o ./system/Src/cortexm/_reset_hardware.o ./system/Src/cortexm/exception_handlers.o  ./system/Src/cmsis/system_stm32f4xx.o ./system/Src/cmsis/vectors_stm32f411xe.o  ./Src/main.o ./Src/stm32f4xx_hal_msp.o ./Src/stm32f4xx_it.o   
Finished building target: testTimer.elf
 
Invoking: Cross ARM GNU Create Flash Image
arm-none-eabi-objcopy -O ihex "testTimer.elf"  "testTimer.hex"
Finished building: testTimer.hex
 
Invoking: Cross ARM GNU Print Size
arm-none-eabi-size --format=berkeley "testTimer.elf"
   text	   data	    bss	    dec	    hex	filename
   7936	     60	    332	   8328	   2088	testTimer.elf
Finished building: testTimer.siz
 
15:04:04 **** Incremental Build of configuration Debug for project testTimer ****
make all 
Building file: ../Src/main.c
Invoking: Cross ARM C Compiler
arm-none-eabi-gcc -mcpu=cortex-m4 -mthumb -mfloat-abi=soft -Og -fmessage-length=0 -fsigned-char -ffunction-sections -fdata-sections -ffreestanding -fno-move-loop-invariants -Wall -Wextra  -g3 -DDEBUG -DUSE_FULL_ASSERT -DSTM32F411xE -DUSE_HAL_DRIVER -DHSE_VALUE=96000000 -I"../Inc" -I"../system/Inc" -I"../system/Inc/cmsis" -I"../system/Inc/stm32f4-hal" -std=gnu11 -MMD -MP -MF"Src/main.d" -MT"Src/main.o" -c -o "Src/main.o" "../Src/main.c"
../Src/main.c: In function 'assert_failed':
../Src/main.c:342:29: warning: unused parameter 'file' [-Wunused-parameter]
 void assert_failed(uint8_t* file, uint32_t line)
                             ^
../Src/main.c:342:44: warning: unused parameter 'line' [-Wunused-parameter]
 void assert_failed(uint8_t* file, uint32_t line)
                                            ^
Finished building: ../Src/main.c
 
Building target: testTimer.elf
Invoking: Cross ARM C++ Linker
arm-none-eabi-g++ -mcpu=cortex-m4 -mthumb -mfloat-abi=soft -Og -fmessage-length=0 -fsigned-char -ffunction-sections -fdata-sections -ffreestanding -fno-move-loop-invariants -Wall -Wextra  -g3 -T mem.ld -T libs.ld -T sections.ld -nostartfiles -Xlinker --gc-sections -L"../ldscripts" -Wl,-Map,"testTimer.map" --specs=nano.specs -o "testTimer.elf"  ./system/Src/stm32f4-hal/stm32f4xx_hal.o ./system/Src/stm32f4-hal/stm32f4xx_hal_cortex.o ./system/Src/stm32f4-hal/stm32f4xx_hal_flash.o ./system/Src/stm32f4-hal/stm32f4xx_hal_gpio.o ./system/Src/stm32f4-hal/stm32f4xx_hal_pwr.o ./system/Src/stm32f4-hal/stm32f4xx_hal_rcc.o ./system/Src/stm32f4-hal/stm32f4xx_hal_tim.o ./system/Src/stm32f4-hal/stm32f4xx_hal_tim_ex.o  ./system/Src/newlib/_cxx.o ./system/Src/newlib/_exit.o ./system/Src/newlib/_sbrk.o ./system/Src/newlib/_startup.o ./system/Src/newlib/_syscalls.o ./system/Src/newlib/assert.o  ./system/Src/diag/Trace.o ./system/Src/diag/trace_impl.o  ./system/Src/cortexm/_initialize_hardware.o ./system/Src/cortexm/_reset_hardware.o ./system/Src/cortexm/exception_handlers.o  ./system/Src/cmsis/system_stm32f4xx.o ./system/Src/cmsis/vectors_stm32f411xe.o  ./Src/main.o ./Src/stm32f4xx_hal_msp.o ./Src/stm32f4xx_it.o   
Finished building target: testTimer.elf
 
Invoking: Cross ARM GNU Create Flash Image
arm-none-eabi-objcopy -O ihex "testTimer.elf"  "testTimer.hex"
Finished building: testTimer.hex
 
Invoking: Cross ARM GNU Print Size
arm-none-eabi-size --format=berkeley "testTimer.elf"
   text	   data	    bss	    dec	    hex	filename
   7936	     60	    332	   8328	   2088	testTimer.elf
Finished building: testTimer.siz
 
15:04:37 **** Incremental Build of configuration Debug for project testTimer ****
make all 
Building file: ../Src/main.c
Invoking: Cross ARM C Compiler
arm-none-eabi-gcc -mcpu=cortex-m4 -mthumb -mfloat-abi=soft -Og -fmessage-length=0 -fsigned-char -ffunction-sections -fdata-sections -ffreestanding -fno-move-loop-invariants -Wall -Wextra  -g3 -DDEBUG -DUSE_FULL_ASSERT -DSTM32F411xE -DUSE_HAL_DRIVER -DHSE_VALUE=96000000 -I"../Inc" -I"../system/Inc" -I"../system/Inc/cmsis" -I"../system/Inc/stm32f4-hal" -std=gnu11 -MMD -MP -MF"Src/main.d" -MT"Src/main.o" -c -o "Src/main.o" "../Src/main.c"
../Src/main.c: In function 'assert_failed':
../Src/main.c:342:29: warning: unused parameter 'file' [-Wunused-parameter]
 void assert_failed(uint8_t* file, uint32_t line)
                             ^
../Src/main.c:342:44: warning: unused parameter 'line' [-Wunused-parameter]
 void assert_failed(uint8_t* file, uint32_t line)
                                            ^
Finished building: ../Src/main.c
 
Building target: testTimer.elf
Invoking: Cross ARM C++ Linker
arm-none-eabi-g++ -mcpu=cortex-m4 -mthumb -mfloat-abi=soft -Og -fmessage-length=0 -fsigned-char -ffunction-sections -fdata-sections -ffreestanding -fno-move-loop-invariants -Wall -Wextra  -g3 -T mem.ld -T libs.ld -T sections.ld -nostartfiles -Xlinker --gc-sections -L"../ldscripts" -Wl,-Map,"testTimer.map" --specs=nano.specs -o "testTimer.elf"  ./system/Src/stm32f4-hal/stm32f4xx_hal.o ./system/Src/stm32f4-hal/stm32f4xx_hal_cortex.o ./system/Src/stm32f4-hal/stm32f4xx_hal_flash.o ./system/Src/stm32f4-hal/stm32f4xx_hal_gpio.o ./system/Src/stm32f4-hal/stm32f4xx_hal_pwr.o ./system/Src/stm32f4-hal/stm32f4xx_hal_rcc.o ./system/Src/stm32f4-hal/stm32f4xx_hal_tim.o ./system/Src/stm32f4-hal/stm32f4xx_hal_tim_ex.o  ./system/Src/newlib/_cxx.o ./system/Src/newlib/_exit.o ./system/Src/newlib/_sbrk.o ./system/Src/newlib/_startup.o ./system/Src/newlib/_syscalls.o ./system/Src/newlib/assert.o  ./system/Src/diag/Trace.o ./system/Src/diag/trace_impl.o  ./system/Src/cortexm/_initialize_hardware.o ./system/Src/cortexm/_reset_hardware.o ./system/Src/cortexm/exception_handlers.o  ./system/Src/cmsis/system_stm32f4xx.o ./system/Src/cmsis/vectors_stm32f411xe.o  ./Src/main.o ./Src/stm32f4xx_hal_msp.o ./Src/stm32f4xx_it.o   
Finished building target: testTimer.elf
 
Invoking: Cross ARM GNU Create Flash Image
arm-none-eabi-objcopy -O ihex "testTimer.elf"  "testTimer.hex"
Finished building: testTimer.hex
 
Invoking: Cross ARM GNU Print Size
arm-none-eabi-size --format=berkeley "testTimer.elf"
   text	   data	    bss	    dec	    hex	filename
   7932	     60	    332	   8324	   2084	testTimer.elf
Finished building: testTimer.siz
 
