09:57:45 **** Incremental Build of configuration Debug for project SpiTest ****
make all 
Building file: ../src/main.c
Invoking: Cross ARM C Compiler
arm-none-eabi-gcc -mcpu=cortex-m4 -mthumb -mfloat-abi=soft -Og -fmessage-length=0 -fsigned-char -ffunction-sections -fdata-sections -ffreestanding -fno-move-loop-invariants -Wall -Wextra  -g3 -DDEBUG -DUSE_FULL_ASSERT -DSTM32F411xE -DUSE_HAL_DRIVER -DHSE_VALUE=96000000 -I"../include" -I"../system/include" -I"../system/include/cmsis" -I"../system/include/stm32f4-hal" -std=gnu11 -MMD -MP -MF"src/main.d" -MT"src/main.o" -c -o "src/main.o" "../src/main.c"
../src/main.c: In function 'main':
../src/main.c:107:28: warning: passing argument 2 of 'HAL_SPI_Transmit' from incompatible pointer type [-Wincompatible-pointer-types]
    HAL_SPI_Transmit(&hspi1,&test,4,1);
                            ^
In file included from ../include/stm32f4xx_hal_conf.h:365:0,
                 from ../system/include/stm32f4-hal/stm32f4xx_hal.h:48,
                 from ../src/main.c:34:
../system/include/stm32f4-hal/stm32f4xx_hal_spi.h:441:19: note: expected '__uint8_t * {aka unsigned char *}' but argument is of type 'char (*)[5]'
 HAL_StatusTypeDef HAL_SPI_Transmit(SPI_HandleTypeDef *hspi, uint8_t *pData, uint16_t Size, uint32_t Timeout);
                   ^
../src/main.c:89:12: warning: unused variable 'package' [-Wunused-variable]
   uint16_t package = commando + data;
            ^
../src/main.c: In function 'assert_failed':
../src/main.c:217:29: warning: unused parameter 'file' [-Wunused-parameter]
 void assert_failed(uint8_t* file, uint32_t line)
                             ^
../src/main.c:217:44: warning: unused parameter 'line' [-Wunused-parameter]
 void assert_failed(uint8_t* file, uint32_t line)
                                            ^
Finished building: ../src/main.c
 
Building target: SpiTest.elf
Invoking: Cross ARM C++ Linker
arm-none-eabi-g++ -mcpu=cortex-m4 -mthumb -mfloat-abi=soft -Og -fmessage-length=0 -fsigned-char -ffunction-sections -fdata-sections -ffreestanding -fno-move-loop-invariants -Wall -Wextra  -g3 -T mem.ld -T libs.ld -T sections.ld -nostartfiles -Xlinker --gc-sections -L"../ldscripts" -Wl,-Map,"SpiTest.map" --specs=nano.specs -o "SpiTest.elf"  ./system/src/stm32f4-hal/stm32f4xx_hal.o ./system/src/stm32f4-hal/stm32f4xx_hal_cortex.o ./system/src/stm32f4-hal/stm32f4xx_hal_flash.o ./system/src/stm32f4-hal/stm32f4xx_hal_gpio.o ./system/src/stm32f4-hal/stm32f4xx_hal_iwdg.o ./system/src/stm32f4-hal/stm32f4xx_hal_pwr.o ./system/src/stm32f4-hal/stm32f4xx_hal_rcc.o ./system/src/stm32f4-hal/stm32f4xx_hal_spi.o  ./system/src/newlib/_cxx.o ./system/src/newlib/_exit.o ./system/src/newlib/_sbrk.o ./system/src/newlib/_startup.o ./system/src/newlib/_syscalls.o ./system/src/newlib/assert.o  ./system/src/diag/Trace.o ./system/src/diag/trace_impl.o  ./system/src/cortexm/_initialize_hardware.o ./system/src/cortexm/_reset_hardware.o ./system/src/cortexm/exception_handlers.o  ./system/src/cmsis/system_stm32f4xx.o ./system/src/cmsis/vectors_stm32f411xe.o  ./src/main.o ./src/stm32f4xx_hal_msp.o ./src/stm32f4xx_it.o   
Finished building target: SpiTest.elf
 
Invoking: Cross ARM GNU Create Flash Image
arm-none-eabi-objcopy -O ihex "SpiTest.elf"  "SpiTest.hex"
Finished building: SpiTest.hex
 
Invoking: Cross ARM GNU Print Size
arm-none-eabi-size --format=berkeley "SpiTest.elf"
   text	   data	    bss	    dec	    hex	filename
   5988	     60	    360	   6408	   1908	SpiTest.elf
Finished building: SpiTest.siz
 

09:57:45 Build Finished (took 388ms)

