14:18:31 **** Incremental Build of configuration Debug for project testTimer ****
make all 
Building file: ../system/Src/stm32f4-hal/stm32f4xx_hal.c
Invoking: Cross ARM C Compiler
arm-none-eabi-gcc -mcpu=cortex-m4 -mthumb -mfloat-abi=soft -Og -fmessage-length=0 -fsigned-char -ffunction-sections -fdata-sections -ffreestanding -fno-move-loop-invariants -Wall -Wextra  -g3 -DDEBUG -DUSE_FULL_ASSERT -DSTM32F411xE -DUSE_HAL_DRIVER -DHSE_VALUE=96000000 -I"../Inc" -I"../system/Inc" -I"../system/Inc/cmsis" -I"../system/Inc/stm32f4-hal" -std=gnu11 -Wno-bad-function-cast -Wno-conversion -Wno-sign-conversion -Wno-unused-parameter -Wno-sign-compare -Wno-missing-prototypes -Wno-missing-declarations -MMD -MP -MF"system/Src/stm32f4-hal/stm32f4xx_hal.d" -MT"system/Src/stm32f4-hal/stm32f4xx_hal.o" -c -o "system/Src/stm32f4-hal/stm32f4xx_hal.o" "../system/Src/stm32f4-hal/stm32f4xx_hal.c"
Finished building: ../system/Src/stm32f4-hal/stm32f4xx_hal.c
 
Building file: ../system/Src/stm32f4-hal/stm32f4xx_hal_adc.c
Invoking: Cross ARM C Compiler
arm-none-eabi-gcc -mcpu=cortex-m4 -mthumb -mfloat-abi=soft -Og -fmessage-length=0 -fsigned-char -ffunction-sections -fdata-sections -ffreestanding -fno-move-loop-invariants -Wall -Wextra  -g3 -DDEBUG -DUSE_FULL_ASSERT -DSTM32F411xE -DUSE_HAL_DRIVER -DHSE_VALUE=96000000 -I"../Inc" -I"../system/Inc" -I"../system/Inc/cmsis" -I"../system/Inc/stm32f4-hal" -std=gnu11 -Wno-bad-function-cast -Wno-conversion -Wno-sign-conversion -Wno-unused-parameter -Wno-sign-compare -Wno-missing-prototypes -Wno-missing-declarations -MMD -MP -MF"system/Src/stm32f4-hal/stm32f4xx_hal_adc.d" -MT"system/Src/stm32f4-hal/stm32f4xx_hal_adc.o" -c -o "system/Src/stm32f4-hal/stm32f4xx_hal_adc.o" "../system/Src/stm32f4-hal/stm32f4xx_hal_adc.c"
Finished building: ../system/Src/stm32f4-hal/stm32f4xx_hal_adc.c
 
Building file: ../system/Src/stm32f4-hal/stm32f4xx_hal_adc_ex.c
Invoking: Cross ARM C Compiler
arm-none-eabi-gcc -mcpu=cortex-m4 -mthumb -mfloat-abi=soft -Og -fmessage-length=0 -fsigned-char -ffunction-sections -fdata-sections -ffreestanding -fno-move-loop-invariants -Wall -Wextra  -g3 -DDEBUG -DUSE_FULL_ASSERT -DSTM32F411xE -DUSE_HAL_DRIVER -DHSE_VALUE=96000000 -I"../Inc" -I"../system/Inc" -I"../system/Inc/cmsis" -I"../system/Inc/stm32f4-hal" -std=gnu11 -Wno-bad-function-cast -Wno-conversion -Wno-sign-conversion -Wno-unused-parameter -Wno-sign-compare -Wno-missing-prototypes -Wno-missing-declarations -MMD -MP -MF"system/Src/stm32f4-hal/stm32f4xx_hal_adc_ex.d" -MT"system/Src/stm32f4-hal/stm32f4xx_hal_adc_ex.o" -c -o "system/Src/stm32f4-hal/stm32f4xx_hal_adc_ex.o" "../system/Src/stm32f4-hal/stm32f4xx_hal_adc_ex.c"
Finished building: ../system/Src/stm32f4-hal/stm32f4xx_hal_adc_ex.c
 
Building file: ../system/Src/stm32f4-hal/stm32f4xx_hal_can.c
Invoking: Cross ARM C Compiler
arm-none-eabi-gcc -mcpu=cortex-m4 -mthumb -mfloat-abi=soft -Og -fmessage-length=0 -fsigned-char -ffunction-sections -fdata-sections -ffreestanding -fno-move-loop-invariants -Wall -Wextra  -g3 -DDEBUG -DUSE_FULL_ASSERT -DSTM32F411xE -DUSE_HAL_DRIVER -DHSE_VALUE=96000000 -I"../Inc" -I"../system/Inc" -I"../system/Inc/cmsis" -I"../system/Inc/stm32f4-hal" -std=gnu11 -Wno-bad-function-cast -Wno-conversion -Wno-sign-conversion -Wno-unused-parameter -Wno-sign-compare -Wno-missing-prototypes -Wno-missing-declarations -MMD -MP -MF"system/Src/stm32f4-hal/stm32f4xx_hal_can.d" -MT"system/Src/stm32f4-hal/stm32f4xx_hal_can.o" -c -o "system/Src/stm32f4-hal/stm32f4xx_hal_can.o" "../system/Src/stm32f4-hal/stm32f4xx_hal_can.c"
Finished building: ../system/Src/stm32f4-hal/stm32f4xx_hal_can.c
 
Building file: ../system/Src/stm32f4-hal/stm32f4xx_hal_cec.c
Invoking: Cross ARM C Compiler
arm-none-eabi-gcc -mcpu=cortex-m4 -mthumb -mfloat-abi=soft -Og -fmessage-length=0 -fsigned-char -ffunction-sections -fdata-sections -ffreestanding -fno-move-loop-invariants -Wall -Wextra  -g3 -DDEBUG -DUSE_FULL_ASSERT -DSTM32F411xE -DUSE_HAL_DRIVER -DHSE_VALUE=96000000 -I"../Inc" -I"../system/Inc" -I"../system/Inc/cmsis" -I"../system/Inc/stm32f4-hal" -std=gnu11 -Wno-bad-function-cast -Wno-conversion -Wno-sign-conversion -Wno-unused-parameter -Wno-sign-compare -Wno-missing-prototypes -Wno-missing-declarations -MMD -MP -MF"system/Src/stm32f4-hal/stm32f4xx_hal_cec.d" -MT"system/Src/stm32f4-hal/stm32f4xx_hal_cec.o" -c -o "system/Src/stm32f4-hal/stm32f4xx_hal_cec.o" "../system/Src/stm32f4-hal/stm32f4xx_hal_cec.c"
Finished building: ../system/Src/stm32f4-hal/stm32f4xx_hal_cec.c
 
Building file: ../system/Src/stm32f4-hal/stm32f4xx_hal_cortex.c
Invoking: Cross ARM C Compiler
arm-none-eabi-gcc -mcpu=cortex-m4 -mthumb -mfloat-abi=soft -Og -fmessage-length=0 -fsigned-char -ffunction-sections -fdata-sections -ffreestanding -fno-move-loop-invariants -Wall -Wextra  -g3 -DDEBUG -DUSE_FULL_ASSERT -DSTM32F411xE -DUSE_HAL_DRIVER -DHSE_VALUE=96000000 -I"../Inc" -I"../system/Inc" -I"../system/Inc/cmsis" -I"../system/Inc/stm32f4-hal" -std=gnu11 -Wno-bad-function-cast -Wno-conversion -Wno-sign-conversion -Wno-unused-parameter -Wno-sign-compare -Wno-missing-prototypes -Wno-missing-declarations -MMD -MP -MF"system/Src/stm32f4-hal/stm32f4xx_hal_cortex.d" -MT"system/Src/stm32f4-hal/stm32f4xx_hal_cortex.o" -c -o "system/Src/stm32f4-hal/stm32f4xx_hal_cortex.o" "../system/Src/stm32f4-hal/stm32f4xx_hal_cortex.c"
Finished building: ../system/Src/stm32f4-hal/stm32f4xx_hal_cortex.c
 
Building file: ../system/Src/stm32f4-hal/stm32f4xx_hal_crc.c
Invoking: Cross ARM C Compiler
arm-none-eabi-gcc -mcpu=cortex-m4 -mthumb -mfloat-abi=soft -Og -fmessage-length=0 -fsigned-char -ffunction-sections -fdata-sections -ffreestanding -fno-move-loop-invariants -Wall -Wextra  -g3 -DDEBUG -DUSE_FULL_ASSERT -DSTM32F411xE -DUSE_HAL_DRIVER -DHSE_VALUE=96000000 -I"../Inc" -I"../system/Inc" -I"../system/Inc/cmsis" -I"../system/Inc/stm32f4-hal" -std=gnu11 -Wno-bad-function-cast -Wno-conversion -Wno-sign-conversion -Wno-unused-parameter -Wno-sign-compare -Wno-missing-prototypes -Wno-missing-declarations -MMD -MP -MF"system/Src/stm32f4-hal/stm32f4xx_hal_crc.d" -MT"system/Src/stm32f4-hal/stm32f4xx_hal_crc.o" -c -o "system/Src/stm32f4-hal/stm32f4xx_hal_crc.o" "../system/Src/stm32f4-hal/stm32f4xx_hal_crc.c"
Finished building: ../system/Src/stm32f4-hal/stm32f4xx_hal_crc.c
 
Building file: ../system/Src/stm32f4-hal/stm32f4xx_hal_cryp.c
Invoking: Cross ARM C Compiler
arm-none-eabi-gcc -mcpu=cortex-m4 -mthumb -mfloat-abi=soft -Og -fmessage-length=0 -fsigned-char -ffunction-sections -fdata-sections -ffreestanding -fno-move-loop-invariants -Wall -Wextra  -g3 -DDEBUG -DUSE_FULL_ASSERT -DSTM32F411xE -DUSE_HAL_DRIVER -DHSE_VALUE=96000000 -I"../Inc" -I"../system/Inc" -I"../system/Inc/cmsis" -I"../system/Inc/stm32f4-hal" -std=gnu11 -Wno-bad-function-cast -Wno-conversion -Wno-sign-conversion -Wno-unused-parameter -Wno-sign-compare -Wno-missing-prototypes -Wno-missing-declarations -MMD -MP -MF"system/Src/stm32f4-hal/stm32f4xx_hal_cryp.d" -MT"system/Src/stm32f4-hal/stm32f4xx_hal_cryp.o" -c -o "system/Src/stm32f4-hal/stm32f4xx_hal_cryp.o" "../system/Src/stm32f4-hal/stm32f4xx_hal_cryp.c"
Finished building: ../system/Src/stm32f4-hal/stm32f4xx_hal_cryp.c
 
Building file: ../system/Src/stm32f4-hal/stm32f4xx_hal_cryp_ex.c
Invoking: Cross ARM C Compiler
arm-none-eabi-gcc -mcpu=cortex-m4 -mthumb -mfloat-abi=soft -Og -fmessage-length=0 -fsigned-char -ffunction-sections -fdata-sections -ffreestanding -fno-move-loop-invariants -Wall -Wextra  -g3 -DDEBUG -DUSE_FULL_ASSERT -DSTM32F411xE -DUSE_HAL_DRIVER -DHSE_VALUE=96000000 -I"../Inc" -I"../system/Inc" -I"../system/Inc/cmsis" -I"../system/Inc/stm32f4-hal" -std=gnu11 -Wno-bad-function-cast -Wno-conversion -Wno-sign-conversion -Wno-unused-parameter -Wno-sign-compare -Wno-missing-prototypes -Wno-missing-declarations -MMD -MP -MF"system/Src/stm32f4-hal/stm32f4xx_hal_cryp_ex.d" -MT"system/Src/stm32f4-hal/stm32f4xx_hal_cryp_ex.o" -c -o "system/Src/stm32f4-hal/stm32f4xx_hal_cryp_ex.o" "../system/Src/stm32f4-hal/stm32f4xx_hal_cryp_ex.c"
Finished building: ../system/Src/stm32f4-hal/stm32f4xx_hal_cryp_ex.c
 
Building file: ../system/Src/stm32f4-hal/stm32f4xx_hal_dac.c
Invoking: Cross ARM C Compiler
arm-none-eabi-gcc -mcpu=cortex-m4 -mthumb -mfloat-abi=soft -Og -fmessage-length=0 -fsigned-char -ffunction-sections -fdata-sections -ffreestanding -fno-move-loop-invariants -Wall -Wextra  -g3 -DDEBUG -DUSE_FULL_ASSERT -DSTM32F411xE -DUSE_HAL_DRIVER -DHSE_VALUE=96000000 -I"../Inc" -I"../system/Inc" -I"../system/Inc/cmsis" -I"../system/Inc/stm32f4-hal" -std=gnu11 -Wno-bad-function-cast -Wno-conversion -Wno-sign-conversion -Wno-unused-parameter -Wno-sign-compare -Wno-missing-prototypes -Wno-missing-declarations -MMD -MP -MF"system/Src/stm32f4-hal/stm32f4xx_hal_dac.d" -MT"system/Src/stm32f4-hal/stm32f4xx_hal_dac.o" -c -o "system/Src/stm32f4-hal/stm32f4xx_hal_dac.o" "../system/Src/stm32f4-hal/stm32f4xx_hal_dac.c"
Finished building: ../system/Src/stm32f4-hal/stm32f4xx_hal_dac.c
 
Building file: ../system/Src/stm32f4-hal/stm32f4xx_hal_dac_ex.c
Invoking: Cross ARM C Compiler
arm-none-eabi-gcc -mcpu=cortex-m4 -mthumb -mfloat-abi=soft -Og -fmessage-length=0 -fsigned-char -ffunction-sections -fdata-sections -ffreestanding -fno-move-loop-invariants -Wall -Wextra  -g3 -DDEBUG -DUSE_FULL_ASSERT -DSTM32F411xE -DUSE_HAL_DRIVER -DHSE_VALUE=96000000 -I"../Inc" -I"../system/Inc" -I"../system/Inc/cmsis" -I"../system/Inc/stm32f4-hal" -std=gnu11 -Wno-bad-function-cast -Wno-conversion -Wno-sign-conversion -Wno-unused-parameter -Wno-sign-compare -Wno-missing-prototypes -Wno-missing-declarations -MMD -MP -MF"system/Src/stm32f4-hal/stm32f4xx_hal_dac_ex.d" -MT"system/Src/stm32f4-hal/stm32f4xx_hal_dac_ex.o" -c -o "system/Src/stm32f4-hal/stm32f4xx_hal_dac_ex.o" "../system/Src/stm32f4-hal/stm32f4xx_hal_dac_ex.c"
Finished building: ../system/Src/stm32f4-hal/stm32f4xx_hal_dac_ex.c
 
Building file: ../system/Src/stm32f4-hal/stm32f4xx_hal_dcmi.c
Invoking: Cross ARM C Compiler
arm-none-eabi-gcc -mcpu=cortex-m4 -mthumb -mfloat-abi=soft -Og -fmessage-length=0 -fsigned-char -ffunction-sections -fdata-sections -ffreestanding -fno-move-loop-invariants -Wall -Wextra  -g3 -DDEBUG -DUSE_FULL_ASSERT -DSTM32F411xE -DUSE_HAL_DRIVER -DHSE_VALUE=96000000 -I"../Inc" -I"../system/Inc" -I"../system/Inc/cmsis" -I"../system/Inc/stm32f4-hal" -std=gnu11 -Wno-bad-function-cast -Wno-conversion -Wno-sign-conversion -Wno-unused-parameter -Wno-sign-compare -Wno-missing-prototypes -Wno-missing-declarations -MMD -MP -MF"system/Src/stm32f4-hal/stm32f4xx_hal_dcmi.d" -MT"system/Src/stm32f4-hal/stm32f4xx_hal_dcmi.o" -c -o "system/Src/stm32f4-hal/stm32f4xx_hal_dcmi.o" "../system/Src/stm32f4-hal/stm32f4xx_hal_dcmi.c"
Finished building: ../system/Src/stm32f4-hal/stm32f4xx_hal_dcmi.c
 
Building file: ../system/Src/stm32f4-hal/stm32f4xx_hal_dcmi_ex.c
Invoking: Cross ARM C Compiler
arm-none-eabi-gcc -mcpu=cortex-m4 -mthumb -mfloat-abi=soft -Og -fmessage-length=0 -fsigned-char -ffunction-sections -fdata-sections -ffreestanding -fno-move-loop-invariants -Wall -Wextra  -g3 -DDEBUG -DUSE_FULL_ASSERT -DSTM32F411xE -DUSE_HAL_DRIVER -DHSE_VALUE=96000000 -I"../Inc" -I"../system/Inc" -I"../system/Inc/cmsis" -I"../system/Inc/stm32f4-hal" -std=gnu11 -Wno-bad-function-cast -Wno-conversion -Wno-sign-conversion -Wno-unused-parameter -Wno-sign-compare -Wno-missing-prototypes -Wno-missing-declarations -MMD -MP -MF"system/Src/stm32f4-hal/stm32f4xx_hal_dcmi_ex.d" -MT"system/Src/stm32f4-hal/stm32f4xx_hal_dcmi_ex.o" -c -o "system/Src/stm32f4-hal/stm32f4xx_hal_dcmi_ex.o" "../system/Src/stm32f4-hal/stm32f4xx_hal_dcmi_ex.c"
Finished building: ../system/Src/stm32f4-hal/stm32f4xx_hal_dcmi_ex.c
 
Building file: ../system/Src/stm32f4-hal/stm32f4xx_hal_dma.c
Invoking: Cross ARM C Compiler
arm-none-eabi-gcc -mcpu=cortex-m4 -mthumb -mfloat-abi=soft -Og -fmessage-length=0 -fsigned-char -ffunction-sections -fdata-sections -ffreestanding -fno-move-loop-invariants -Wall -Wextra  -g3 -DDEBUG -DUSE_FULL_ASSERT -DSTM32F411xE -DUSE_HAL_DRIVER -DHSE_VALUE=96000000 -I"../Inc" -I"../system/Inc" -I"../system/Inc/cmsis" -I"../system/Inc/stm32f4-hal" -std=gnu11 -Wno-bad-function-cast -Wno-conversion -Wno-sign-conversion -Wno-unused-parameter -Wno-sign-compare -Wno-missing-prototypes -Wno-missing-declarations -MMD -MP -MF"system/Src/stm32f4-hal/stm32f4xx_hal_dma.d" -MT"system/Src/stm32f4-hal/stm32f4xx_hal_dma.o" -c -o "system/Src/stm32f4-hal/stm32f4xx_hal_dma.o" "../system/Src/stm32f4-hal/stm32f4xx_hal_dma.c"
Finished building: ../system/Src/stm32f4-hal/stm32f4xx_hal_dma.c
 
Building file: ../system/Src/stm32f4-hal/stm32f4xx_hal_dma2d.c
Invoking: Cross ARM C Compiler
arm-none-eabi-gcc -mcpu=cortex-m4 -mthumb -mfloat-abi=soft -Og -fmessage-length=0 -fsigned-char -ffunction-sections -fdata-sections -ffreestanding -fno-move-loop-invariants -Wall -Wextra  -g3 -DDEBUG -DUSE_FULL_ASSERT -DSTM32F411xE -DUSE_HAL_DRIVER -DHSE_VALUE=96000000 -I"../Inc" -I"../system/Inc" -I"../system/Inc/cmsis" -I"../system/Inc/stm32f4-hal" -std=gnu11 -Wno-bad-function-cast -Wno-conversion -Wno-sign-conversion -Wno-unused-parameter -Wno-sign-compare -Wno-missing-prototypes -Wno-missing-declarations -MMD -MP -MF"system/Src/stm32f4-hal/stm32f4xx_hal_dma2d.d" -MT"system/Src/stm32f4-hal/stm32f4xx_hal_dma2d.o" -c -o "system/Src/stm32f4-hal/stm32f4xx_hal_dma2d.o" "../system/Src/stm32f4-hal/stm32f4xx_hal_dma2d.c"
Finished building: ../system/Src/stm32f4-hal/stm32f4xx_hal_dma2d.c
 
Building file: ../system/Src/stm32f4-hal/stm32f4xx_hal_dma_ex.c
Invoking: Cross ARM C Compiler
arm-none-eabi-gcc -mcpu=cortex-m4 -mthumb -mfloat-abi=soft -Og -fmessage-length=0 -fsigned-char -ffunction-sections -fdata-sections -ffreestanding -fno-move-loop-invariants -Wall -Wextra  -g3 -DDEBUG -DUSE_FULL_ASSERT -DSTM32F411xE -DUSE_HAL_DRIVER -DHSE_VALUE=96000000 -I"../Inc" -I"../system/Inc" -I"../system/Inc/cmsis" -I"../system/Inc/stm32f4-hal" -std=gnu11 -Wno-bad-function-cast -Wno-conversion -Wno-sign-conversion -Wno-unused-parameter -Wno-sign-compare -Wno-missing-prototypes -Wno-missing-declarations -MMD -MP -MF"system/Src/stm32f4-hal/stm32f4xx_hal_dma_ex.d" -MT"system/Src/stm32f4-hal/stm32f4xx_hal_dma_ex.o" -c -o "system/Src/stm32f4-hal/stm32f4xx_hal_dma_ex.o" "../system/Src/stm32f4-hal/stm32f4xx_hal_dma_ex.c"
Finished building: ../system/Src/stm32f4-hal/stm32f4xx_hal_dma_ex.c
 
Building file: ../system/Src/stm32f4-hal/stm32f4xx_hal_dsi.c
Invoking: Cross ARM C Compiler
arm-none-eabi-gcc -mcpu=cortex-m4 -mthumb -mfloat-abi=soft -Og -fmessage-length=0 -fsigned-char -ffunction-sections -fdata-sections -ffreestanding -fno-move-loop-invariants -Wall -Wextra  -g3 -DDEBUG -DUSE_FULL_ASSERT -DSTM32F411xE -DUSE_HAL_DRIVER -DHSE_VALUE=96000000 -I"../Inc" -I"../system/Inc" -I"../system/Inc/cmsis" -I"../system/Inc/stm32f4-hal" -std=gnu11 -Wno-bad-function-cast -Wno-conversion -Wno-sign-conversion -Wno-unused-parameter -Wno-sign-compare -Wno-missing-prototypes -Wno-missing-declarations -MMD -MP -MF"system/Src/stm32f4-hal/stm32f4xx_hal_dsi.d" -MT"system/Src/stm32f4-hal/stm32f4xx_hal_dsi.o" -c -o "system/Src/stm32f4-hal/stm32f4xx_hal_dsi.o" "../system/Src/stm32f4-hal/stm32f4xx_hal_dsi.c"
Finished building: ../system/Src/stm32f4-hal/stm32f4xx_hal_dsi.c
 
Building file: ../system/Src/stm32f4-hal/stm32f4xx_hal_eth.c
Invoking: Cross ARM C Compiler
arm-none-eabi-gcc -mcpu=cortex-m4 -mthumb -mfloat-abi=soft -Og -fmessage-length=0 -fsigned-char -ffunction-sections -fdata-sections -ffreestanding -fno-move-loop-invariants -Wall -Wextra  -g3 -DDEBUG -DUSE_FULL_ASSERT -DSTM32F411xE -DUSE_HAL_DRIVER -DHSE_VALUE=96000000 -I"../Inc" -I"../system/Inc" -I"../system/Inc/cmsis" -I"../system/Inc/stm32f4-hal" -std=gnu11 -Wno-bad-function-cast -Wno-conversion -Wno-sign-conversion -Wno-unused-parameter -Wno-sign-compare -Wno-missing-prototypes -Wno-missing-declarations -MMD -MP -MF"system/Src/stm32f4-hal/stm32f4xx_hal_eth.d" -MT"system/Src/stm32f4-hal/stm32f4xx_hal_eth.o" -c -o "system/Src/stm32f4-hal/stm32f4xx_hal_eth.o" "../system/Src/stm32f4-hal/stm32f4xx_hal_eth.c"
Finished building: ../system/Src/stm32f4-hal/stm32f4xx_hal_eth.c
 
Building file: ../system/Src/stm32f4-hal/stm32f4xx_hal_flash.c
Invoking: Cross ARM C Compiler
arm-none-eabi-gcc -mcpu=cortex-m4 -mthumb -mfloat-abi=soft -Og -fmessage-length=0 -fsigned-char -ffunction-sections -fdata-sections -ffreestanding -fno-move-loop-invariants -Wall -Wextra  -g3 -DDEBUG -DUSE_FULL_ASSERT -DSTM32F411xE -DUSE_HAL_DRIVER -DHSE_VALUE=96000000 -I"../Inc" -I"../system/Inc" -I"../system/Inc/cmsis" -I"../system/Inc/stm32f4-hal" -std=gnu11 -Wno-bad-function-cast -Wno-conversion -Wno-sign-conversion -Wno-unused-parameter -Wno-sign-compare -Wno-missing-prototypes -Wno-missing-declarations -MMD -MP -MF"system/Src/stm32f4-hal/stm32f4xx_hal_flash.d" -MT"system/Src/stm32f4-hal/stm32f4xx_hal_flash.o" -c -o "system/Src/stm32f4-hal/stm32f4xx_hal_flash.o" "../system/Src/stm32f4-hal/stm32f4xx_hal_flash.c"
Finished building: ../system/Src/stm32f4-hal/stm32f4xx_hal_flash.c
 
Building file: ../system/Src/stm32f4-hal/stm32f4xx_hal_flash_ex.c
Invoking: Cross ARM C Compiler
arm-none-eabi-gcc -mcpu=cortex-m4 -mthumb -mfloat-abi=soft -Og -fmessage-length=0 -fsigned-char -ffunction-sections -fdata-sections -ffreestanding -fno-move-loop-invariants -Wall -Wextra  -g3 -DDEBUG -DUSE_FULL_ASSERT -DSTM32F411xE -DUSE_HAL_DRIVER -DHSE_VALUE=96000000 -I"../Inc" -I"../system/Inc" -I"../system/Inc/cmsis" -I"../system/Inc/stm32f4-hal" -std=gnu11 -Wno-bad-function-cast -Wno-conversion -Wno-sign-conversion -Wno-unused-parameter -Wno-sign-compare -Wno-missing-prototypes -Wno-missing-declarations -MMD -MP -MF"system/Src/stm32f4-hal/stm32f4xx_hal_flash_ex.d" -MT"system/Src/stm32f4-hal/stm32f4xx_hal_flash_ex.o" -c -o "system/Src/stm32f4-hal/stm32f4xx_hal_flash_ex.o" "../system/Src/stm32f4-hal/stm32f4xx_hal_flash_ex.c"
Finished building: ../system/Src/stm32f4-hal/stm32f4xx_hal_flash_ex.c
 
Building file: ../system/Src/stm32f4-hal/stm32f4xx_hal_flash_ramfunc.c
Invoking: Cross ARM C Compiler
arm-none-eabi-gcc -mcpu=cortex-m4 -mthumb -mfloat-abi=soft -Og -fmessage-length=0 -fsigned-char -ffunction-sections -fdata-sections -ffreestanding -fno-move-loop-invariants -Wall -Wextra  -g3 -DDEBUG -DUSE_FULL_ASSERT -DSTM32F411xE -DUSE_HAL_DRIVER -DHSE_VALUE=96000000 -I"../Inc" -I"../system/Inc" -I"../system/Inc/cmsis" -I"../system/Inc/stm32f4-hal" -std=gnu11 -Wno-bad-function-cast -Wno-conversion -Wno-sign-conversion -Wno-unused-parameter -Wno-sign-compare -Wno-missing-prototypes -Wno-missing-declarations -MMD -MP -MF"system/Src/stm32f4-hal/stm32f4xx_hal_flash_ramfunc.d" -MT"system/Src/stm32f4-hal/stm32f4xx_hal_flash_ramfunc.o" -c -o "system/Src/stm32f4-hal/stm32f4xx_hal_flash_ramfunc.o" "../system/Src/stm32f4-hal/stm32f4xx_hal_flash_ramfunc.c"
Finished building: ../system/Src/stm32f4-hal/stm32f4xx_hal_flash_ramfunc.c
 
Building file: ../system/Src/stm32f4-hal/stm32f4xx_hal_fmpi2c.c
Invoking: Cross ARM C Compiler
arm-none-eabi-gcc -mcpu=cortex-m4 -mthumb -mfloat-abi=soft -Og -fmessage-length=0 -fsigned-char -ffunction-sections -fdata-sections -ffreestanding -fno-move-loop-invariants -Wall -Wextra  -g3 -DDEBUG -DUSE_FULL_ASSERT -DSTM32F411xE -DUSE_HAL_DRIVER -DHSE_VALUE=96000000 -I"../Inc" -I"../system/Inc" -I"../system/Inc/cmsis" -I"../system/Inc/stm32f4-hal" -std=gnu11 -Wno-bad-function-cast -Wno-conversion -Wno-sign-conversion -Wno-unused-parameter -Wno-sign-compare -Wno-missing-prototypes -Wno-missing-declarations -MMD -MP -MF"system/Src/stm32f4-hal/stm32f4xx_hal_fmpi2c.d" -MT"system/Src/stm32f4-hal/stm32f4xx_hal_fmpi2c.o" -c -o "system/Src/stm32f4-hal/stm32f4xx_hal_fmpi2c.o" "../system/Src/stm32f4-hal/stm32f4xx_hal_fmpi2c.c"
Finished building: ../system/Src/stm32f4-hal/stm32f4xx_hal_fmpi2c.c
 
Building file: ../system/Src/stm32f4-hal/stm32f4xx_hal_fmpi2c_ex.c
Invoking: Cross ARM C Compiler
arm-none-eabi-gcc -mcpu=cortex-m4 -mthumb -mfloat-abi=soft -Og -fmessage-length=0 -fsigned-char -ffunction-sections -fdata-sections -ffreestanding -fno-move-loop-invariants -Wall -Wextra  -g3 -DDEBUG -DUSE_FULL_ASSERT -DSTM32F411xE -DUSE_HAL_DRIVER -DHSE_VALUE=96000000 -I"../Inc" -I"../system/Inc" -I"../system/Inc/cmsis" -I"../system/Inc/stm32f4-hal" -std=gnu11 -Wno-bad-function-cast -Wno-conversion -Wno-sign-conversion -Wno-unused-parameter -Wno-sign-compare -Wno-missing-prototypes -Wno-missing-declarations -MMD -MP -MF"system/Src/stm32f4-hal/stm32f4xx_hal_fmpi2c_ex.d" -MT"system/Src/stm32f4-hal/stm32f4xx_hal_fmpi2c_ex.o" -c -o "system/Src/stm32f4-hal/stm32f4xx_hal_fmpi2c_ex.o" "../system/Src/stm32f4-hal/stm32f4xx_hal_fmpi2c_ex.c"
Finished building: ../system/Src/stm32f4-hal/stm32f4xx_hal_fmpi2c_ex.c
 
Building file: ../system/Src/stm32f4-hal/stm32f4xx_hal_gpio.c
Invoking: Cross ARM C Compiler
arm-none-eabi-gcc -mcpu=cortex-m4 -mthumb -mfloat-abi=soft -Og -fmessage-length=0 -fsigned-char -ffunction-sections -fdata-sections -ffreestanding -fno-move-loop-invariants -Wall -Wextra  -g3 -DDEBUG -DUSE_FULL_ASSERT -DSTM32F411xE -DUSE_HAL_DRIVER -DHSE_VALUE=96000000 -I"../Inc" -I"../system/Inc" -I"../system/Inc/cmsis" -I"../system/Inc/stm32f4-hal" -std=gnu11 -Wno-bad-function-cast -Wno-conversion -Wno-sign-conversion -Wno-unused-parameter -Wno-sign-compare -Wno-missing-prototypes -Wno-missing-declarations -MMD -MP -MF"system/Src/stm32f4-hal/stm32f4xx_hal_gpio.d" -MT"system/Src/stm32f4-hal/stm32f4xx_hal_gpio.o" -c -o "system/Src/stm32f4-hal/stm32f4xx_hal_gpio.o" "../system/Src/stm32f4-hal/stm32f4xx_hal_gpio.c"
Finished building: ../system/Src/stm32f4-hal/stm32f4xx_hal_gpio.c
 
Building file: ../system/Src/stm32f4-hal/stm32f4xx_hal_hash.c
Invoking: Cross ARM C Compiler
arm-none-eabi-gcc -mcpu=cortex-m4 -mthumb -mfloat-abi=soft -Og -fmessage-length=0 -fsigned-char -ffunction-sections -fdata-sections -ffreestanding -fno-move-loop-invariants -Wall -Wextra  -g3 -DDEBUG -DUSE_FULL_ASSERT -DSTM32F411xE -DUSE_HAL_DRIVER -DHSE_VALUE=96000000 -I"../Inc" -I"../system/Inc" -I"../system/Inc/cmsis" -I"../system/Inc/stm32f4-hal" -std=gnu11 -Wno-bad-function-cast -Wno-conversion -Wno-sign-conversion -Wno-unused-parameter -Wno-sign-compare -Wno-missing-prototypes -Wno-missing-declarations -MMD -MP -MF"system/Src/stm32f4-hal/stm32f4xx_hal_hash.d" -MT"system/Src/stm32f4-hal/stm32f4xx_hal_hash.o" -c -o "system/Src/stm32f4-hal/stm32f4xx_hal_hash.o" "../system/Src/stm32f4-hal/stm32f4xx_hal_hash.c"
Finished building: ../system/Src/stm32f4-hal/stm32f4xx_hal_hash.c
 
Building file: ../system/Src/stm32f4-hal/stm32f4xx_hal_hash_ex.c
Invoking: Cross ARM C Compiler
arm-none-eabi-gcc -mcpu=cortex-m4 -mthumb -mfloat-abi=soft -Og -fmessage-length=0 -fsigned-char -ffunction-sections -fdata-sections -ffreestanding -fno-move-loop-invariants -Wall -Wextra  -g3 -DDEBUG -DUSE_FULL_ASSERT -DSTM32F411xE -DUSE_HAL_DRIVER -DHSE_VALUE=96000000 -I"../Inc" -I"../system/Inc" -I"../system/Inc/cmsis" -I"../system/Inc/stm32f4-hal" -std=gnu11 -Wno-bad-function-cast -Wno-conversion -Wno-sign-conversion -Wno-unused-parameter -Wno-sign-compare -Wno-missing-prototypes -Wno-missing-declarations -MMD -MP -MF"system/Src/stm32f4-hal/stm32f4xx_hal_hash_ex.d" -MT"system/Src/stm32f4-hal/stm32f4xx_hal_hash_ex.o" -c -o "system/Src/stm32f4-hal/stm32f4xx_hal_hash_ex.o" "../system/Src/stm32f4-hal/stm32f4xx_hal_hash_ex.c"
Finished building: ../system/Src/stm32f4-hal/stm32f4xx_hal_hash_ex.c
 
Building file: ../system/Src/stm32f4-hal/stm32f4xx_hal_hcd.c
Invoking: Cross ARM C Compiler
arm-none-eabi-gcc -mcpu=cortex-m4 -mthumb -mfloat-abi=soft -Og -fmessage-length=0 -fsigned-char -ffunction-sections -fdata-sections -ffreestanding -fno-move-loop-invariants -Wall -Wextra  -g3 -DDEBUG -DUSE_FULL_ASSERT -DSTM32F411xE -DUSE_HAL_DRIVER -DHSE_VALUE=96000000 -I"../Inc" -I"../system/Inc" -I"../system/Inc/cmsis" -I"../system/Inc/stm32f4-hal" -std=gnu11 -Wno-bad-function-cast -Wno-conversion -Wno-sign-conversion -Wno-unused-parameter -Wno-sign-compare -Wno-missing-prototypes -Wno-missing-declarations -MMD -MP -MF"system/Src/stm32f4-hal/stm32f4xx_hal_hcd.d" -MT"system/Src/stm32f4-hal/stm32f4xx_hal_hcd.o" -c -o "system/Src/stm32f4-hal/stm32f4xx_hal_hcd.o" "../system/Src/stm32f4-hal/stm32f4xx_hal_hcd.c"
Finished building: ../system/Src/stm32f4-hal/stm32f4xx_hal_hcd.c
 
Building file: ../system/Src/stm32f4-hal/stm32f4xx_hal_i2c.c
Invoking: Cross ARM C Compiler
arm-none-eabi-gcc -mcpu=cortex-m4 -mthumb -mfloat-abi=soft -Og -fmessage-length=0 -fsigned-char -ffunction-sections -fdata-sections -ffreestanding -fno-move-loop-invariants -Wall -Wextra  -g3 -DDEBUG -DUSE_FULL_ASSERT -DSTM32F411xE -DUSE_HAL_DRIVER -DHSE_VALUE=96000000 -I"../Inc" -I"../system/Inc" -I"../system/Inc/cmsis" -I"../system/Inc/stm32f4-hal" -std=gnu11 -Wno-bad-function-cast -Wno-conversion -Wno-sign-conversion -Wno-unused-parameter -Wno-sign-compare -Wno-missing-prototypes -Wno-missing-declarations -MMD -MP -MF"system/Src/stm32f4-hal/stm32f4xx_hal_i2c.d" -MT"system/Src/stm32f4-hal/stm32f4xx_hal_i2c.o" -c -o "system/Src/stm32f4-hal/stm32f4xx_hal_i2c.o" "../system/Src/stm32f4-hal/stm32f4xx_hal_i2c.c"
Finished building: ../system/Src/stm32f4-hal/stm32f4xx_hal_i2c.c
 
Building file: ../system/Src/stm32f4-hal/stm32f4xx_hal_i2c_ex.c
Invoking: Cross ARM C Compiler
arm-none-eabi-gcc -mcpu=cortex-m4 -mthumb -mfloat-abi=soft -Og -fmessage-length=0 -fsigned-char -ffunction-sections -fdata-sections -ffreestanding -fno-move-loop-invariants -Wall -Wextra  -g3 -DDEBUG -DUSE_FULL_ASSERT -DSTM32F411xE -DUSE_HAL_DRIVER -DHSE_VALUE=96000000 -I"../Inc" -I"../system/Inc" -I"../system/Inc/cmsis" -I"../system/Inc/stm32f4-hal" -std=gnu11 -Wno-bad-function-cast -Wno-conversion -Wno-sign-conversion -Wno-unused-parameter -Wno-sign-compare -Wno-missing-prototypes -Wno-missing-declarations -MMD -MP -MF"system/Src/stm32f4-hal/stm32f4xx_hal_i2c_ex.d" -MT"system/Src/stm32f4-hal/stm32f4xx_hal_i2c_ex.o" -c -o "system/Src/stm32f4-hal/stm32f4xx_hal_i2c_ex.o" "../system/Src/stm32f4-hal/stm32f4xx_hal_i2c_ex.c"
Finished building: ../system/Src/stm32f4-hal/stm32f4xx_hal_i2c_ex.c
 
Building file: ../system/Src/stm32f4-hal/stm32f4xx_hal_i2s.c
Invoking: Cross ARM C Compiler
arm-none-eabi-gcc -mcpu=cortex-m4 -mthumb -mfloat-abi=soft -Og -fmessage-length=0 -fsigned-char -ffunction-sections -fdata-sections -ffreestanding -fno-move-loop-invariants -Wall -Wextra  -g3 -DDEBUG -DUSE_FULL_ASSERT -DSTM32F411xE -DUSE_HAL_DRIVER -DHSE_VALUE=96000000 -I"../Inc" -I"../system/Inc" -I"../system/Inc/cmsis" -I"../system/Inc/stm32f4-hal" -std=gnu11 -Wno-bad-function-cast -Wno-conversion -Wno-sign-conversion -Wno-unused-parameter -Wno-sign-compare -Wno-missing-prototypes -Wno-missing-declarations -MMD -MP -MF"system/Src/stm32f4-hal/stm32f4xx_hal_i2s.d" -MT"system/Src/stm32f4-hal/stm32f4xx_hal_i2s.o" -c -o "system/Src/stm32f4-hal/stm32f4xx_hal_i2s.o" "../system/Src/stm32f4-hal/stm32f4xx_hal_i2s.c"
Finished building: ../system/Src/stm32f4-hal/stm32f4xx_hal_i2s.c
 
Building file: ../system/Src/stm32f4-hal/stm32f4xx_hal_i2s_ex.c
Invoking: Cross ARM C Compiler
arm-none-eabi-gcc -mcpu=cortex-m4 -mthumb -mfloat-abi=soft -Og -fmessage-length=0 -fsigned-char -ffunction-sections -fdata-sections -ffreestanding -fno-move-loop-invariants -Wall -Wextra  -g3 -DDEBUG -DUSE_FULL_ASSERT -DSTM32F411xE -DUSE_HAL_DRIVER -DHSE_VALUE=96000000 -I"../Inc" -I"../system/Inc" -I"../system/Inc/cmsis" -I"../system/Inc/stm32f4-hal" -std=gnu11 -Wno-bad-function-cast -Wno-conversion -Wno-sign-conversion -Wno-unused-parameter -Wno-sign-compare -Wno-missing-prototypes -Wno-missing-declarations -MMD -MP -MF"system/Src/stm32f4-hal/stm32f4xx_hal_i2s_ex.d" -MT"system/Src/stm32f4-hal/stm32f4xx_hal_i2s_ex.o" -c -o "system/Src/stm32f4-hal/stm32f4xx_hal_i2s_ex.o" "../system/Src/stm32f4-hal/stm32f4xx_hal_i2s_ex.c"
Finished building: ../system/Src/stm32f4-hal/stm32f4xx_hal_i2s_ex.c
 
Building file: ../system/Src/stm32f4-hal/stm32f4xx_hal_irda.c
Invoking: Cross ARM C Compiler
arm-none-eabi-gcc -mcpu=cortex-m4 -mthumb -mfloat-abi=soft -Og -fmessage-length=0 -fsigned-char -ffunction-sections -fdata-sections -ffreestanding -fno-move-loop-invariants -Wall -Wextra  -g3 -DDEBUG -DUSE_FULL_ASSERT -DSTM32F411xE -DUSE_HAL_DRIVER -DHSE_VALUE=96000000 -I"../Inc" -I"../system/Inc" -I"../system/Inc/cmsis" -I"../system/Inc/stm32f4-hal" -std=gnu11 -Wno-bad-function-cast -Wno-conversion -Wno-sign-conversion -Wno-unused-parameter -Wno-sign-compare -Wno-missing-prototypes -Wno-missing-declarations -MMD -MP -MF"system/Src/stm32f4-hal/stm32f4xx_hal_irda.d" -MT"system/Src/stm32f4-hal/stm32f4xx_hal_irda.o" -c -o "system/Src/stm32f4-hal/stm32f4xx_hal_irda.o" "../system/Src/stm32f4-hal/stm32f4xx_hal_irda.c"
Finished building: ../system/Src/stm32f4-hal/stm32f4xx_hal_irda.c
 
Building file: ../system/Src/stm32f4-hal/stm32f4xx_hal_iwdg.c
Invoking: Cross ARM C Compiler
arm-none-eabi-gcc -mcpu=cortex-m4 -mthumb -mfloat-abi=soft -Og -fmessage-length=0 -fsigned-char -ffunction-sections -fdata-sections -ffreestanding -fno-move-loop-invariants -Wall -Wextra  -g3 -DDEBUG -DUSE_FULL_ASSERT -DSTM32F411xE -DUSE_HAL_DRIVER -DHSE_VALUE=96000000 -I"../Inc" -I"../system/Inc" -I"../system/Inc/cmsis" -I"../system/Inc/stm32f4-hal" -std=gnu11 -Wno-bad-function-cast -Wno-conversion -Wno-sign-conversion -Wno-unused-parameter -Wno-sign-compare -Wno-missing-prototypes -Wno-missing-declarations -MMD -MP -MF"system/Src/stm32f4-hal/stm32f4xx_hal_iwdg.d" -MT"system/Src/stm32f4-hal/stm32f4xx_hal_iwdg.o" -c -o "system/Src/stm32f4-hal/stm32f4xx_hal_iwdg.o" "../system/Src/stm32f4-hal/stm32f4xx_hal_iwdg.c"
Finished building: ../system/Src/stm32f4-hal/stm32f4xx_hal_iwdg.c
 
Building file: ../system/Src/stm32f4-hal/stm32f4xx_hal_lptim.c
Invoking: Cross ARM C Compiler
arm-none-eabi-gcc -mcpu=cortex-m4 -mthumb -mfloat-abi=soft -Og -fmessage-length=0 -fsigned-char -ffunction-sections -fdata-sections -ffreestanding -fno-move-loop-invariants -Wall -Wextra  -g3 -DDEBUG -DUSE_FULL_ASSERT -DSTM32F411xE -DUSE_HAL_DRIVER -DHSE_VALUE=96000000 -I"../Inc" -I"../system/Inc" -I"../system/Inc/cmsis" -I"../system/Inc/stm32f4-hal" -std=gnu11 -Wno-bad-function-cast -Wno-conversion -Wno-sign-conversion -Wno-unused-parameter -Wno-sign-compare -Wno-missing-prototypes -Wno-missing-declarations -MMD -MP -MF"system/Src/stm32f4-hal/stm32f4xx_hal_lptim.d" -MT"system/Src/stm32f4-hal/stm32f4xx_hal_lptim.o" -c -o "system/Src/stm32f4-hal/stm32f4xx_hal_lptim.o" "../system/Src/stm32f4-hal/stm32f4xx_hal_lptim.c"
Finished building: ../system/Src/stm32f4-hal/stm32f4xx_hal_lptim.c
 
Building file: ../system/Src/stm32f4-hal/stm32f4xx_hal_ltdc.c
Invoking: Cross ARM C Compiler
arm-none-eabi-gcc -mcpu=cortex-m4 -mthumb -mfloat-abi=soft -Og -fmessage-length=0 -fsigned-char -ffunction-sections -fdata-sections -ffreestanding -fno-move-loop-invariants -Wall -Wextra  -g3 -DDEBUG -DUSE_FULL_ASSERT -DSTM32F411xE -DUSE_HAL_DRIVER -DHSE_VALUE=96000000 -I"../Inc" -I"../system/Inc" -I"../system/Inc/cmsis" -I"../system/Inc/stm32f4-hal" -std=gnu11 -Wno-bad-function-cast -Wno-conversion -Wno-sign-conversion -Wno-unused-parameter -Wno-sign-compare -Wno-missing-prototypes -Wno-missing-declarations -MMD -MP -MF"system/Src/stm32f4-hal/stm32f4xx_hal_ltdc.d" -MT"system/Src/stm32f4-hal/stm32f4xx_hal_ltdc.o" -c -o "system/Src/stm32f4-hal/stm32f4xx_hal_ltdc.o" "../system/Src/stm32f4-hal/stm32f4xx_hal_ltdc.c"
Finished building: ../system/Src/stm32f4-hal/stm32f4xx_hal_ltdc.c
 
Building file: ../system/Src/stm32f4-hal/stm32f4xx_hal_ltdc_ex.c
Invoking: Cross ARM C Compiler
arm-none-eabi-gcc -mcpu=cortex-m4 -mthumb -mfloat-abi=soft -Og -fmessage-length=0 -fsigned-char -ffunction-sections -fdata-sections -ffreestanding -fno-move-loop-invariants -Wall -Wextra  -g3 -DDEBUG -DUSE_FULL_ASSERT -DSTM32F411xE -DUSE_HAL_DRIVER -DHSE_VALUE=96000000 -I"../Inc" -I"../system/Inc" -I"../system/Inc/cmsis" -I"../system/Inc/stm32f4-hal" -std=gnu11 -Wno-bad-function-cast -Wno-conversion -Wno-sign-conversion -Wno-unused-parameter -Wno-sign-compare -Wno-missing-prototypes -Wno-missing-declarations -MMD -MP -MF"system/Src/stm32f4-hal/stm32f4xx_hal_ltdc_ex.d" -MT"system/Src/stm32f4-hal/stm32f4xx_hal_ltdc_ex.o" -c -o "system/Src/stm32f4-hal/stm32f4xx_hal_ltdc_ex.o" "../system/Src/stm32f4-hal/stm32f4xx_hal_ltdc_ex.c"
Finished building: ../system/Src/stm32f4-hal/stm32f4xx_hal_ltdc_ex.c
 
Building file: ../system/Src/stm32f4-hal/stm32f4xx_hal_nand.c
Invoking: Cross ARM C Compiler
arm-none-eabi-gcc -mcpu=cortex-m4 -mthumb -mfloat-abi=soft -Og -fmessage-length=0 -fsigned-char -ffunction-sections -fdata-sections -ffreestanding -fno-move-loop-invariants -Wall -Wextra  -g3 -DDEBUG -DUSE_FULL_ASSERT -DSTM32F411xE -DUSE_HAL_DRIVER -DHSE_VALUE=96000000 -I"../Inc" -I"../system/Inc" -I"../system/Inc/cmsis" -I"../system/Inc/stm32f4-hal" -std=gnu11 -Wno-bad-function-cast -Wno-conversion -Wno-sign-conversion -Wno-unused-parameter -Wno-sign-compare -Wno-missing-prototypes -Wno-missing-declarations -MMD -MP -MF"system/Src/stm32f4-hal/stm32f4xx_hal_nand.d" -MT"system/Src/stm32f4-hal/stm32f4xx_hal_nand.o" -c -o "system/Src/stm32f4-hal/stm32f4xx_hal_nand.o" "../system/Src/stm32f4-hal/stm32f4xx_hal_nand.c"
Finished building: ../system/Src/stm32f4-hal/stm32f4xx_hal_nand.c
 
Building file: ../system/Src/stm32f4-hal/stm32f4xx_hal_nor.c
Invoking: Cross ARM C Compiler
arm-none-eabi-gcc -mcpu=cortex-m4 -mthumb -mfloat-abi=soft -Og -fmessage-length=0 -fsigned-char -ffunction-sections -fdata-sections -ffreestanding -fno-move-loop-invariants -Wall -Wextra  -g3 -DDEBUG -DUSE_FULL_ASSERT -DSTM32F411xE -DUSE_HAL_DRIVER -DHSE_VALUE=96000000 -I"../Inc" -I"../system/Inc" -I"../system/Inc/cmsis" -I"../system/Inc/stm32f4-hal" -std=gnu11 -Wno-bad-function-cast -Wno-conversion -Wno-sign-conversion -Wno-unused-parameter -Wno-sign-compare -Wno-missing-prototypes -Wno-missing-declarations -MMD -MP -MF"system/Src/stm32f4-hal/stm32f4xx_hal_nor.d" -MT"system/Src/stm32f4-hal/stm32f4xx_hal_nor.o" -c -o "system/Src/stm32f4-hal/stm32f4xx_hal_nor.o" "../system/Src/stm32f4-hal/stm32f4xx_hal_nor.c"
Finished building: ../system/Src/stm32f4-hal/stm32f4xx_hal_nor.c
 
Building file: ../system/Src/stm32f4-hal/stm32f4xx_hal_pccard.c
Invoking: Cross ARM C Compiler
arm-none-eabi-gcc -mcpu=cortex-m4 -mthumb -mfloat-abi=soft -Og -fmessage-length=0 -fsigned-char -ffunction-sections -fdata-sections -ffreestanding -fno-move-loop-invariants -Wall -Wextra  -g3 -DDEBUG -DUSE_FULL_ASSERT -DSTM32F411xE -DUSE_HAL_DRIVER -DHSE_VALUE=96000000 -I"../Inc" -I"../system/Inc" -I"../system/Inc/cmsis" -I"../system/Inc/stm32f4-hal" -std=gnu11 -Wno-bad-function-cast -Wno-conversion -Wno-sign-conversion -Wno-unused-parameter -Wno-sign-compare -Wno-missing-prototypes -Wno-missing-declarations -MMD -MP -MF"system/Src/stm32f4-hal/stm32f4xx_hal_pccard.d" -MT"system/Src/stm32f4-hal/stm32f4xx_hal_pccard.o" -c -o "system/Src/stm32f4-hal/stm32f4xx_hal_pccard.o" "../system/Src/stm32f4-hal/stm32f4xx_hal_pccard.c"
Finished building: ../system/Src/stm32f4-hal/stm32f4xx_hal_pccard.c
 
Building file: ../system/Src/stm32f4-hal/stm32f4xx_hal_pcd.c
Invoking: Cross ARM C Compiler
arm-none-eabi-gcc -mcpu=cortex-m4 -mthumb -mfloat-abi=soft -Og -fmessage-length=0 -fsigned-char -ffunction-sections -fdata-sections -ffreestanding -fno-move-loop-invariants -Wall -Wextra  -g3 -DDEBUG -DUSE_FULL_ASSERT -DSTM32F411xE -DUSE_HAL_DRIVER -DHSE_VALUE=96000000 -I"../Inc" -I"../system/Inc" -I"../system/Inc/cmsis" -I"../system/Inc/stm32f4-hal" -std=gnu11 -Wno-bad-function-cast -Wno-conversion -Wno-sign-conversion -Wno-unused-parameter -Wno-sign-compare -Wno-missing-prototypes -Wno-missing-declarations -MMD -MP -MF"system/Src/stm32f4-hal/stm32f4xx_hal_pcd.d" -MT"system/Src/stm32f4-hal/stm32f4xx_hal_pcd.o" -c -o "system/Src/stm32f4-hal/stm32f4xx_hal_pcd.o" "../system/Src/stm32f4-hal/stm32f4xx_hal_pcd.c"
Finished building: ../system/Src/stm32f4-hal/stm32f4xx_hal_pcd.c
 
Building file: ../system/Src/stm32f4-hal/stm32f4xx_hal_pcd_ex.c
Invoking: Cross ARM C Compiler
arm-none-eabi-gcc -mcpu=cortex-m4 -mthumb -mfloat-abi=soft -Og -fmessage-length=0 -fsigned-char -ffunction-sections -fdata-sections -ffreestanding -fno-move-loop-invariants -Wall -Wextra  -g3 -DDEBUG -DUSE_FULL_ASSERT -DSTM32F411xE -DUSE_HAL_DRIVER -DHSE_VALUE=96000000 -I"../Inc" -I"../system/Inc" -I"../system/Inc/cmsis" -I"../system/Inc/stm32f4-hal" -std=gnu11 -Wno-bad-function-cast -Wno-conversion -Wno-sign-conversion -Wno-unused-parameter -Wno-sign-compare -Wno-missing-prototypes -Wno-missing-declarations -MMD -MP -MF"system/Src/stm32f4-hal/stm32f4xx_hal_pcd_ex.d" -MT"system/Src/stm32f4-hal/stm32f4xx_hal_pcd_ex.o" -c -o "system/Src/stm32f4-hal/stm32f4xx_hal_pcd_ex.o" "../system/Src/stm32f4-hal/stm32f4xx_hal_pcd_ex.c"
Finished building: ../system/Src/stm32f4-hal/stm32f4xx_hal_pcd_ex.c
 
Building file: ../system/Src/stm32f4-hal/stm32f4xx_hal_pwr.c
Invoking: Cross ARM C Compiler
arm-none-eabi-gcc -mcpu=cortex-m4 -mthumb -mfloat-abi=soft -Og -fmessage-length=0 -fsigned-char -ffunction-sections -fdata-sections -ffreestanding -fno-move-loop-invariants -Wall -Wextra  -g3 -DDEBUG -DUSE_FULL_ASSERT -DSTM32F411xE -DUSE_HAL_DRIVER -DHSE_VALUE=96000000 -I"../Inc" -I"../system/Inc" -I"../system/Inc/cmsis" -I"../system/Inc/stm32f4-hal" -std=gnu11 -Wno-bad-function-cast -Wno-conversion -Wno-sign-conversion -Wno-unused-parameter -Wno-sign-compare -Wno-missing-prototypes -Wno-missing-declarations -MMD -MP -MF"system/Src/stm32f4-hal/stm32f4xx_hal_pwr.d" -MT"system/Src/stm32f4-hal/stm32f4xx_hal_pwr.o" -c -o "system/Src/stm32f4-hal/stm32f4xx_hal_pwr.o" "../system/Src/stm32f4-hal/stm32f4xx_hal_pwr.c"
Finished building: ../system/Src/stm32f4-hal/stm32f4xx_hal_pwr.c
 
Building file: ../system/Src/stm32f4-hal/stm32f4xx_hal_pwr_ex.c
Invoking: Cross ARM C Compiler
arm-none-eabi-gcc -mcpu=cortex-m4 -mthumb -mfloat-abi=soft -Og -fmessage-length=0 -fsigned-char -ffunction-sections -fdata-sections -ffreestanding -fno-move-loop-invariants -Wall -Wextra  -g3 -DDEBUG -DUSE_FULL_ASSERT -DSTM32F411xE -DUSE_HAL_DRIVER -DHSE_VALUE=96000000 -I"../Inc" -I"../system/Inc" -I"../system/Inc/cmsis" -I"../system/Inc/stm32f4-hal" -std=gnu11 -Wno-bad-function-cast -Wno-conversion -Wno-sign-conversion -Wno-unused-parameter -Wno-sign-compare -Wno-missing-prototypes -Wno-missing-declarations -MMD -MP -MF"system/Src/stm32f4-hal/stm32f4xx_hal_pwr_ex.d" -MT"system/Src/stm32f4-hal/stm32f4xx_hal_pwr_ex.o" -c -o "system/Src/stm32f4-hal/stm32f4xx_hal_pwr_ex.o" "../system/Src/stm32f4-hal/stm32f4xx_hal_pwr_ex.c"
Finished building: ../system/Src/stm32f4-hal/stm32f4xx_hal_pwr_ex.c
 
Building file: ../system/Src/stm32f4-hal/stm32f4xx_hal_qspi.c
Invoking: Cross ARM C Compiler
arm-none-eabi-gcc -mcpu=cortex-m4 -mthumb -mfloat-abi=soft -Og -fmessage-length=0 -fsigned-char -ffunction-sections -fdata-sections -ffreestanding -fno-move-loop-invariants -Wall -Wextra  -g3 -DDEBUG -DUSE_FULL_ASSERT -DSTM32F411xE -DUSE_HAL_DRIVER -DHSE_VALUE=96000000 -I"../Inc" -I"../system/Inc" -I"../system/Inc/cmsis" -I"../system/Inc/stm32f4-hal" -std=gnu11 -Wno-bad-function-cast -Wno-conversion -Wno-sign-conversion -Wno-unused-parameter -Wno-sign-compare -Wno-missing-prototypes -Wno-missing-declarations -MMD -MP -MF"system/Src/stm32f4-hal/stm32f4xx_hal_qspi.d" -MT"system/Src/stm32f4-hal/stm32f4xx_hal_qspi.o" -c -o "system/Src/stm32f4-hal/stm32f4xx_hal_qspi.o" "../system/Src/stm32f4-hal/stm32f4xx_hal_qspi.c"
Finished building: ../system/Src/stm32f4-hal/stm32f4xx_hal_qspi.c
 
Building file: ../system/Src/stm32f4-hal/stm32f4xx_hal_rcc.c
Invoking: Cross ARM C Compiler
arm-none-eabi-gcc -mcpu=cortex-m4 -mthumb -mfloat-abi=soft -Og -fmessage-length=0 -fsigned-char -ffunction-sections -fdata-sections -ffreestanding -fno-move-loop-invariants -Wall -Wextra  -g3 -DDEBUG -DUSE_FULL_ASSERT -DSTM32F411xE -DUSE_HAL_DRIVER -DHSE_VALUE=96000000 -I"../Inc" -I"../system/Inc" -I"../system/Inc/cmsis" -I"../system/Inc/stm32f4-hal" -std=gnu11 -Wno-bad-function-cast -Wno-conversion -Wno-sign-conversion -Wno-unused-parameter -Wno-sign-compare -Wno-missing-prototypes -Wno-missing-declarations -MMD -MP -MF"system/Src/stm32f4-hal/stm32f4xx_hal_rcc.d" -MT"system/Src/stm32f4-hal/stm32f4xx_hal_rcc.o" -c -o "system/Src/stm32f4-hal/stm32f4xx_hal_rcc.o" "../system/Src/stm32f4-hal/stm32f4xx_hal_rcc.c"
Finished building: ../system/Src/stm32f4-hal/stm32f4xx_hal_rcc.c
 
Building file: ../system/Src/stm32f4-hal/stm32f4xx_hal_rcc_ex.c
Invoking: Cross ARM C Compiler
arm-none-eabi-gcc -mcpu=cortex-m4 -mthumb -mfloat-abi=soft -Og -fmessage-length=0 -fsigned-char -ffunction-sections -fdata-sections -ffreestanding -fno-move-loop-invariants -Wall -Wextra  -g3 -DDEBUG -DUSE_FULL_ASSERT -DSTM32F411xE -DUSE_HAL_DRIVER -DHSE_VALUE=96000000 -I"../Inc" -I"../system/Inc" -I"../system/Inc/cmsis" -I"../system/Inc/stm32f4-hal" -std=gnu11 -Wno-bad-function-cast -Wno-conversion -Wno-sign-conversion -Wno-unused-parameter -Wno-sign-compare -Wno-missing-prototypes -Wno-missing-declarations -MMD -MP -MF"system/Src/stm32f4-hal/stm32f4xx_hal_rcc_ex.d" -MT"system/Src/stm32f4-hal/stm32f4xx_hal_rcc_ex.o" -c -o "system/Src/stm32f4-hal/stm32f4xx_hal_rcc_ex.o" "../system/Src/stm32f4-hal/stm32f4xx_hal_rcc_ex.c"
Finished building: ../system/Src/stm32f4-hal/stm32f4xx_hal_rcc_ex.c
 
Building file: ../system/Src/stm32f4-hal/stm32f4xx_hal_rng.c
Invoking: Cross ARM C Compiler
arm-none-eabi-gcc -mcpu=cortex-m4 -mthumb -mfloat-abi=soft -Og -fmessage-length=0 -fsigned-char -ffunction-sections -fdata-sections -ffreestanding -fno-move-loop-invariants -Wall -Wextra  -g3 -DDEBUG -DUSE_FULL_ASSERT -DSTM32F411xE -DUSE_HAL_DRIVER -DHSE_VALUE=96000000 -I"../Inc" -I"../system/Inc" -I"../system/Inc/cmsis" -I"../system/Inc/stm32f4-hal" -std=gnu11 -Wno-bad-function-cast -Wno-conversion -Wno-sign-conversion -Wno-unused-parameter -Wno-sign-compare -Wno-missing-prototypes -Wno-missing-declarations -MMD -MP -MF"system/Src/stm32f4-hal/stm32f4xx_hal_rng.d" -MT"system/Src/stm32f4-hal/stm32f4xx_hal_rng.o" -c -o "system/Src/stm32f4-hal/stm32f4xx_hal_rng.o" "../system/Src/stm32f4-hal/stm32f4xx_hal_rng.c"
Finished building: ../system/Src/stm32f4-hal/stm32f4xx_hal_rng.c
 
Building file: ../system/Src/stm32f4-hal/stm32f4xx_hal_rtc.c
Invoking: Cross ARM C Compiler
arm-none-eabi-gcc -mcpu=cortex-m4 -mthumb -mfloat-abi=soft -Og -fmessage-length=0 -fsigned-char -ffunction-sections -fdata-sections -ffreestanding -fno-move-loop-invariants -Wall -Wextra  -g3 -DDEBUG -DUSE_FULL_ASSERT -DSTM32F411xE -DUSE_HAL_DRIVER -DHSE_VALUE=96000000 -I"../Inc" -I"../system/Inc" -I"../system/Inc/cmsis" -I"../system/Inc/stm32f4-hal" -std=gnu11 -Wno-bad-function-cast -Wno-conversion -Wno-sign-conversion -Wno-unused-parameter -Wno-sign-compare -Wno-missing-prototypes -Wno-missing-declarations -MMD -MP -MF"system/Src/stm32f4-hal/stm32f4xx_hal_rtc.d" -MT"system/Src/stm32f4-hal/stm32f4xx_hal_rtc.o" -c -o "system/Src/stm32f4-hal/stm32f4xx_hal_rtc.o" "../system/Src/stm32f4-hal/stm32f4xx_hal_rtc.c"
Finished building: ../system/Src/stm32f4-hal/stm32f4xx_hal_rtc.c
 
Building file: ../system/Src/stm32f4-hal/stm32f4xx_hal_rtc_ex.c
Invoking: Cross ARM C Compiler
arm-none-eabi-gcc -mcpu=cortex-m4 -mthumb -mfloat-abi=soft -Og -fmessage-length=0 -fsigned-char -ffunction-sections -fdata-sections -ffreestanding -fno-move-loop-invariants -Wall -Wextra  -g3 -DDEBUG -DUSE_FULL_ASSERT -DSTM32F411xE -DUSE_HAL_DRIVER -DHSE_VALUE=96000000 -I"../Inc" -I"../system/Inc" -I"../system/Inc/cmsis" -I"../system/Inc/stm32f4-hal" -std=gnu11 -Wno-bad-function-cast -Wno-conversion -Wno-sign-conversion -Wno-unused-parameter -Wno-sign-compare -Wno-missing-prototypes -Wno-missing-declarations -MMD -MP -MF"system/Src/stm32f4-hal/stm32f4xx_hal_rtc_ex.d" -MT"system/Src/stm32f4-hal/stm32f4xx_hal_rtc_ex.o" -c -o "system/Src/stm32f4-hal/stm32f4xx_hal_rtc_ex.o" "../system/Src/stm32f4-hal/stm32f4xx_hal_rtc_ex.c"
Finished building: ../system/Src/stm32f4-hal/stm32f4xx_hal_rtc_ex.c
 
Building file: ../system/Src/stm32f4-hal/stm32f4xx_hal_sai.c
Invoking: Cross ARM C Compiler
arm-none-eabi-gcc -mcpu=cortex-m4 -mthumb -mfloat-abi=soft -Og -fmessage-length=0 -fsigned-char -ffunction-sections -fdata-sections -ffreestanding -fno-move-loop-invariants -Wall -Wextra  -g3 -DDEBUG -DUSE_FULL_ASSERT -DSTM32F411xE -DUSE_HAL_DRIVER -DHSE_VALUE=96000000 -I"../Inc" -I"../system/Inc" -I"../system/Inc/cmsis" -I"../system/Inc/stm32f4-hal" -std=gnu11 -Wno-bad-function-cast -Wno-conversion -Wno-sign-conversion -Wno-unused-parameter -Wno-sign-compare -Wno-missing-prototypes -Wno-missing-declarations -MMD -MP -MF"system/Src/stm32f4-hal/stm32f4xx_hal_sai.d" -MT"system/Src/stm32f4-hal/stm32f4xx_hal_sai.o" -c -o "system/Src/stm32f4-hal/stm32f4xx_hal_sai.o" "../system/Src/stm32f4-hal/stm32f4xx_hal_sai.c"
Finished building: ../system/Src/stm32f4-hal/stm32f4xx_hal_sai.c
 
Building file: ../system/Src/stm32f4-hal/stm32f4xx_hal_sai_ex.c
Invoking: Cross ARM C Compiler
arm-none-eabi-gcc -mcpu=cortex-m4 -mthumb -mfloat-abi=soft -Og -fmessage-length=0 -fsigned-char -ffunction-sections -fdata-sections -ffreestanding -fno-move-loop-invariants -Wall -Wextra  -g3 -DDEBUG -DUSE_FULL_ASSERT -DSTM32F411xE -DUSE_HAL_DRIVER -DHSE_VALUE=96000000 -I"../Inc" -I"../system/Inc" -I"../system/Inc/cmsis" -I"../system/Inc/stm32f4-hal" -std=gnu11 -Wno-bad-function-cast -Wno-conversion -Wno-sign-conversion -Wno-unused-parameter -Wno-sign-compare -Wno-missing-prototypes -Wno-missing-declarations -MMD -MP -MF"system/Src/stm32f4-hal/stm32f4xx_hal_sai_ex.d" -MT"system/Src/stm32f4-hal/stm32f4xx_hal_sai_ex.o" -c -o "system/Src/stm32f4-hal/stm32f4xx_hal_sai_ex.o" "../system/Src/stm32f4-hal/stm32f4xx_hal_sai_ex.c"
Finished building: ../system/Src/stm32f4-hal/stm32f4xx_hal_sai_ex.c
 
Building file: ../system/Src/stm32f4-hal/stm32f4xx_hal_sd.c
Invoking: Cross ARM C Compiler
arm-none-eabi-gcc -mcpu=cortex-m4 -mthumb -mfloat-abi=soft -Og -fmessage-length=0 -fsigned-char -ffunction-sections -fdata-sections -ffreestanding -fno-move-loop-invariants -Wall -Wextra  -g3 -DDEBUG -DUSE_FULL_ASSERT -DSTM32F411xE -DUSE_HAL_DRIVER -DHSE_VALUE=96000000 -I"../Inc" -I"../system/Inc" -I"../system/Inc/cmsis" -I"../system/Inc/stm32f4-hal" -std=gnu11 -Wno-bad-function-cast -Wno-conversion -Wno-sign-conversion -Wno-unused-parameter -Wno-sign-compare -Wno-missing-prototypes -Wno-missing-declarations -MMD -MP -MF"system/Src/stm32f4-hal/stm32f4xx_hal_sd.d" -MT"system/Src/stm32f4-hal/stm32f4xx_hal_sd.o" -c -o "system/Src/stm32f4-hal/stm32f4xx_hal_sd.o" "../system/Src/stm32f4-hal/stm32f4xx_hal_sd.c"
Finished building: ../system/Src/stm32f4-hal/stm32f4xx_hal_sd.c
 
Building file: ../system/Src/stm32f4-hal/stm32f4xx_hal_sdram.c
Invoking: Cross ARM C Compiler
arm-none-eabi-gcc -mcpu=cortex-m4 -mthumb -mfloat-abi=soft -Og -fmessage-length=0 -fsigned-char -ffunction-sections -fdata-sections -ffreestanding -fno-move-loop-invariants -Wall -Wextra  -g3 -DDEBUG -DUSE_FULL_ASSERT -DSTM32F411xE -DUSE_HAL_DRIVER -DHSE_VALUE=96000000 -I"../Inc" -I"../system/Inc" -I"../system/Inc/cmsis" -I"../system/Inc/stm32f4-hal" -std=gnu11 -Wno-bad-function-cast -Wno-conversion -Wno-sign-conversion -Wno-unused-parameter -Wno-sign-compare -Wno-missing-prototypes -Wno-missing-declarations -MMD -MP -MF"system/Src/stm32f4-hal/stm32f4xx_hal_sdram.d" -MT"system/Src/stm32f4-hal/stm32f4xx_hal_sdram.o" -c -o "system/Src/stm32f4-hal/stm32f4xx_hal_sdram.o" "../system/Src/stm32f4-hal/stm32f4xx_hal_sdram.c"
Finished building: ../system/Src/stm32f4-hal/stm32f4xx_hal_sdram.c
 
Building file: ../system/Src/stm32f4-hal/stm32f4xx_hal_smartcard.c
Invoking: Cross ARM C Compiler
arm-none-eabi-gcc -mcpu=cortex-m4 -mthumb -mfloat-abi=soft -Og -fmessage-length=0 -fsigned-char -ffunction-sections -fdata-sections -ffreestanding -fno-move-loop-invariants -Wall -Wextra  -g3 -DDEBUG -DUSE_FULL_ASSERT -DSTM32F411xE -DUSE_HAL_DRIVER -DHSE_VALUE=96000000 -I"../Inc" -I"../system/Inc" -I"../system/Inc/cmsis" -I"../system/Inc/stm32f4-hal" -std=gnu11 -Wno-bad-function-cast -Wno-conversion -Wno-sign-conversion -Wno-unused-parameter -Wno-sign-compare -Wno-missing-prototypes -Wno-missing-declarations -MMD -MP -MF"system/Src/stm32f4-hal/stm32f4xx_hal_smartcard.d" -MT"system/Src/stm32f4-hal/stm32f4xx_hal_smartcard.o" -c -o "system/Src/stm32f4-hal/stm32f4xx_hal_smartcard.o" "../system/Src/stm32f4-hal/stm32f4xx_hal_smartcard.c"
Finished building: ../system/Src/stm32f4-hal/stm32f4xx_hal_smartcard.c
 
Building file: ../system/Src/stm32f4-hal/stm32f4xx_hal_spdifrx.c
Invoking: Cross ARM C Compiler
arm-none-eabi-gcc -mcpu=cortex-m4 -mthumb -mfloat-abi=soft -Og -fmessage-length=0 -fsigned-char -ffunction-sections -fdata-sections -ffreestanding -fno-move-loop-invariants -Wall -Wextra  -g3 -DDEBUG -DUSE_FULL_ASSERT -DSTM32F411xE -DUSE_HAL_DRIVER -DHSE_VALUE=96000000 -I"../Inc" -I"../system/Inc" -I"../system/Inc/cmsis" -I"../system/Inc/stm32f4-hal" -std=gnu11 -Wno-bad-function-cast -Wno-conversion -Wno-sign-conversion -Wno-unused-parameter -Wno-sign-compare -Wno-missing-prototypes -Wno-missing-declarations -MMD -MP -MF"system/Src/stm32f4-hal/stm32f4xx_hal_spdifrx.d" -MT"system/Src/stm32f4-hal/stm32f4xx_hal_spdifrx.o" -c -o "system/Src/stm32f4-hal/stm32f4xx_hal_spdifrx.o" "../system/Src/stm32f4-hal/stm32f4xx_hal_spdifrx.c"
Finished building: ../system/Src/stm32f4-hal/stm32f4xx_hal_spdifrx.c
 
Building file: ../system/Src/stm32f4-hal/stm32f4xx_hal_spi.c
Invoking: Cross ARM C Compiler
arm-none-eabi-gcc -mcpu=cortex-m4 -mthumb -mfloat-abi=soft -Og -fmessage-length=0 -fsigned-char -ffunction-sections -fdata-sections -ffreestanding -fno-move-loop-invariants -Wall -Wextra  -g3 -DDEBUG -DUSE_FULL_ASSERT -DSTM32F411xE -DUSE_HAL_DRIVER -DHSE_VALUE=96000000 -I"../Inc" -I"../system/Inc" -I"../system/Inc/cmsis" -I"../system/Inc/stm32f4-hal" -std=gnu11 -Wno-bad-function-cast -Wno-conversion -Wno-sign-conversion -Wno-unused-parameter -Wno-sign-compare -Wno-missing-prototypes -Wno-missing-declarations -MMD -MP -MF"system/Src/stm32f4-hal/stm32f4xx_hal_spi.d" -MT"system/Src/stm32f4-hal/stm32f4xx_hal_spi.o" -c -o "system/Src/stm32f4-hal/stm32f4xx_hal_spi.o" "../system/Src/stm32f4-hal/stm32f4xx_hal_spi.c"
Finished building: ../system/Src/stm32f4-hal/stm32f4xx_hal_spi.c
 
Building file: ../system/Src/stm32f4-hal/stm32f4xx_hal_sram.c
Invoking: Cross ARM C Compiler
arm-none-eabi-gcc -mcpu=cortex-m4 -mthumb -mfloat-abi=soft -Og -fmessage-length=0 -fsigned-char -ffunction-sections -fdata-sections -ffreestanding -fno-move-loop-invariants -Wall -Wextra  -g3 -DDEBUG -DUSE_FULL_ASSERT -DSTM32F411xE -DUSE_HAL_DRIVER -DHSE_VALUE=96000000 -I"../Inc" -I"../system/Inc" -I"../system/Inc/cmsis" -I"../system/Inc/stm32f4-hal" -std=gnu11 -Wno-bad-function-cast -Wno-conversion -Wno-sign-conversion -Wno-unused-parameter -Wno-sign-compare -Wno-missing-prototypes -Wno-missing-declarations -MMD -MP -MF"system/Src/stm32f4-hal/stm32f4xx_hal_sram.d" -MT"system/Src/stm32f4-hal/stm32f4xx_hal_sram.o" -c -o "system/Src/stm32f4-hal/stm32f4xx_hal_sram.o" "../system/Src/stm32f4-hal/stm32f4xx_hal_sram.c"
Finished building: ../system/Src/stm32f4-hal/stm32f4xx_hal_sram.c
 
Building file: ../system/Src/stm32f4-hal/stm32f4xx_hal_tim.c
Invoking: Cross ARM C Compiler
arm-none-eabi-gcc -mcpu=cortex-m4 -mthumb -mfloat-abi=soft -Og -fmessage-length=0 -fsigned-char -ffunction-sections -fdata-sections -ffreestanding -fno-move-loop-invariants -Wall -Wextra  -g3 -DDEBUG -DUSE_FULL_ASSERT -DSTM32F411xE -DUSE_HAL_DRIVER -DHSE_VALUE=96000000 -I"../Inc" -I"../system/Inc" -I"../system/Inc/cmsis" -I"../system/Inc/stm32f4-hal" -std=gnu11 -Wno-bad-function-cast -Wno-conversion -Wno-sign-conversion -Wno-unused-parameter -Wno-sign-compare -Wno-missing-prototypes -Wno-missing-declarations -MMD -MP -MF"system/Src/stm32f4-hal/stm32f4xx_hal_tim.d" -MT"system/Src/stm32f4-hal/stm32f4xx_hal_tim.o" -c -o "system/Src/stm32f4-hal/stm32f4xx_hal_tim.o" "../system/Src/stm32f4-hal/stm32f4xx_hal_tim.c"
Finished building: ../system/Src/stm32f4-hal/stm32f4xx_hal_tim.c
 
Building file: ../system/Src/stm32f4-hal/stm32f4xx_hal_tim_ex.c
Invoking: Cross ARM C Compiler
arm-none-eabi-gcc -mcpu=cortex-m4 -mthumb -mfloat-abi=soft -Og -fmessage-length=0 -fsigned-char -ffunction-sections -fdata-sections -ffreestanding -fno-move-loop-invariants -Wall -Wextra  -g3 -DDEBUG -DUSE_FULL_ASSERT -DSTM32F411xE -DUSE_HAL_DRIVER -DHSE_VALUE=96000000 -I"../Inc" -I"../system/Inc" -I"../system/Inc/cmsis" -I"../system/Inc/stm32f4-hal" -std=gnu11 -Wno-bad-function-cast -Wno-conversion -Wno-sign-conversion -Wno-unused-parameter -Wno-sign-compare -Wno-missing-prototypes -Wno-missing-declarations -MMD -MP -MF"system/Src/stm32f4-hal/stm32f4xx_hal_tim_ex.d" -MT"system/Src/stm32f4-hal/stm32f4xx_hal_tim_ex.o" -c -o "system/Src/stm32f4-hal/stm32f4xx_hal_tim_ex.o" "../system/Src/stm32f4-hal/stm32f4xx_hal_tim_ex.c"
Finished building: ../system/Src/stm32f4-hal/stm32f4xx_hal_tim_ex.c
 
Building file: ../system/Src/stm32f4-hal/stm32f4xx_hal_uart.c
Invoking: Cross ARM C Compiler
arm-none-eabi-gcc -mcpu=cortex-m4 -mthumb -mfloat-abi=soft -Og -fmessage-length=0 -fsigned-char -ffunction-sections -fdata-sections -ffreestanding -fno-move-loop-invariants -Wall -Wextra  -g3 -DDEBUG -DUSE_FULL_ASSERT -DSTM32F411xE -DUSE_HAL_DRIVER -DHSE_VALUE=96000000 -I"../Inc" -I"../system/Inc" -I"../system/Inc/cmsis" -I"../system/Inc/stm32f4-hal" -std=gnu11 -Wno-bad-function-cast -Wno-conversion -Wno-sign-conversion -Wno-unused-parameter -Wno-sign-compare -Wno-missing-prototypes -Wno-missing-declarations -MMD -MP -MF"system/Src/stm32f4-hal/stm32f4xx_hal_uart.d" -MT"system/Src/stm32f4-hal/stm32f4xx_hal_uart.o" -c -o "system/Src/stm32f4-hal/stm32f4xx_hal_uart.o" "../system/Src/stm32f4-hal/stm32f4xx_hal_uart.c"
Finished building: ../system/Src/stm32f4-hal/stm32f4xx_hal_uart.c
 
Building file: ../system/Src/stm32f4-hal/stm32f4xx_hal_usart.c
Invoking: Cross ARM C Compiler
arm-none-eabi-gcc -mcpu=cortex-m4 -mthumb -mfloat-abi=soft -Og -fmessage-length=0 -fsigned-char -ffunction-sections -fdata-sections -ffreestanding -fno-move-loop-invariants -Wall -Wextra  -g3 -DDEBUG -DUSE_FULL_ASSERT -DSTM32F411xE -DUSE_HAL_DRIVER -DHSE_VALUE=96000000 -I"../Inc" -I"../system/Inc" -I"../system/Inc/cmsis" -I"../system/Inc/stm32f4-hal" -std=gnu11 -Wno-bad-function-cast -Wno-conversion -Wno-sign-conversion -Wno-unused-parameter -Wno-sign-compare -Wno-missing-prototypes -Wno-missing-declarations -MMD -MP -MF"system/Src/stm32f4-hal/stm32f4xx_hal_usart.d" -MT"system/Src/stm32f4-hal/stm32f4xx_hal_usart.o" -c -o "system/Src/stm32f4-hal/stm32f4xx_hal_usart.o" "../system/Src/stm32f4-hal/stm32f4xx_hal_usart.c"
Finished building: ../system/Src/stm32f4-hal/stm32f4xx_hal_usart.c
 
Building file: ../system/Src/stm32f4-hal/stm32f4xx_hal_wwdg.c
Invoking: Cross ARM C Compiler
arm-none-eabi-gcc -mcpu=cortex-m4 -mthumb -mfloat-abi=soft -Og -fmessage-length=0 -fsigned-char -ffunction-sections -fdata-sections -ffreestanding -fno-move-loop-invariants -Wall -Wextra  -g3 -DDEBUG -DUSE_FULL_ASSERT -DSTM32F411xE -DUSE_HAL_DRIVER -DHSE_VALUE=96000000 -I"../Inc" -I"../system/Inc" -I"../system/Inc/cmsis" -I"../system/Inc/stm32f4-hal" -std=gnu11 -Wno-bad-function-cast -Wno-conversion -Wno-sign-conversion -Wno-unused-parameter -Wno-sign-compare -Wno-missing-prototypes -Wno-missing-declarations -MMD -MP -MF"system/Src/stm32f4-hal/stm32f4xx_hal_wwdg.d" -MT"system/Src/stm32f4-hal/stm32f4xx_hal_wwdg.o" -c -o "system/Src/stm32f4-hal/stm32f4xx_hal_wwdg.o" "../system/Src/stm32f4-hal/stm32f4xx_hal_wwdg.c"
Finished building: ../system/Src/stm32f4-hal/stm32f4xx_hal_wwdg.c
 
Building file: ../system/Src/stm32f4-hal/stm32f4xx_ll_fmc.c
Invoking: Cross ARM C Compiler
arm-none-eabi-gcc -mcpu=cortex-m4 -mthumb -mfloat-abi=soft -Og -fmessage-length=0 -fsigned-char -ffunction-sections -fdata-sections -ffreestanding -fno-move-loop-invariants -Wall -Wextra  -g3 -DDEBUG -DUSE_FULL_ASSERT -DSTM32F411xE -DUSE_HAL_DRIVER -DHSE_VALUE=96000000 -I"../Inc" -I"../system/Inc" -I"../system/Inc/cmsis" -I"../system/Inc/stm32f4-hal" -std=gnu11 -Wno-bad-function-cast -Wno-conversion -Wno-sign-conversion -Wno-unused-parameter -Wno-sign-compare -Wno-missing-prototypes -Wno-missing-declarations -MMD -MP -MF"system/Src/stm32f4-hal/stm32f4xx_ll_fmc.d" -MT"system/Src/stm32f4-hal/stm32f4xx_ll_fmc.o" -c -o "system/Src/stm32f4-hal/stm32f4xx_ll_fmc.o" "../system/Src/stm32f4-hal/stm32f4xx_ll_fmc.c"
Finished building: ../system/Src/stm32f4-hal/stm32f4xx_ll_fmc.c
 
Building file: ../system/Src/stm32f4-hal/stm32f4xx_ll_fsmc.c
Invoking: Cross ARM C Compiler
arm-none-eabi-gcc -mcpu=cortex-m4 -mthumb -mfloat-abi=soft -Og -fmessage-length=0 -fsigned-char -ffunction-sections -fdata-sections -ffreestanding -fno-move-loop-invariants -Wall -Wextra  -g3 -DDEBUG -DUSE_FULL_ASSERT -DSTM32F411xE -DUSE_HAL_DRIVER -DHSE_VALUE=96000000 -I"../Inc" -I"../system/Inc" -I"../system/Inc/cmsis" -I"../system/Inc/stm32f4-hal" -std=gnu11 -Wno-bad-function-cast -Wno-conversion -Wno-sign-conversion -Wno-unused-parameter -Wno-sign-compare -Wno-missing-prototypes -Wno-missing-declarations -MMD -MP -MF"system/Src/stm32f4-hal/stm32f4xx_ll_fsmc.d" -MT"system/Src/stm32f4-hal/stm32f4xx_ll_fsmc.o" -c -o "system/Src/stm32f4-hal/stm32f4xx_ll_fsmc.o" "../system/Src/stm32f4-hal/stm32f4xx_ll_fsmc.c"
Finished building: ../system/Src/stm32f4-hal/stm32f4xx_ll_fsmc.c
 
Building file: ../system/Src/stm32f4-hal/stm32f4xx_ll_sdmmc.c
Invoking: Cross ARM C Compiler
arm-none-eabi-gcc -mcpu=cortex-m4 -mthumb -mfloat-abi=soft -Og -fmessage-length=0 -fsigned-char -ffunction-sections -fdata-sections -ffreestanding -fno-move-loop-invariants -Wall -Wextra  -g3 -DDEBUG -DUSE_FULL_ASSERT -DSTM32F411xE -DUSE_HAL_DRIVER -DHSE_VALUE=96000000 -I"../Inc" -I"../system/Inc" -I"../system/Inc/cmsis" -I"../system/Inc/stm32f4-hal" -std=gnu11 -Wno-bad-function-cast -Wno-conversion -Wno-sign-conversion -Wno-unused-parameter -Wno-sign-compare -Wno-missing-prototypes -Wno-missing-declarations -MMD -MP -MF"system/Src/stm32f4-hal/stm32f4xx_ll_sdmmc.d" -MT"system/Src/stm32f4-hal/stm32f4xx_ll_sdmmc.o" -c -o "system/Src/stm32f4-hal/stm32f4xx_ll_sdmmc.o" "../system/Src/stm32f4-hal/stm32f4xx_ll_sdmmc.c"
Finished building: ../system/Src/stm32f4-hal/stm32f4xx_ll_sdmmc.c
 
Building file: ../system/Src/stm32f4-hal/stm32f4xx_ll_usb.c
Invoking: Cross ARM C Compiler
arm-none-eabi-gcc -mcpu=cortex-m4 -mthumb -mfloat-abi=soft -Og -fmessage-length=0 -fsigned-char -ffunction-sections -fdata-sections -ffreestanding -fno-move-loop-invariants -Wall -Wextra  -g3 -DDEBUG -DUSE_FULL_ASSERT -DSTM32F411xE -DUSE_HAL_DRIVER -DHSE_VALUE=96000000 -I"../Inc" -I"../system/Inc" -I"../system/Inc/cmsis" -I"../system/Inc/stm32f4-hal" -std=gnu11 -Wno-bad-function-cast -Wno-conversion -Wno-sign-conversion -Wno-unused-parameter -Wno-sign-compare -Wno-missing-prototypes -Wno-missing-declarations -MMD -MP -MF"system/Src/stm32f4-hal/stm32f4xx_ll_usb.d" -MT"system/Src/stm32f4-hal/stm32f4xx_ll_usb.o" -c -o "system/Src/stm32f4-hal/stm32f4xx_ll_usb.o" "../system/Src/stm32f4-hal/stm32f4xx_ll_usb.c"
Finished building: ../system/Src/stm32f4-hal/stm32f4xx_ll_usb.c
 
Building file: ../system/Src/newlib/_cxx.cpp
Invoking: Cross ARM C++ Compiler
arm-none-eabi-g++ -mcpu=cortex-m4 -mthumb -mfloat-abi=soft -Og -fmessage-length=0 -fsigned-char -ffunction-sections -fdata-sections -ffreestanding -fno-move-loop-invariants -Wall -Wextra  -g3 -DDEBUG -DUSE_FULL_ASSERT -DSTM32F411xE -DUSE_HAL_DRIVER -DHSE_VALUE=96000000 -I"../Inc" -I"../system/Inc" -I"../system/Inc/cmsis" -I"../system/Inc/stm32f4-hal" -std=gnu++11 -fabi-version=0 -fno-exceptions -fno-rtti -fno-use-cxa-atexit -fno-threadsafe-statics -MMD -MP -MF"system/Src/newlib/_cxx.d" -MT"system/Src/newlib/_cxx.o" -c -o "system/Src/newlib/_cxx.o" "../system/Src/newlib/_cxx.cpp"
Finished building: ../system/Src/newlib/_cxx.cpp
 
Building file: ../system/Src/newlib/_exit.c
Invoking: Cross ARM C Compiler
arm-none-eabi-gcc -mcpu=cortex-m4 -mthumb -mfloat-abi=soft -Og -fmessage-length=0 -fsigned-char -ffunction-sections -fdata-sections -ffreestanding -fno-move-loop-invariants -Wall -Wextra  -g3 -DDEBUG -DUSE_FULL_ASSERT -DSTM32F411xE -DUSE_HAL_DRIVER -DHSE_VALUE=96000000 -I"../Inc" -I"../system/Inc" -I"../system/Inc/cmsis" -I"../system/Inc/stm32f4-hal" -std=gnu11 -MMD -MP -MF"system/Src/newlib/_exit.d" -MT"system/Src/newlib/_exit.o" -c -o "system/Src/newlib/_exit.o" "../system/Src/newlib/_exit.c"
Finished building: ../system/Src/newlib/_exit.c
 
Building file: ../system/Src/newlib/_sbrk.c
Invoking: Cross ARM C Compiler
arm-none-eabi-gcc -mcpu=cortex-m4 -mthumb -mfloat-abi=soft -Og -fmessage-length=0 -fsigned-char -ffunction-sections -fdata-sections -ffreestanding -fno-move-loop-invariants -Wall -Wextra  -g3 -DDEBUG -DUSE_FULL_ASSERT -DSTM32F411xE -DUSE_HAL_DRIVER -DHSE_VALUE=96000000 -I"../Inc" -I"../system/Inc" -I"../system/Inc/cmsis" -I"../system/Inc/stm32f4-hal" -std=gnu11 -MMD -MP -MF"system/Src/newlib/_sbrk.d" -MT"system/Src/newlib/_sbrk.o" -c -o "system/Src/newlib/_sbrk.o" "../system/Src/newlib/_sbrk.c"
Finished building: ../system/Src/newlib/_sbrk.c
 
Building file: ../system/Src/newlib/_startup.c
Invoking: Cross ARM C Compiler
arm-none-eabi-gcc -mcpu=cortex-m4 -mthumb -mfloat-abi=soft -Og -fmessage-length=0 -fsigned-char -ffunction-sections -fdata-sections -ffreestanding -fno-move-loop-invariants -Wall -Wextra  -g3 -DDEBUG -DUSE_FULL_ASSERT -DSTM32F411xE -DUSE_HAL_DRIVER -DHSE_VALUE=96000000 -DOS_INCLUDE_STARTUP_INIT_MULTIPLE_RAM_SECTIONS -I"../Inc" -I"../system/Inc" -I"../system/Inc/cmsis" -I"../system/Inc/stm32f4-hal" -std=gnu11 -MMD -MP -MF"system/Src/newlib/_startup.d" -MT"system/Src/newlib/_startup.d" -c -o "system/Src/newlib/_startup.o" "../system/Src/newlib/_startup.c"
Finished building: ../system/Src/newlib/_startup.c
 
Building file: ../system/Src/newlib/_syscalls.c
Invoking: Cross ARM C Compiler
arm-none-eabi-gcc -mcpu=cortex-m4 -mthumb -mfloat-abi=soft -Og -fmessage-length=0 -fsigned-char -ffunction-sections -fdata-sections -ffreestanding -fno-move-loop-invariants -Wall -Wextra  -g3 -DDEBUG -DUSE_FULL_ASSERT -DSTM32F411xE -DUSE_HAL_DRIVER -DHSE_VALUE=96000000 -I"../Inc" -I"../system/Inc" -I"../system/Inc/cmsis" -I"../system/Inc/stm32f4-hal" -std=gnu11 -MMD -MP -MF"system/Src/newlib/_syscalls.d" -MT"system/Src/newlib/_syscalls.o" -c -o "system/Src/newlib/_syscalls.o" "../system/Src/newlib/_syscalls.c"
Finished building: ../system/Src/newlib/_syscalls.c
 
Building file: ../system/Src/newlib/assert.c
Invoking: Cross ARM C Compiler
arm-none-eabi-gcc -mcpu=cortex-m4 -mthumb -mfloat-abi=soft -Og -fmessage-length=0 -fsigned-char -ffunction-sections -fdata-sections -ffreestanding -fno-move-loop-invariants -Wall -Wextra  -g3 -DDEBUG -DUSE_FULL_ASSERT -DSTM32F411xE -DUSE_HAL_DRIVER -DHSE_VALUE=96000000 -I"../Inc" -I"../system/Inc" -I"../system/Inc/cmsis" -I"../system/Inc/stm32f4-hal" -std=gnu11 -MMD -MP -MF"system/Src/newlib/assert.d" -MT"system/Src/newlib/assert.o" -c -o "system/Src/newlib/assert.o" "../system/Src/newlib/assert.c"
Finished building: ../system/Src/newlib/assert.c
 
Building file: ../system/Src/diag/Trace.c
Invoking: Cross ARM C Compiler
arm-none-eabi-gcc -mcpu=cortex-m4 -mthumb -mfloat-abi=soft -Og -fmessage-length=0 -fsigned-char -ffunction-sections -fdata-sections -ffreestanding -fno-move-loop-invariants -Wall -Wextra  -g3 -DDEBUG -DUSE_FULL_ASSERT -DSTM32F411xE -DUSE_HAL_DRIVER -DHSE_VALUE=96000000 -I"../Inc" -I"../system/Inc" -I"../system/Inc/cmsis" -I"../system/Inc/stm32f4-hal" -std=gnu11 -MMD -MP -MF"system/Src/diag/Trace.d" -MT"system/Src/diag/Trace.o" -c -o "system/Src/diag/Trace.o" "../system/Src/diag/Trace.c"
Finished building: ../system/Src/diag/Trace.c
 
Building file: ../system/Src/diag/trace_impl.c
Invoking: Cross ARM C Compiler
arm-none-eabi-gcc -mcpu=cortex-m4 -mthumb -mfloat-abi=soft -Og -fmessage-length=0 -fsigned-char -ffunction-sections -fdata-sections -ffreestanding -fno-move-loop-invariants -Wall -Wextra  -g3 -DDEBUG -DUSE_FULL_ASSERT -DSTM32F411xE -DUSE_HAL_DRIVER -DHSE_VALUE=96000000 -I"../Inc" -I"../system/Inc" -I"../system/Inc/cmsis" -I"../system/Inc/stm32f4-hal" -std=gnu11 -MMD -MP -MF"system/Src/diag/trace_impl.d" -MT"system/Src/diag/trace_impl.o" -c -o "system/Src/diag/trace_impl.o" "../system/Src/diag/trace_impl.c"
Finished building: ../system/Src/diag/trace_impl.c
 
Building file: ../system/Src/cortexm/_initialize_hardware.c
Invoking: Cross ARM C Compiler
arm-none-eabi-gcc -mcpu=cortex-m4 -mthumb -mfloat-abi=soft -Og -fmessage-length=0 -fsigned-char -ffunction-sections -fdata-sections -ffreestanding -fno-move-loop-invariants -Wall -Wextra  -g3 -DDEBUG -DUSE_FULL_ASSERT -DSTM32F411xE -DUSE_HAL_DRIVER -DHSE_VALUE=96000000 -I"../Inc" -I"../system/Inc" -I"../system/Inc/cmsis" -I"../system/Inc/stm32f4-hal" -std=gnu11 -MMD -MP -MF"system/Src/cortexm/_initialize_hardware.d" -MT"system/Src/cortexm/_initialize_hardware.o" -c -o "system/Src/cortexm/_initialize_hardware.o" "../system/Src/cortexm/_initialize_hardware.c"
Finished building: ../system/Src/cortexm/_initialize_hardware.c
 
Building file: ../system/Src/cortexm/_reset_hardware.c
Invoking: Cross ARM C Compiler
arm-none-eabi-gcc -mcpu=cortex-m4 -mthumb -mfloat-abi=soft -Og -fmessage-length=0 -fsigned-char -ffunction-sections -fdata-sections -ffreestanding -fno-move-loop-invariants -Wall -Wextra  -g3 -DDEBUG -DUSE_FULL_ASSERT -DSTM32F411xE -DUSE_HAL_DRIVER -DHSE_VALUE=96000000 -I"../Inc" -I"../system/Inc" -I"../system/Inc/cmsis" -I"../system/Inc/stm32f4-hal" -std=gnu11 -MMD -MP -MF"system/Src/cortexm/_reset_hardware.d" -MT"system/Src/cortexm/_reset_hardware.o" -c -o "system/Src/cortexm/_reset_hardware.o" "../system/Src/cortexm/_reset_hardware.c"
Finished building: ../system/Src/cortexm/_reset_hardware.c
 
Building file: ../system/Src/cortexm/exception_handlers.c
Invoking: Cross ARM C Compiler
arm-none-eabi-gcc -mcpu=cortex-m4 -mthumb -mfloat-abi=soft -Og -fmessage-length=0 -fsigned-char -ffunction-sections -fdata-sections -ffreestanding -fno-move-loop-invariants -Wall -Wextra  -g3 -DDEBUG -DUSE_FULL_ASSERT -DSTM32F411xE -DUSE_HAL_DRIVER -DHSE_VALUE=96000000 -I"../Inc" -I"../system/Inc" -I"../system/Inc/cmsis" -I"../system/Inc/stm32f4-hal" -std=gnu11 -MMD -MP -MF"system/Src/cortexm/exception_handlers.d" -MT"system/Src/cortexm/exception_handlers.o" -c -o "system/Src/cortexm/exception_handlers.o" "../system/Src/cortexm/exception_handlers.c"
Finished building: ../system/Src/cortexm/exception_handlers.c
 
Building file: ../system/Src/cmsis/system_stm32f4xx.c
Invoking: Cross ARM C Compiler
arm-none-eabi-gcc -mcpu=cortex-m4 -mthumb -mfloat-abi=soft -Og -fmessage-length=0 -fsigned-char -ffunction-sections -fdata-sections -ffreestanding -fno-move-loop-invariants -Wall -Wextra  -g3 -DDEBUG -DUSE_FULL_ASSERT -DSTM32F411xE -DUSE_HAL_DRIVER -DHSE_VALUE=96000000 -I"../Inc" -I"../system/Inc" -I"../system/Inc/cmsis" -I"../system/Inc/stm32f4-hal" -std=gnu11 -MMD -MP -MF"system/Src/cmsis/system_stm32f4xx.d" -MT"system/Src/cmsis/system_stm32f4xx.o" -c -o "system/Src/cmsis/system_stm32f4xx.o" "../system/Src/cmsis/system_stm32f4xx.c"
Finished building: ../system/Src/cmsis/system_stm32f4xx.c
 
Building file: ../system/Src/cmsis/vectors_stm32f411xe.c
Invoking: Cross ARM C Compiler
arm-none-eabi-gcc -mcpu=cortex-m4 -mthumb -mfloat-abi=soft -Og -fmessage-length=0 -fsigned-char -ffunction-sections -fdata-sections -ffreestanding -fno-move-loop-invariants -Wall -Wextra  -g3 -DDEBUG -DUSE_FULL_ASSERT -DSTM32F411xE -DUSE_HAL_DRIVER -DHSE_VALUE=96000000 -I"../Inc" -I"../system/Inc" -I"../system/Inc/cmsis" -I"../system/Inc/stm32f4-hal" -std=gnu11 -MMD -MP -MF"system/Src/cmsis/vectors_stm32f411xe.d" -MT"system/Src/cmsis/vectors_stm32f411xe.o" -c -o "system/Src/cmsis/vectors_stm32f411xe.o" "../system/Src/cmsis/vectors_stm32f411xe.c"
Finished building: ../system/Src/cmsis/vectors_stm32f411xe.c
 
Building file: ../Src/main.c
Invoking: Cross ARM C Compiler
arm-none-eabi-gcc -mcpu=cortex-m4 -mthumb -mfloat-abi=soft -Og -fmessage-length=0 -fsigned-char -ffunction-sections -fdata-sections -ffreestanding -fno-move-loop-invariants -Wall -Wextra  -g3 -DDEBUG -DUSE_FULL_ASSERT -DSTM32F411xE -DUSE_HAL_DRIVER -DHSE_VALUE=96000000 -I"../Inc" -I"../system/Inc" -I"../system/Inc/cmsis" -I"../system/Inc/stm32f4-hal" -std=gnu11 -MMD -MP -MF"Src/main.d" -MT"Src/main.o" -c -o "Src/main.o" "../Src/main.c"
../Src/main.c: In function 'assert_failed':
../Src/main.c:332:29: warning: unused parameter 'file' [-Wunused-parameter]
 void assert_failed(uint8_t* file, uint32_t line)
                             ^
../Src/main.c:332:44: warning: unused parameter 'line' [-Wunused-parameter]
 void assert_failed(uint8_t* file, uint32_t line)
                                            ^
Finished building: ../Src/main.c
 
Building file: ../Src/stm32f4xx_hal_msp.c
Invoking: Cross ARM C Compiler
arm-none-eabi-gcc -mcpu=cortex-m4 -mthumb -mfloat-abi=soft -Og -fmessage-length=0 -fsigned-char -ffunction-sections -fdata-sections -ffreestanding -fno-move-loop-invariants -Wall -Wextra  -g3 -DDEBUG -DUSE_FULL_ASSERT -DSTM32F411xE -DUSE_HAL_DRIVER -DHSE_VALUE=96000000 -I"../Inc" -I"../system/Inc" -I"../system/Inc/cmsis" -I"../system/Inc/stm32f4-hal" -std=gnu11 -Wno-missing-prototypes -Wno-missing-declarations -MMD -MP -MF"Src/stm32f4xx_hal_msp.d" -MT"Src/stm32f4xx_hal_msp.d" -c -o "Src/stm32f4xx_hal_msp.o" "../Src/stm32f4xx_hal_msp.c"
Finished building: ../Src/stm32f4xx_hal_msp.c
 
Building file: ../Src/stm32f4xx_it.c
Invoking: Cross ARM C Compiler
arm-none-eabi-gcc -mcpu=cortex-m4 -mthumb -mfloat-abi=soft -Og -fmessage-length=0 -fsigned-char -ffunction-sections -fdata-sections -ffreestanding -fno-move-loop-invariants -Wall -Wextra  -g3 -DDEBUG -DUSE_FULL_ASSERT -DSTM32F411xE -DUSE_HAL_DRIVER -DHSE_VALUE=96000000 -I"../Inc" -I"../system/Inc" -I"../system/Inc/cmsis" -I"../system/Inc/stm32f4-hal" -std=gnu11 -MMD -MP -MF"Src/stm32f4xx_it.d" -MT"Src/stm32f4xx_it.o" -c -o "Src/stm32f4xx_it.o" "../Src/stm32f4xx_it.c"
Finished building: ../Src/stm32f4xx_it.c
 
Building target: testTimer.elf
Invoking: Cross ARM C++ Linker
arm-none-eabi-g++ -mcpu=cortex-m4 -mthumb -mfloat-abi=soft -Og -fmessage-length=0 -fsigned-char -ffunction-sections -fdata-sections -ffreestanding -fno-move-loop-invariants -Wall -Wextra  -g3 -T mem.ld -T libs.ld -T sections.ld -nostartfiles -Xlinker --gc-sections -L"../ldscripts" -Wl,-Map,"testTimer.map" --specs=nano.specs -o "testTimer.elf"  ./system/Src/stm32f4-hal/stm32f4xx_hal.o ./system/Src/stm32f4-hal/stm32f4xx_hal_adc.o ./system/Src/stm32f4-hal/stm32f4xx_hal_adc_ex.o ./system/Src/stm32f4-hal/stm32f4xx_hal_can.o ./system/Src/stm32f4-hal/stm32f4xx_hal_cec.o ./system/Src/stm32f4-hal/stm32f4xx_hal_cortex.o ./system/Src/stm32f4-hal/stm32f4xx_hal_crc.o ./system/Src/stm32f4-hal/stm32f4xx_hal_cryp.o ./system/Src/stm32f4-hal/stm32f4xx_hal_cryp_ex.o ./system/Src/stm32f4-hal/stm32f4xx_hal_dac.o ./system/Src/stm32f4-hal/stm32f4xx_hal_dac_ex.o ./system/Src/stm32f4-hal/stm32f4xx_hal_dcmi.o ./system/Src/stm32f4-hal/stm32f4xx_hal_dcmi_ex.o ./system/Src/stm32f4-hal/stm32f4xx_hal_dma.o ./system/Src/stm32f4-hal/stm32f4xx_hal_dma2d.o ./system/Src/stm32f4-hal/stm32f4xx_hal_dma_ex.o ./system/Src/stm32f4-hal/stm32f4xx_hal_dsi.o ./system/Src/stm32f4-hal/stm32f4xx_hal_eth.o ./system/Src/stm32f4-hal/stm32f4xx_hal_flash.o ./system/Src/stm32f4-hal/stm32f4xx_hal_flash_ex.o ./system/Src/stm32f4-hal/stm32f4xx_hal_flash_ramfunc.o ./system/Src/stm32f4-hal/stm32f4xx_hal_fmpi2c.o ./system/Src/stm32f4-hal/stm32f4xx_hal_fmpi2c_ex.o ./system/Src/stm32f4-hal/stm32f4xx_hal_gpio.o ./system/Src/stm32f4-hal/stm32f4xx_hal_hash.o ./system/Src/stm32f4-hal/stm32f4xx_hal_hash_ex.o ./system/Src/stm32f4-hal/stm32f4xx_hal_hcd.o ./system/Src/stm32f4-hal/stm32f4xx_hal_i2c.o ./system/Src/stm32f4-hal/stm32f4xx_hal_i2c_ex.o ./system/Src/stm32f4-hal/stm32f4xx_hal_i2s.o ./system/Src/stm32f4-hal/stm32f4xx_hal_i2s_ex.o ./system/Src/stm32f4-hal/stm32f4xx_hal_irda.o ./system/Src/stm32f4-hal/stm32f4xx_hal_iwdg.o ./system/Src/stm32f4-hal/stm32f4xx_hal_lptim.o ./system/Src/stm32f4-hal/stm32f4xx_hal_ltdc.o ./system/Src/stm32f4-hal/stm32f4xx_hal_ltdc_ex.o ./system/Src/stm32f4-hal/stm32f4xx_hal_nand.o ./system/Src/stm32f4-hal/stm32f4xx_hal_nor.o ./system/Src/stm32f4-hal/stm32f4xx_hal_pccard.o ./system/Src/stm32f4-hal/stm32f4xx_hal_pcd.o ./system/Src/stm32f4-hal/stm32f4xx_hal_pcd_ex.o ./system/Src/stm32f4-hal/stm32f4xx_hal_pwr.o ./system/Src/stm32f4-hal/stm32f4xx_hal_pwr_ex.o ./system/Src/stm32f4-hal/stm32f4xx_hal_qspi.o ./system/Src/stm32f4-hal/stm32f4xx_hal_rcc.o ./system/Src/stm32f4-hal/stm32f4xx_hal_rcc_ex.o ./system/Src/stm32f4-hal/stm32f4xx_hal_rng.o ./system/Src/stm32f4-hal/stm32f4xx_hal_rtc.o ./system/Src/stm32f4-hal/stm32f4xx_hal_rtc_ex.o ./system/Src/stm32f4-hal/stm32f4xx_hal_sai.o ./system/Src/stm32f4-hal/stm32f4xx_hal_sai_ex.o ./system/Src/stm32f4-hal/stm32f4xx_hal_sd.o ./system/Src/stm32f4-hal/stm32f4xx_hal_sdram.o ./system/Src/stm32f4-hal/stm32f4xx_hal_smartcard.o ./system/Src/stm32f4-hal/stm32f4xx_hal_spdifrx.o ./system/Src/stm32f4-hal/stm32f4xx_hal_spi.o ./system/Src/stm32f4-hal/stm32f4xx_hal_sram.o ./system/Src/stm32f4-hal/stm32f4xx_hal_tim.o ./system/Src/stm32f4-hal/stm32f4xx_hal_tim_ex.o ./system/Src/stm32f4-hal/stm32f4xx_hal_uart.o ./system/Src/stm32f4-hal/stm32f4xx_hal_usart.o ./system/Src/stm32f4-hal/stm32f4xx_hal_wwdg.o ./system/Src/stm32f4-hal/stm32f4xx_ll_fmc.o ./system/Src/stm32f4-hal/stm32f4xx_ll_fsmc.o ./system/Src/stm32f4-hal/stm32f4xx_ll_sdmmc.o ./system/Src/stm32f4-hal/stm32f4xx_ll_usb.o  ./system/Src/newlib/_cxx.o ./system/Src/newlib/_exit.o ./system/Src/newlib/_sbrk.o ./system/Src/newlib/_startup.o ./system/Src/newlib/_syscalls.o ./system/Src/newlib/assert.o  ./system/Src/diag/Trace.o ./system/Src/diag/trace_impl.o  ./system/Src/cortexm/_initialize_hardware.o ./system/Src/cortexm/_reset_hardware.o ./system/Src/cortexm/exception_handlers.o  ./system/Src/cmsis/system_stm32f4xx.o ./system/Src/cmsis/vectors_stm32f411xe.o  ./Src/main.o ./Src/stm32f4xx_hal_msp.o ./Src/stm32f4xx_it.o   
Finished building target: testTimer.elf
 
Invoking: Cross ARM GNU Create Flash Image
arm-none-eabi-objcopy -O ihex "testTimer.elf"  "testTimer.hex"
Finished building: testTimer.hex
 
Invoking: Cross ARM GNU Print Size
arm-none-eabi-size --format=berkeley "testTimer.elf"
   text	   data	    bss	    dec	    hex	filename
   7756	     60	    332	   8148	   1fd4	testTimer.elf
Finished building: testTimer.siz
 

14:18:57 Build Finished (took 25s.906ms)

